<?xml version="1.0"?>
<link_info>
   <banner>TMS320C6x Linker PC v7.4.4</banner>
   <copyright>Copyright (c) 1996-2013 Texas Instruments Incorporated</copyright>
   <link_time>0x5927f0b7</link_time>
   <output_file>dsp2lab5.out</output_file>
   <entry_point>
      <name>_c_int00</name>
      <address>0x4240</address>
   </entry_point>
   <input_file_list>
      <input_file id="fl-2">
         <path>.\</path>
         <kind>object</kind>
         <file>vectors11.obj</file>
         <name>vectors11.obj</name>
      </input_file>
      <input_file id="fl-3">
         <path>.\</path>
         <kind>object</kind>
         <file>main.obj</file>
         <name>main.obj</name>
      </input_file>
      <input_file id="fl-4">
         <path>.\</path>
         <kind>object</kind>
         <file>c6xdskinit_pcm.obj</file>
         <name>c6xdskinit_pcm.obj</name>
      </input_file>
      <input_file id="fl-5">
         <path>.\</path>
         <kind>object</kind>
         <file>bitrev_index.obj</file>
         <name>bitrev_index.obj</name>
      </input_file>
      <input_file id="fl-d">
         <path>..\</path>
         <kind>archive</kind>
         <file>dsp62x.lib</file>
         <name>bitrev_cpl.obj</name>
      </input_file>
      <input_file id="fl-e">
         <path>..\</path>
         <kind>archive</kind>
         <file>dsp62x.lib</file>
         <name>radix2.obj</name>
      </input_file>
      <input_file id="fl-f">
         <path>C:\Program Files\C6xCSL\lib_3x\</path>
         <kind>archive</kind>
         <file>csl6713.lib</file>
         <name>csl_irq.obj</name>
      </input_file>
      <input_file id="fl-10">
         <path>C:\DSK6713\c6000\dsk6713\lib\</path>
         <kind>archive</kind>
         <file>dsk6713bsl.lib</file>
         <name>dsk6713.obj</name>
      </input_file>
      <input_file id="fl-11">
         <path>C:\DSK6713\c6000\dsk6713\lib\</path>
         <kind>archive</kind>
         <file>dsk6713bsl.lib</file>
         <name>dsk6713_aic23_opencodec.obj</name>
      </input_file>
      <input_file id="fl-12">
         <path>C:\DSK6713\c6000\dsk6713\lib\</path>
         <kind>archive</kind>
         <file>dsk6713bsl.lib</file>
         <name>dsk6713_aic23_registers.obj</name>
      </input_file>
      <input_file id="fl-13">
         <path>C:\DSK6713\c6000\dsk6713\lib\</path>
         <kind>archive</kind>
         <file>dsk6713bsl.lib</file>
         <name>dsk6713_aic23_setfreq.obj</name>
      </input_file>
      <input_file id="fl-14">
         <path>C:\Users\GROUP1TEAM14\Downloads\</path>
         <kind>archive</kind>
         <file>rts6700.lib</file>
         <name>boot.obj</name>
      </input_file>
      <input_file id="fl-15">
         <path>C:\Users\GROUP1TEAM14\Downloads\</path>
         <kind>archive</kind>
         <file>rts6700.lib</file>
         <name>divi.obj</name>
      </input_file>
      <input_file id="fl-16">
         <path>C:\Users\GROUP1TEAM14\Downloads\</path>
         <kind>archive</kind>
         <file>rts6700.lib</file>
         <name>exit.obj</name>
      </input_file>
      <input_file id="fl-17">
         <path>C:\Users\GROUP1TEAM14\Downloads\</path>
         <kind>archive</kind>
         <file>rts6700.lib</file>
         <name>strasg.obj</name>
      </input_file>
      <input_file id="fl-18">
         <path>C:\Users\GROUP1TEAM14\Downloads\</path>
         <kind>archive</kind>
         <file>rts6700.lib</file>
         <name>cos.obj</name>
      </input_file>
      <input_file id="fl-19">
         <path>C:\Users\GROUP1TEAM14\Downloads\</path>
         <kind>archive</kind>
         <file>rts6700.lib</file>
         <name>divd.obj</name>
      </input_file>
      <input_file id="fl-1a">
         <path>C:\Users\GROUP1TEAM14\Downloads\</path>
         <kind>archive</kind>
         <file>rts6700.lib</file>
         <name>frcmpyd_div.obj</name>
      </input_file>
      <input_file id="fl-1b">
         <path>C:\Users\GROUP1TEAM14\Downloads\</path>
         <kind>archive</kind>
         <file>rts6700.lib</file>
         <name>modf.obj</name>
      </input_file>
      <input_file id="fl-1c">
         <path>C:\Users\GROUP1TEAM14\Downloads\</path>
         <kind>archive</kind>
         <file>rts6700.lib</file>
         <name>round.obj</name>
      </input_file>
      <input_file id="fl-1d">
         <path>C:\Users\GROUP1TEAM14\Downloads\</path>
         <kind>archive</kind>
         <file>rts6700.lib</file>
         <name>sin.obj</name>
      </input_file>
      <input_file id="fl-1e">
         <path>C:\Users\GROUP1TEAM14\Downloads\</path>
         <kind>archive</kind>
         <file>rts6700.lib</file>
         <name>trunc.obj</name>
      </input_file>
      <input_file id="fl-1f">
         <path>C:\Users\GROUP1TEAM14\Downloads\</path>
         <kind>archive</kind>
         <file>rts6700.lib</file>
         <name>_lock.obj</name>
      </input_file>
      <input_file id="fl-20">
         <path>C:\Users\GROUP1TEAM14\Downloads\</path>
         <kind>archive</kind>
         <file>rts6700.lib</file>
         <name>args_main.obj</name>
      </input_file>
      <input_file id="fl-21">
         <path>C:\Users\GROUP1TEAM14\Downloads\</path>
         <kind>archive</kind>
         <file>rts6700.lib</file>
         <name>autoinit.obj</name>
      </input_file>
      <input_file id="fl-22">
         <path>C:\Users\GROUP1TEAM14\Downloads\</path>
         <kind>archive</kind>
         <file>rts6700.lib</file>
         <name>cpy_tbl.obj</name>
      </input_file>
      <input_file id="fl-23">
         <path>C:\Users\GROUP1TEAM14\Downloads\</path>
         <kind>archive</kind>
         <file>rts6700.lib</file>
         <name>memcpy62.obj</name>
      </input_file>
      <input_file id="fl-24">
         <path>C:\Users\GROUP1TEAM14\Downloads\</path>
         <kind>archive</kind>
         <file>rts6700.lib</file>
         <name>mpyll.obj</name>
      </input_file>
      <input_file id="fl-25">
         <path>C:\Program Files\C6xCSL\lib_3x\</path>
         <kind>archive</kind>
         <file>csl6713.lib</file>
         <name>csl_mcbsp.obj</name>
      </input_file>
   </input_file_list>
   <object_component_list>
      <object_component id="oc-f">
         <name>vectors</name>
         <load_address>0x0</load_address>
         <run_address>0x0</run_address>
         <size>0x200</size>
         <input_file_ref idref="fl-2"/>
      </object_component>
      <object_component id="oc-27">
         <name>.cinit</name>
         <load_address>0x4c80</load_address>
         <run_address>0x4c80</run_address>
         <size>0x12c</size>
         <input_file_ref idref="fl-f"/>
      </object_component>
      <object_component id="oc-78">
         <name>.cinit</name>
         <load_address>0x4db0</load_address>
         <run_address>0x4db0</run_address>
         <size>0x54</size>
         <input_file_ref idref="fl-25"/>
      </object_component>
      <object_component id="oc-4c">
         <name>.cinit</name>
         <load_address>0x4e08</load_address>
         <run_address>0x4e08</run_address>
         <size>0x48</size>
         <input_file_ref idref="fl-18"/>
      </object_component>
      <object_component id="oc-5d">
         <name>.cinit</name>
         <load_address>0x4e50</load_address>
         <run_address>0x4e50</run_address>
         <size>0x48</size>
         <input_file_ref idref="fl-1d"/>
      </object_component>
      <object_component id="oc-35">
         <name>.cinit</name>
         <load_address>0x4e98</load_address>
         <run_address>0x4e98</run_address>
         <size>0x30</size>
         <input_file_ref idref="fl-12"/>
      </object_component>
      <object_component id="oc-14">
         <name>.cinit</name>
         <load_address>0x4ec8</load_address>
         <run_address>0x4ec8</run_address>
         <size>0x30</size>
         <input_file_ref idref="fl-3"/>
      </object_component>
      <object_component id="oc-44">
         <name>.cinit</name>
         <load_address>0x4ef8</load_address>
         <run_address>0x4ef8</run_address>
         <size>0x2c</size>
         <input_file_ref idref="fl-16"/>
      </object_component>
      <object_component id="oc-39">
         <name>.cinit</name>
         <load_address>0x4f28</load_address>
         <run_address>0x4f28</run_address>
         <size>0x28</size>
         <input_file_ref idref="fl-13"/>
      </object_component>
      <object_component id="oc-65">
         <name>.cinit</name>
         <load_address>0x4f50</load_address>
         <run_address>0x4f50</run_address>
         <size>0x1c</size>
         <input_file_ref idref="fl-1f"/>
      </object_component>
      <object_component id="oc-1b">
         <name>.cinit</name>
         <load_address>0x4f70</load_address>
         <run_address>0x4f70</run_address>
         <size>0x19</size>
         <input_file_ref idref="fl-4"/>
      </object_component>
      <object_component id="oc-8b">
         <name>.text:__divd</name>
         <load_address>0x220</load_address>
         <run_address>0x220</run_address>
         <size>0x7e0</size>
         <input_file_ref idref="fl-19"/>
      </object_component>
      <object_component id="oc-80">
         <name>.text</name>
         <load_address>0xa00</load_address>
         <run_address>0xa00</run_address>
         <size>0x740</size>
         <input_file_ref idref="fl-4"/>
      </object_component>
      <object_component id="oc-87">
         <name>.text</name>
         <load_address>0x1140</load_address>
         <run_address>0x1140</run_address>
         <size>0x4a0</size>
         <input_file_ref idref="fl-3"/>
      </object_component>
      <object_component id="oc-2c">
         <name>.text</name>
         <load_address>0x15e0</load_address>
         <run_address>0x15e0</run_address>
         <size>0x460</size>
         <input_file_ref idref="fl-10"/>
      </object_component>
      <object_component id="oc-8c">
         <name>.text:_cos</name>
         <load_address>0x1a40</load_address>
         <run_address>0x1a40</run_address>
         <size>0x380</size>
         <input_file_ref idref="fl-18"/>
      </object_component>
      <object_component id="oc-96">
         <name>.text:__frcmpyd_div</name>
         <load_address>0x1dc0</load_address>
         <run_address>0x1dc0</run_address>
         <size>0x340</size>
         <input_file_ref idref="fl-1a"/>
      </object_component>
      <object_component id="oc-8d">
         <name>.text:_sin</name>
         <load_address>0x2100</load_address>
         <run_address>0x2100</run_address>
         <size>0x320</size>
         <input_file_ref idref="fl-1d"/>
      </object_component>
      <object_component id="oc-25">
         <name>.text</name>
         <load_address>0x2420</load_address>
         <run_address>0x2420</run_address>
         <size>0x320</size>
         <input_file_ref idref="fl-e"/>
      </object_component>
      <object_component id="oc-30">
         <name>.text</name>
         <load_address>0x2740</load_address>
         <run_address>0x2740</run_address>
         <size>0x300</size>
         <input_file_ref idref="fl-11"/>
      </object_component>
      <object_component id="oc-16">
         <name>.text:retain</name>
         <load_address>0x2a40</load_address>
         <run_address>0x2a40</run_address>
         <size>0x2c0</size>
         <input_file_ref idref="fl-3"/>
      </object_component>
      <object_component id="oc-86">
         <name>.text:_memcpy</name>
         <load_address>0x2d00</load_address>
         <run_address>0x2d00</run_address>
         <size>0x240</size>
         <input_file_ref idref="fl-23"/>
      </object_component>
      <object_component id="oc-8e">
         <name>.text</name>
         <load_address>0x2f40</load_address>
         <run_address>0x2f40</run_address>
         <size>0x240</size>
         <input_file_ref idref="fl-5"/>
      </object_component>
      <object_component id="oc-91">
         <name>.text:_IRQ_map</name>
         <load_address>0x3180</load_address>
         <run_address>0x3180</run_address>
         <size>0x1c0</size>
         <input_file_ref idref="fl-f"/>
      </object_component>
      <object_component id="oc-8a">
         <name>.text:_MCBSP_reset</name>
         <load_address>0x3340</load_address>
         <run_address>0x3340</run_address>
         <size>0x1a0</size>
         <input_file_ref idref="fl-25"/>
      </object_component>
      <object_component id="oc-7d">
         <name>.text:__auto_init</name>
         <load_address>0x34e0</load_address>
         <run_address>0x34e0</run_address>
         <size>0x160</size>
         <input_file_ref idref="fl-21"/>
      </object_component>
      <object_component id="oc-24">
         <name>.text</name>
         <load_address>0x3640</load_address>
         <run_address>0x3640</run_address>
         <size>0x160</size>
         <input_file_ref idref="fl-d"/>
      </object_component>
      <object_component id="oc-34">
         <name>.text</name>
         <load_address>0x37a0</load_address>
         <run_address>0x37a0</run_address>
         <size>0x140</size>
         <input_file_ref idref="fl-12"/>
      </object_component>
      <object_component id="oc-9a">
         <name>.text:__divi</name>
         <load_address>0x38e0</load_address>
         <run_address>0x38e0</run_address>
         <size>0x120</size>
         <input_file_ref idref="fl-15"/>
      </object_component>
      <object_component id="oc-7f">
         <name>.text:_exit</name>
         <load_address>0x3a00</load_address>
         <run_address>0x3a00</run_address>
         <size>0x120</size>
         <input_file_ref idref="fl-16"/>
      </object_component>
      <object_component id="oc-82">
         <name>.text:_MCBSP_open</name>
         <load_address>0x3b20</load_address>
         <run_address>0x3b20</run_address>
         <size>0x100</size>
         <input_file_ref idref="fl-25"/>
      </object_component>
      <object_component id="oc-83">
         <name>.text:_MCBSP_start</name>
         <load_address>0x3c20</load_address>
         <run_address>0x3c20</run_address>
         <size>0x100</size>
         <input_file_ref idref="fl-25"/>
      </object_component>
      <object_component id="oc-81">
         <name>.text:__strasg</name>
         <load_address>0x3d20</load_address>
         <run_address>0x3d20</run_address>
         <size>0xe0</size>
         <input_file_ref idref="fl-17"/>
      </object_component>
      <object_component id="oc-98">
         <name>.text:__nround</name>
         <load_address>0x3e00</load_address>
         <run_address>0x3e00</run_address>
         <size>0xc0</size>
         <input_file_ref idref="fl-1c"/>
      </object_component>
      <object_component id="oc-85">
         <name>.text:_copy_in</name>
         <load_address>0x3ec0</load_address>
         <run_address>0x3ec0</run_address>
         <size>0xc0</size>
         <input_file_ref idref="fl-22"/>
      </object_component>
      <object_component id="oc-99">
         <name>.text:_modf</name>
         <load_address>0x3f80</load_address>
         <run_address>0x3f80</run_address>
         <size>0xc0</size>
         <input_file_ref idref="fl-1b"/>
      </object_component>
      <object_component id="oc-38">
         <name>.text</name>
         <load_address>0x4040</load_address>
         <run_address>0x4040</run_address>
         <size>0xc0</size>
         <input_file_ref idref="fl-13"/>
      </object_component>
      <object_component id="oc-9c">
         <name>.text:__mpyll</name>
         <load_address>0x4100</load_address>
         <run_address>0x4100</run_address>
         <size>0xa0</size>
         <input_file_ref idref="fl-24"/>
      </object_component>
      <object_component id="oc-9b">
         <name>.text:_setMux</name>
         <load_address>0x41a0</load_address>
         <run_address>0x41a0</run_address>
         <size>0xa0</size>
         <input_file_ref idref="fl-f"/>
      </object_component>
      <object_component id="oc-e">
         <name>.text:_c_int00</name>
         <load_address>0x4240</load_address>
         <run_address>0x4240</run_address>
         <size>0x80</size>
         <input_file_ref idref="fl-14"/>
      </object_component>
      <object_component id="oc-92">
         <name>.text:_IRQ_enable</name>
         <load_address>0x42c0</load_address>
         <run_address>0x42c0</run_address>
         <size>0x40</size>
         <input_file_ref idref="fl-f"/>
      </object_component>
      <object_component id="oc-94">
         <name>.text:___isnan</name>
         <load_address>0x4300</load_address>
         <run_address>0x4300</run_address>
         <size>0x40</size>
         <input_file_ref idref="fl-19"/>
      </object_component>
      <object_component id="oc-7e">
         <name>.text:__args_main</name>
         <load_address>0x4340</load_address>
         <run_address>0x4340</run_address>
         <size>0x40</size>
         <input_file_ref idref="fl-20"/>
      </object_component>
      <object_component id="oc-97">
         <name>.text:__trunc</name>
         <load_address>0x4380</load_address>
         <run_address>0x4380</run_address>
         <size>0x40</size>
         <input_file_ref idref="fl-1e"/>
      </object_component>
      <object_component id="oc-8f">
         <name>.text:_IRQ_globalDisable</name>
         <load_address>0x43c0</load_address>
         <run_address>0x43c0</run_address>
         <size>0x20</size>
         <input_file_ref idref="fl-f"/>
      </object_component>
      <object_component id="oc-93">
         <name>.text:_IRQ_globalEnable</name>
         <load_address>0x43e0</load_address>
         <run_address>0x43e0</run_address>
         <size>0x20</size>
         <input_file_ref idref="fl-f"/>
      </object_component>
      <object_component id="oc-90">
         <name>.text:_IRQ_nmiEnable</name>
         <load_address>0x4400</load_address>
         <run_address>0x4400</run_address>
         <size>0x20</size>
         <input_file_ref idref="fl-f"/>
      </object_component>
      <object_component id="oc-84">
         <name>.text:__nop</name>
         <load_address>0x4420</load_address>
         <run_address>0x4420</run_address>
         <size>0x20</size>
         <input_file_ref idref="fl-1f"/>
      </object_component>
      <object_component id="oc-88">
         <name>.text:_abort</name>
         <load_address>0x4440</load_address>
         <run_address>0x4440</run_address>
         <size>0x20</size>
         <input_file_ref idref="fl-16"/>
      </object_component>
      <object_component id="oc-26">
         <name>.text</name>
         <load_address>0x4460</load_address>
         <run_address>0x4460</run_address>
         <size>0x20</size>
         <input_file_ref idref="fl-f"/>
      </object_component>
      <object_component id="oc-3d">
         <name>.stack</name>
         <uninitialized>true</uninitialized>
         <run_address>0x4480</run_address>
         <size>0x8</size>
         <input_file_ref idref="fl-14"/>
      </object_component>
      <object_component id="oc-b4">
         <name>.stack</name>
         <uninitialized>true</uninitialized>
         <run_address>0x4480</run_address>
         <size>0x0</size>
      </object_component>
      <object_component id="oc-32">
         <name>.const</name>
         <load_address>0x4f94</load_address>
         <run_address>0x4f94</run_address>
         <size>0x40</size>
         <input_file_ref idref="fl-11"/>
      </object_component>
      <object_component id="oc-2e">
         <name>.const</name>
         <load_address>0x4fd4</load_address>
         <run_address>0x4fd4</run_address>
         <size>0x20</size>
         <input_file_ref idref="fl-10"/>
      </object_component>
      <object_component id="oc-95">
         <name>.const:.string:_initial_approx$1</name>
         <load_address>0x4ff4</load_address>
         <run_address>0x4ff4</run_address>
         <size>0x8</size>
         <input_file_ref idref="fl-19"/>
      </object_component>
      <object_component id="oc-15">
         <name>.far</name>
         <uninitialized>true</uninitialized>
         <run_address>0x80000000</run_address>
         <size>0x354</size>
         <input_file_ref idref="fl-3"/>
      </object_component>
      <object_component id="oc-1c">
         <name>.far</name>
         <uninitialized>true</uninitialized>
         <run_address>0x80000548</run_address>
         <size>0xc</size>
         <input_file_ref idref="fl-4"/>
      </object_component>
      <object_component id="oc-28">
         <name>.far</name>
         <uninitialized>true</uninitialized>
         <run_address>0x80000354</run_address>
         <size>0xf4</size>
         <input_file_ref idref="fl-f"/>
      </object_component>
      <object_component id="oc-2d">
         <name>.far</name>
         <uninitialized>true</uninitialized>
         <run_address>0x80000570</run_address>
         <size>0x2</size>
         <input_file_ref idref="fl-10"/>
      </object_component>
      <object_component id="oc-31">
         <name>.far</name>
         <uninitialized>true</uninitialized>
         <run_address>0x80000560</run_address>
         <size>0x8</size>
         <input_file_ref idref="fl-11"/>
      </object_component>
      <object_component id="oc-36">
         <name>.far</name>
         <uninitialized>true</uninitialized>
         <run_address>0x80000500</run_address>
         <size>0x28</size>
         <input_file_ref idref="fl-12"/>
      </object_component>
      <object_component id="oc-3a">
         <name>.far</name>
         <uninitialized>true</uninitialized>
         <run_address>0x80000528</run_address>
         <size>0x20</size>
         <input_file_ref idref="fl-13"/>
      </object_component>
      <object_component id="oc-45">
         <name>.far</name>
         <uninitialized>true</uninitialized>
         <run_address>0x80000554</run_address>
         <size>0xc</size>
         <input_file_ref idref="fl-16"/>
      </object_component>
      <object_component id="oc-4d">
         <name>.far</name>
         <uninitialized>true</uninitialized>
         <run_address>0x80000448</run_address>
         <size>0x40</size>
         <input_file_ref idref="fl-18"/>
      </object_component>
      <object_component id="oc-5e">
         <name>.far</name>
         <uninitialized>true</uninitialized>
         <run_address>0x80000488</run_address>
         <size>0x40</size>
         <input_file_ref idref="fl-1d"/>
      </object_component>
      <object_component id="oc-66">
         <name>.far</name>
         <uninitialized>true</uninitialized>
         <run_address>0x80000568</run_address>
         <size>0x8</size>
         <input_file_ref idref="fl-1f"/>
      </object_component>
      <object_component id="oc-79">
         <name>.far</name>
         <uninitialized>true</uninitialized>
         <run_address>0x800004c8</run_address>
         <size>0x38</size>
         <input_file_ref idref="fl-25"/>
      </object_component>
      <object_component id="oc-89">
         <name>.switch:_config_Interrupt_Selector</name>
         <load_address>0x4ffc</load_address>
         <run_address>0x4ffc</run_address>
         <size>0x30</size>
         <input_file_ref idref="fl-4"/>
      </object_component>
      <object_component id="oc-10">
         <name>.debug_info</name>
         <load_address>0x0</load_address>
         <run_address>0x0</run_address>
         <size>0xcb</size>
         <input_file_ref idref="fl-2"/>
      </object_component>
      <object_component id="oc-13">
         <name>.debug_info</name>
         <load_address>0xcb</load_address>
         <run_address>0xcb</run_address>
         <size>0xeea</size>
         <input_file_ref idref="fl-3"/>
      </object_component>
      <object_component id="oc-1a">
         <name>.debug_info</name>
         <load_address>0xfb5</load_address>
         <run_address>0xfb5</run_address>
         <size>0x14df</size>
         <input_file_ref idref="fl-4"/>
      </object_component>
      <object_component id="oc-20">
         <name>.debug_info</name>
         <load_address>0x2494</load_address>
         <run_address>0x2494</run_address>
         <size>0x887</size>
         <input_file_ref idref="fl-5"/>
      </object_component>
      <object_component id="oc-2a">
         <name>.debug_info</name>
         <load_address>0x2d1b</load_address>
         <run_address>0x2d1b</run_address>
         <size>0xc2b</size>
         <input_file_ref idref="fl-f"/>
      </object_component>
      <object_component id="oc-3c">
         <name>.debug_info</name>
         <load_address>0x3946</load_address>
         <run_address>0x3946</run_address>
         <size>0x719</size>
         <input_file_ref idref="fl-14"/>
      </object_component>
      <object_component id="oc-40">
         <name>.debug_info</name>
         <load_address>0x405f</load_address>
         <run_address>0x405f</run_address>
         <size>0xfc</size>
         <input_file_ref idref="fl-15"/>
      </object_component>
      <object_component id="oc-43">
         <name>.debug_info</name>
         <load_address>0x415b</load_address>
         <run_address>0x415b</run_address>
         <size>0x899</size>
         <input_file_ref idref="fl-16"/>
      </object_component>
      <object_component id="oc-48">
         <name>.debug_info</name>
         <load_address>0x49f4</load_address>
         <run_address>0x49f4</run_address>
         <size>0x102</size>
         <input_file_ref idref="fl-17"/>
      </object_component>
      <object_component id="oc-4b">
         <name>.debug_info</name>
         <load_address>0x4af6</load_address>
         <run_address>0x4af6</run_address>
         <size>0x7ac</size>
         <input_file_ref idref="fl-18"/>
      </object_component>
      <object_component id="oc-50">
         <name>.debug_info</name>
         <load_address>0x52a2</load_address>
         <run_address>0x52a2</run_address>
         <size>0xafe</size>
         <input_file_ref idref="fl-19"/>
      </object_component>
      <object_component id="oc-53">
         <name>.debug_info</name>
         <load_address>0x5da0</load_address>
         <run_address>0x5da0</run_address>
         <size>0x6f4</size>
         <input_file_ref idref="fl-1a"/>
      </object_component>
      <object_component id="oc-56">
         <name>.debug_info</name>
         <load_address>0x6494</load_address>
         <run_address>0x6494</run_address>
         <size>0x6cf</size>
         <input_file_ref idref="fl-1b"/>
      </object_component>
      <object_component id="oc-59">
         <name>.debug_info</name>
         <load_address>0x6b63</load_address>
         <run_address>0x6b63</run_address>
         <size>0x6a2</size>
         <input_file_ref idref="fl-1c"/>
      </object_component>
      <object_component id="oc-5c">
         <name>.debug_info</name>
         <load_address>0x7205</load_address>
         <run_address>0x7205</run_address>
         <size>0x7ac</size>
         <input_file_ref idref="fl-1d"/>
      </object_component>
      <object_component id="oc-61">
         <name>.debug_info</name>
         <load_address>0x79b1</load_address>
         <run_address>0x79b1</run_address>
         <size>0x6a0</size>
         <input_file_ref idref="fl-1e"/>
      </object_component>
      <object_component id="oc-64">
         <name>.debug_info</name>
         <load_address>0x8051</load_address>
         <run_address>0x8051</run_address>
         <size>0x689</size>
         <input_file_ref idref="fl-1f"/>
      </object_component>
      <object_component id="oc-69">
         <name>.debug_info</name>
         <load_address>0x86da</load_address>
         <run_address>0x86da</run_address>
         <size>0x71e</size>
         <input_file_ref idref="fl-20"/>
      </object_component>
      <object_component id="oc-6c">
         <name>.debug_info</name>
         <load_address>0x8df8</load_address>
         <run_address>0x8df8</run_address>
         <size>0x9a0</size>
         <input_file_ref idref="fl-21"/>
      </object_component>
      <object_component id="oc-6f">
         <name>.debug_info</name>
         <load_address>0x9798</load_address>
         <run_address>0x9798</run_address>
         <size>0x848</size>
         <input_file_ref idref="fl-22"/>
      </object_component>
      <object_component id="oc-72">
         <name>.debug_info</name>
         <load_address>0x9fe0</load_address>
         <run_address>0x9fe0</run_address>
         <size>0x836</size>
         <input_file_ref idref="fl-23"/>
      </object_component>
      <object_component id="oc-75">
         <name>.debug_info</name>
         <load_address>0xa816</load_address>
         <run_address>0xa816</run_address>
         <size>0x6e5</size>
         <input_file_ref idref="fl-24"/>
      </object_component>
      <object_component id="oc-7b">
         <name>.debug_info</name>
         <load_address>0xaefb</load_address>
         <run_address>0xaefb</run_address>
         <size>0xac3</size>
         <input_file_ref idref="fl-25"/>
      </object_component>
      <object_component id="oc-b5">
         <name>.debug_info</name>
         <load_address>0xb9be</load_address>
         <run_address>0xb9be</run_address>
         <size>0x6d</size>
      </object_component>
      <object_component id="oc-11">
         <name>.debug_line</name>
         <load_address>0x0</load_address>
         <run_address>0x0</run_address>
         <size>0xbb</size>
         <input_file_ref idref="fl-2"/>
      </object_component>
      <object_component id="oc-18">
         <name>.debug_line</name>
         <load_address>0xbb</load_address>
         <run_address>0xbb</run_address>
         <size>0xea</size>
         <input_file_ref idref="fl-3"/>
      </object_component>
      <object_component id="oc-1e">
         <name>.debug_line</name>
         <load_address>0x1a5</load_address>
         <run_address>0x1a5</run_address>
         <size>0x2ed</size>
         <input_file_ref idref="fl-4"/>
      </object_component>
      <object_component id="oc-22">
         <name>.debug_line</name>
         <load_address>0x492</load_address>
         <run_address>0x492</run_address>
         <size>0x82</size>
         <input_file_ref idref="fl-5"/>
      </object_component>
      <object_component id="oc-2b">
         <name>.debug_line</name>
         <load_address>0x514</load_address>
         <run_address>0x514</run_address>
         <size>0xf4</size>
         <input_file_ref idref="fl-f"/>
      </object_component>
      <object_component id="oc-3e">
         <name>.debug_line</name>
         <load_address>0x608</load_address>
         <run_address>0x608</run_address>
         <size>0x3f</size>
         <input_file_ref idref="fl-14"/>
      </object_component>
      <object_component id="oc-41">
         <name>.debug_line</name>
         <load_address>0x647</load_address>
         <run_address>0x647</run_address>
         <size>0x47</size>
         <input_file_ref idref="fl-15"/>
      </object_component>
      <object_component id="oc-46">
         <name>.debug_line</name>
         <load_address>0x68e</load_address>
         <run_address>0x68e</run_address>
         <size>0x51</size>
         <input_file_ref idref="fl-16"/>
      </object_component>
      <object_component id="oc-49">
         <name>.debug_line</name>
         <load_address>0x6df</load_address>
         <run_address>0x6df</run_address>
         <size>0x4a</size>
         <input_file_ref idref="fl-17"/>
      </object_component>
      <object_component id="oc-4e">
         <name>.debug_line</name>
         <load_address>0x729</load_address>
         <run_address>0x729</run_address>
         <size>0x6e</size>
         <input_file_ref idref="fl-18"/>
      </object_component>
      <object_component id="oc-51">
         <name>.debug_line</name>
         <load_address>0x797</load_address>
         <run_address>0x797</run_address>
         <size>0x9f</size>
         <input_file_ref idref="fl-19"/>
      </object_component>
      <object_component id="oc-54">
         <name>.debug_line</name>
         <load_address>0x836</load_address>
         <run_address>0x836</run_address>
         <size>0x50</size>
         <input_file_ref idref="fl-1a"/>
      </object_component>
      <object_component id="oc-57">
         <name>.debug_line</name>
         <load_address>0x886</load_address>
         <run_address>0x886</run_address>
         <size>0x44</size>
         <input_file_ref idref="fl-1b"/>
      </object_component>
      <object_component id="oc-5a">
         <name>.debug_line</name>
         <load_address>0x8ca</load_address>
         <run_address>0x8ca</run_address>
         <size>0x45</size>
         <input_file_ref idref="fl-1c"/>
      </object_component>
      <object_component id="oc-5f">
         <name>.debug_line</name>
         <load_address>0x90f</load_address>
         <run_address>0x90f</run_address>
         <size>0x6e</size>
         <input_file_ref idref="fl-1d"/>
      </object_component>
      <object_component id="oc-62">
         <name>.debug_line</name>
         <load_address>0x97d</load_address>
         <run_address>0x97d</run_address>
         <size>0x45</size>
         <input_file_ref idref="fl-1e"/>
      </object_component>
      <object_component id="oc-67">
         <name>.debug_line</name>
         <load_address>0x9c2</load_address>
         <run_address>0x9c2</run_address>
         <size>0x3d</size>
         <input_file_ref idref="fl-1f"/>
      </object_component>
      <object_component id="oc-6a">
         <name>.debug_line</name>
         <load_address>0x9ff</load_address>
         <run_address>0x9ff</run_address>
         <size>0x48</size>
         <input_file_ref idref="fl-20"/>
      </object_component>
      <object_component id="oc-6d">
         <name>.debug_line</name>
         <load_address>0xa47</load_address>
         <run_address>0xa47</run_address>
         <size>0x4b</size>
         <input_file_ref idref="fl-21"/>
      </object_component>
      <object_component id="oc-70">
         <name>.debug_line</name>
         <load_address>0xa92</load_address>
         <run_address>0xa92</run_address>
         <size>0x46</size>
         <input_file_ref idref="fl-22"/>
      </object_component>
      <object_component id="oc-73">
         <name>.debug_line</name>
         <load_address>0xad8</load_address>
         <run_address>0xad8</run_address>
         <size>0x4e</size>
         <input_file_ref idref="fl-23"/>
      </object_component>
      <object_component id="oc-76">
         <name>.debug_line</name>
         <load_address>0xb26</load_address>
         <run_address>0xb26</run_address>
         <size>0x3f</size>
         <input_file_ref idref="fl-24"/>
      </object_component>
      <object_component id="oc-7c">
         <name>.debug_line</name>
         <load_address>0xb65</load_address>
         <run_address>0xb65</run_address>
         <size>0xbf</size>
         <input_file_ref idref="fl-25"/>
      </object_component>
      <object_component id="oc-12">
         <name>.debug_abbrev</name>
         <load_address>0x0</load_address>
         <run_address>0x0</run_address>
         <size>0x20</size>
         <input_file_ref idref="fl-2"/>
      </object_component>
      <object_component id="oc-19">
         <name>.debug_abbrev</name>
         <load_address>0x20</load_address>
         <run_address>0x20</run_address>
         <size>0x167</size>
         <input_file_ref idref="fl-3"/>
      </object_component>
      <object_component id="oc-1f">
         <name>.debug_abbrev</name>
         <load_address>0x187</load_address>
         <run_address>0x187</run_address>
         <size>0x15d</size>
         <input_file_ref idref="fl-4"/>
      </object_component>
      <object_component id="oc-23">
         <name>.debug_abbrev</name>
         <load_address>0x2e4</load_address>
         <run_address>0x2e4</run_address>
         <size>0xb9</size>
         <input_file_ref idref="fl-5"/>
      </object_component>
      <object_component id="oc-29">
         <name>.debug_abbrev</name>
         <load_address>0x39d</load_address>
         <run_address>0x39d</run_address>
         <size>0x1b7</size>
         <input_file_ref idref="fl-f"/>
      </object_component>
      <object_component id="oc-3f">
         <name>.debug_abbrev</name>
         <load_address>0x554</load_address>
         <run_address>0x554</run_address>
         <size>0xe7</size>
         <input_file_ref idref="fl-14"/>
      </object_component>
      <object_component id="oc-42">
         <name>.debug_abbrev</name>
         <load_address>0x63b</load_address>
         <run_address>0x63b</run_address>
         <size>0x3a</size>
         <input_file_ref idref="fl-15"/>
      </object_component>
      <object_component id="oc-47">
         <name>.debug_abbrev</name>
         <load_address>0x675</load_address>
         <run_address>0x675</run_address>
         <size>0x119</size>
         <input_file_ref idref="fl-16"/>
      </object_component>
      <object_component id="oc-4a">
         <name>.debug_abbrev</name>
         <load_address>0x78e</load_address>
         <run_address>0x78e</run_address>
         <size>0x3a</size>
         <input_file_ref idref="fl-17"/>
      </object_component>
      <object_component id="oc-4f">
         <name>.debug_abbrev</name>
         <load_address>0x7c8</load_address>
         <run_address>0x7c8</run_address>
         <size>0xcc</size>
         <input_file_ref idref="fl-18"/>
      </object_component>
      <object_component id="oc-52">
         <name>.debug_abbrev</name>
         <load_address>0x894</load_address>
         <run_address>0x894</run_address>
         <size>0x146</size>
         <input_file_ref idref="fl-19"/>
      </object_component>
      <object_component id="oc-55">
         <name>.debug_abbrev</name>
         <load_address>0x9da</load_address>
         <run_address>0x9da</run_address>
         <size>0x9a</size>
         <input_file_ref idref="fl-1a"/>
      </object_component>
      <object_component id="oc-58">
         <name>.debug_abbrev</name>
         <load_address>0xa74</load_address>
         <run_address>0xa74</run_address>
         <size>0xa1</size>
         <input_file_ref idref="fl-1b"/>
      </object_component>
      <object_component id="oc-5b">
         <name>.debug_abbrev</name>
         <load_address>0xb15</load_address>
         <run_address>0xb15</run_address>
         <size>0xaf</size>
         <input_file_ref idref="fl-1c"/>
      </object_component>
      <object_component id="oc-60">
         <name>.debug_abbrev</name>
         <load_address>0xbc4</load_address>
         <run_address>0xbc4</run_address>
         <size>0xcc</size>
         <input_file_ref idref="fl-1d"/>
      </object_component>
      <object_component id="oc-63">
         <name>.debug_abbrev</name>
         <load_address>0xc90</load_address>
         <run_address>0xc90</run_address>
         <size>0xaf</size>
         <input_file_ref idref="fl-1e"/>
      </object_component>
      <object_component id="oc-68">
         <name>.debug_abbrev</name>
         <load_address>0xd3f</load_address>
         <run_address>0xd3f</run_address>
         <size>0x9f</size>
         <input_file_ref idref="fl-1f"/>
      </object_component>
      <object_component id="oc-6b">
         <name>.debug_abbrev</name>
         <load_address>0xdde</load_address>
         <run_address>0xdde</run_address>
         <size>0xe1</size>
         <input_file_ref idref="fl-20"/>
      </object_component>
      <object_component id="oc-6e">
         <name>.debug_abbrev</name>
         <load_address>0xebf</load_address>
         <run_address>0xebf</run_address>
         <size>0x155</size>
         <input_file_ref idref="fl-21"/>
      </object_component>
      <object_component id="oc-71">
         <name>.debug_abbrev</name>
         <load_address>0x1014</load_address>
         <run_address>0x1014</run_address>
         <size>0x10c</size>
         <input_file_ref idref="fl-22"/>
      </object_component>
      <object_component id="oc-74">
         <name>.debug_abbrev</name>
         <load_address>0x1120</load_address>
         <run_address>0x1120</run_address>
         <size>0xd5</size>
         <input_file_ref idref="fl-23"/>
      </object_component>
      <object_component id="oc-77">
         <name>.debug_abbrev</name>
         <load_address>0x11f5</load_address>
         <run_address>0x11f5</run_address>
         <size>0xa3</size>
         <input_file_ref idref="fl-24"/>
      </object_component>
      <object_component id="oc-7a">
         <name>.debug_abbrev</name>
         <load_address>0x1298</load_address>
         <run_address>0x1298</run_address>
         <size>0x1a3</size>
         <input_file_ref idref="fl-25"/>
      </object_component>
      <object_component id="oc-b6">
         <name>.debug_abbrev</name>
         <load_address>0x143b</load_address>
         <run_address>0x143b</run_address>
         <size>0xd</size>
      </object_component>
      <object_component id="oc-17">
         <name>.debug_frame</name>
         <load_address>0x0</load_address>
         <run_address>0x0</run_address>
         <size>0x318</size>
         <input_file_ref idref="fl-3"/>
      </object_component>
      <object_component id="oc-1d">
         <name>.debug_frame</name>
         <load_address>0x318</load_address>
         <run_address>0x318</run_address>
         <size>0x453</size>
         <input_file_ref idref="fl-4"/>
      </object_component>
      <object_component id="oc-21">
         <name>.debug_frame</name>
         <load_address>0x76b</load_address>
         <run_address>0x76b</run_address>
         <size>0x25e</size>
         <input_file_ref idref="fl-5"/>
      </object_component>
      <object_component id="oc-2f">
         <name>$BRID</name>
         <load_address>0x0</load_address>
         <run_address>0x0</run_address>
         <size>0x54</size>
         <input_file_ref idref="fl-10"/>
      </object_component>
      <object_component id="oc-33">
         <name>$BRID</name>
         <load_address>0x54</load_address>
         <run_address>0x54</run_address>
         <size>0x24</size>
         <input_file_ref idref="fl-11"/>
      </object_component>
      <object_component id="oc-37">
         <name>$BRID</name>
         <load_address>0x78</load_address>
         <run_address>0x78</run_address>
         <size>0x14</size>
         <input_file_ref idref="fl-12"/>
      </object_component>
      <object_component id="oc-3b">
         <name>$BRID</name>
         <load_address>0x8c</load_address>
         <run_address>0x8c</run_address>
         <size>0xc</size>
         <input_file_ref idref="fl-13"/>
      </object_component>
   </object_component_list>
   <logical_group_list>
      <logical_group id="lg-2">
         <name>vectors</name>
         <load_address>0x0</load_address>
         <run_address>0x0</run_address>
         <size>0x200</size>
         <contents>
            <object_component_ref idref="oc-f"/>
         </contents>
      </logical_group>
      <logical_group id="lg-3">
         <name>.cinit</name>
         <load_address>0x4c80</load_address>
         <run_address>0x4c80</run_address>
         <size>0x314</size>
         <contents>
            <object_component_ref idref="oc-27"/>
            <object_component_ref idref="oc-78"/>
            <object_component_ref idref="oc-4c"/>
            <object_component_ref idref="oc-5d"/>
            <object_component_ref idref="oc-35"/>
            <object_component_ref idref="oc-14"/>
            <object_component_ref idref="oc-44"/>
            <object_component_ref idref="oc-39"/>
            <object_component_ref idref="oc-65"/>
            <object_component_ref idref="oc-1b"/>
         </contents>
      </logical_group>
      <logical_group id="lg-4">
         <name>.text</name>
         <load_address>0x220</load_address>
         <run_address>0x220</run_address>
         <size>0x4260</size>
         <contents>
            <object_component_ref idref="oc-8b"/>
            <object_component_ref idref="oc-80"/>
            <object_component_ref idref="oc-87"/>
            <object_component_ref idref="oc-2c"/>
            <object_component_ref idref="oc-8c"/>
            <object_component_ref idref="oc-96"/>
            <object_component_ref idref="oc-8d"/>
            <object_component_ref idref="oc-25"/>
            <object_component_ref idref="oc-30"/>
            <object_component_ref idref="oc-16"/>
            <object_component_ref idref="oc-86"/>
            <object_component_ref idref="oc-8e"/>
            <object_component_ref idref="oc-91"/>
            <object_component_ref idref="oc-8a"/>
            <object_component_ref idref="oc-7d"/>
            <object_component_ref idref="oc-24"/>
            <object_component_ref idref="oc-34"/>
            <object_component_ref idref="oc-9a"/>
            <object_component_ref idref="oc-7f"/>
            <object_component_ref idref="oc-82"/>
            <object_component_ref idref="oc-83"/>
            <object_component_ref idref="oc-81"/>
            <object_component_ref idref="oc-98"/>
            <object_component_ref idref="oc-85"/>
            <object_component_ref idref="oc-99"/>
            <object_component_ref idref="oc-38"/>
            <object_component_ref idref="oc-9c"/>
            <object_component_ref idref="oc-9b"/>
            <object_component_ref idref="oc-e"/>
            <object_component_ref idref="oc-92"/>
            <object_component_ref idref="oc-94"/>
            <object_component_ref idref="oc-7e"/>
            <object_component_ref idref="oc-97"/>
            <object_component_ref idref="oc-8f"/>
            <object_component_ref idref="oc-93"/>
            <object_component_ref idref="oc-90"/>
            <object_component_ref idref="oc-84"/>
            <object_component_ref idref="oc-88"/>
            <object_component_ref idref="oc-26"/>
         </contents>
      </logical_group>
      <logical_group id="lg-5">
         <name>.stack</name>
         <run_address>0x4480</run_address>
         <size>0x800</size>
         <contents>
            <object_component_ref idref="oc-3d"/>
            <object_component_ref idref="oc-b4"/>
         </contents>
      </logical_group>
      <logical_group id="lg-6">
         <name>.bss</name>
         <run_address>0x220</run_address>
         <size>0x0</size>
         <contents>
         </contents>
      </logical_group>
      <logical_group id="lg-7">
         <name>.const</name>
         <load_address>0x4f94</load_address>
         <run_address>0x4f94</run_address>
         <size>0x68</size>
         <contents>
            <object_component_ref idref="oc-32"/>
            <object_component_ref idref="oc-2e"/>
            <object_component_ref idref="oc-95"/>
         </contents>
      </logical_group>
      <logical_group id="lg-8">
         <name>.data</name>
         <run_address>0x220</run_address>
         <size>0x0</size>
         <contents>
         </contents>
      </logical_group>
      <logical_group id="lg-9">
         <name>.far</name>
         <run_address>0x80000000</run_address>
         <size>0x572</size>
         <contents>
            <object_component_ref idref="oc-15"/>
            <object_component_ref idref="oc-1c"/>
            <object_component_ref idref="oc-28"/>
            <object_component_ref idref="oc-2d"/>
            <object_component_ref idref="oc-31"/>
            <object_component_ref idref="oc-36"/>
            <object_component_ref idref="oc-3a"/>
            <object_component_ref idref="oc-45"/>
            <object_component_ref idref="oc-4d"/>
            <object_component_ref idref="oc-5e"/>
            <object_component_ref idref="oc-66"/>
            <object_component_ref idref="oc-79"/>
         </contents>
      </logical_group>
      <logical_group id="lg-a">
         <name>.switch</name>
         <load_address>0x4ffc</load_address>
         <run_address>0x4ffc</run_address>
         <size>0x30</size>
         <contents>
            <object_component_ref idref="oc-89"/>
         </contents>
      </logical_group>
      <logical_group id="lg-b">
         <name>.sysmem</name>
         <run_address>0x0</run_address>
         <size>0x0</size>
         <contents>
         </contents>
      </logical_group>
      <logical_group id="lg-c">
         <name>.tables</name>
         <run_address>0x0</run_address>
         <size>0x0</size>
         <contents>
         </contents>
      </logical_group>
      <logical_group id="lg-d">
         <name>.cio</name>
         <run_address>0x0</run_address>
         <size>0x0</size>
         <contents>
         </contents>
      </logical_group>
      <logical_group id="lg-a9">
         <name>.debug_info</name>
         <load_address>0x0</load_address>
         <run_address>0x0</run_address>
         <size>0xba2b</size>
         <contents>
            <object_component_ref idref="oc-10"/>
            <object_component_ref idref="oc-13"/>
            <object_component_ref idref="oc-1a"/>
            <object_component_ref idref="oc-20"/>
            <object_component_ref idref="oc-2a"/>
            <object_component_ref idref="oc-3c"/>
            <object_component_ref idref="oc-40"/>
            <object_component_ref idref="oc-43"/>
            <object_component_ref idref="oc-48"/>
            <object_component_ref idref="oc-4b"/>
            <object_component_ref idref="oc-50"/>
            <object_component_ref idref="oc-53"/>
            <object_component_ref idref="oc-56"/>
            <object_component_ref idref="oc-59"/>
            <object_component_ref idref="oc-5c"/>
            <object_component_ref idref="oc-61"/>
            <object_component_ref idref="oc-64"/>
            <object_component_ref idref="oc-69"/>
            <object_component_ref idref="oc-6c"/>
            <object_component_ref idref="oc-6f"/>
            <object_component_ref idref="oc-72"/>
            <object_component_ref idref="oc-75"/>
            <object_component_ref idref="oc-7b"/>
            <object_component_ref idref="oc-b5"/>
         </contents>
      </logical_group>
      <logical_group id="lg-ab">
         <name>.debug_line</name>
         <load_address>0x0</load_address>
         <run_address>0x0</run_address>
         <size>0xc24</size>
         <contents>
            <object_component_ref idref="oc-11"/>
            <object_component_ref idref="oc-18"/>
            <object_component_ref idref="oc-1e"/>
            <object_component_ref idref="oc-22"/>
            <object_component_ref idref="oc-2b"/>
            <object_component_ref idref="oc-3e"/>
            <object_component_ref idref="oc-41"/>
            <object_component_ref idref="oc-46"/>
            <object_component_ref idref="oc-49"/>
            <object_component_ref idref="oc-4e"/>
            <object_component_ref idref="oc-51"/>
            <object_component_ref idref="oc-54"/>
            <object_component_ref idref="oc-57"/>
            <object_component_ref idref="oc-5a"/>
            <object_component_ref idref="oc-5f"/>
            <object_component_ref idref="oc-62"/>
            <object_component_ref idref="oc-67"/>
            <object_component_ref idref="oc-6a"/>
            <object_component_ref idref="oc-6d"/>
            <object_component_ref idref="oc-70"/>
            <object_component_ref idref="oc-73"/>
            <object_component_ref idref="oc-76"/>
            <object_component_ref idref="oc-7c"/>
         </contents>
      </logical_group>
      <logical_group id="lg-ad">
         <name>.debug_abbrev</name>
         <load_address>0x0</load_address>
         <run_address>0x0</run_address>
         <size>0x1448</size>
         <contents>
            <object_component_ref idref="oc-12"/>
            <object_component_ref idref="oc-19"/>
            <object_component_ref idref="oc-1f"/>
            <object_component_ref idref="oc-23"/>
            <object_component_ref idref="oc-29"/>
            <object_component_ref idref="oc-3f"/>
            <object_component_ref idref="oc-42"/>
            <object_component_ref idref="oc-47"/>
            <object_component_ref idref="oc-4a"/>
            <object_component_ref idref="oc-4f"/>
            <object_component_ref idref="oc-52"/>
            <object_component_ref idref="oc-55"/>
            <object_component_ref idref="oc-58"/>
            <object_component_ref idref="oc-5b"/>
            <object_component_ref idref="oc-60"/>
            <object_component_ref idref="oc-63"/>
            <object_component_ref idref="oc-68"/>
            <object_component_ref idref="oc-6b"/>
            <object_component_ref idref="oc-6e"/>
            <object_component_ref idref="oc-71"/>
            <object_component_ref idref="oc-74"/>
            <object_component_ref idref="oc-77"/>
            <object_component_ref idref="oc-7a"/>
            <object_component_ref idref="oc-b6"/>
         </contents>
      </logical_group>
      <logical_group id="lg-af">
         <name>.debug_frame</name>
         <load_address>0x0</load_address>
         <run_address>0x0</run_address>
         <size>0x9c9</size>
         <contents>
            <object_component_ref idref="oc-17"/>
            <object_component_ref idref="oc-1d"/>
            <object_component_ref idref="oc-21"/>
         </contents>
      </logical_group>
      <logical_group id="lg-b1">
         <name>$BRID</name>
         <load_address>0x0</load_address>
         <run_address>0x0</run_address>
         <size>0x98</size>
         <contents>
            <object_component_ref idref="oc-2f"/>
            <object_component_ref idref="oc-33"/>
            <object_component_ref idref="oc-37"/>
            <object_component_ref idref="oc-3b"/>
         </contents>
      </logical_group>
   </logical_group_list>
   <placement_map>
      <memory_area>
         <name>vecs</name>
         <page_id>0x0</page_id>
         <origin>0x0</origin>
         <length>0x220</length>
         <used_space>0x200</used_space>
         <unused_space>0x20</unused_space>
         <attributes>RWIX</attributes>
         <usage_details>
            <allocated_space>
               <start_address>0x0</start_address>
               <size>0x200</size>
               <logical_group_ref idref="lg-2"/>
            </allocated_space>
            <available_space>
               <start_address>0x200</start_address>
               <size>0x20</size>
            </available_space>
         </usage_details>
      </memory_area>
      <memory_area>
         <name>IRAM</name>
         <page_id>0x0</page_id>
         <origin>0x220</origin>
         <length>0xffe0</length>
         <used_space>0x4e0c</used_space>
         <unused_space>0xb1d4</unused_space>
         <attributes>RWIX</attributes>
         <usage_details>
            <allocated_space>
               <start_address>0x220</start_address>
               <size>0x0</size>
               <logical_group_ref idref="lg-8"/>
            </allocated_space>
            <allocated_space>
               <start_address>0x220</start_address>
               <size>0x0</size>
               <logical_group_ref idref="lg-6"/>
            </allocated_space>
            <allocated_space>
               <start_address>0x220</start_address>
               <size>0x4260</size>
               <logical_group_ref idref="lg-4"/>
            </allocated_space>
            <allocated_space>
               <start_address>0x4480</start_address>
               <size>0x800</size>
               <logical_group_ref idref="lg-5"/>
            </allocated_space>
            <allocated_space>
               <start_address>0x4c80</start_address>
               <size>0x314</size>
               <logical_group_ref idref="lg-3"/>
            </allocated_space>
            <allocated_space>
               <start_address>0x4f94</start_address>
               <size>0x68</size>
               <logical_group_ref idref="lg-7"/>
            </allocated_space>
            <allocated_space>
               <start_address>0x4ffc</start_address>
               <size>0x30</size>
               <logical_group_ref idref="lg-a"/>
            </allocated_space>
            <available_space>
               <start_address>0x502c</start_address>
               <size>0xb1d4</size>
            </available_space>
         </usage_details>
      </memory_area>
      <memory_area>
         <name>CE0</name>
         <page_id>0x0</page_id>
         <origin>0x80000000</origin>
         <length>0x1000000</length>
         <used_space>0x572</used_space>
         <unused_space>0xfffa8e</unused_space>
         <attributes>RWIX</attributes>
         <usage_details>
            <allocated_space>
               <start_address>0x80000000</start_address>
               <size>0x572</size>
               <logical_group_ref idref="lg-9"/>
            </allocated_space>
            <available_space>
               <start_address>0x80000572</start_address>
               <size>0xfffa8e</size>
            </available_space>
         </usage_details>
      </memory_area>
   </placement_map>
   <symbol_table>
      <symbol id="sm-0">
         <name>cinit</name>
         <value>0x4c80</value>
      </symbol>
      <symbol id="sm-1">
         <name>___cinit__</name>
         <value>0x4c80</value>
      </symbol>
      <symbol id="sm-2">
         <name>pinit</name>
         <value>0xffffffff</value>
      </symbol>
      <symbol id="sm-3">
         <name>___pinit__</name>
         <value>0xffffffff</value>
      </symbol>
      <symbol id="sm-4">
         <name>binit</name>
         <value>0xffffffff</value>
      </symbol>
      <symbol id="sm-5">
         <name>___binit__</name>
         <value>0xffffffff</value>
      </symbol>
      <symbol id="sm-6">
         <name>__STACK_SIZE</name>
         <value>0x800</value>
      </symbol>
      <symbol id="sm-7">
         <name>__STACK_END</name>
         <value>0x4c80</value>
      </symbol>
      <symbol id="sm-8">
         <name>___c_args__</name>
         <value>0xffffffff</value>
      </symbol>
      <symbol id="sm-9">
         <name>.text</name>
         <value>0x220</value>
      </symbol>
      <symbol id="sm-a">
         <name>___text__</name>
         <value>0x220</value>
      </symbol>
      <symbol id="sm-b">
         <name>etext</name>
         <value>0x4480</value>
      </symbol>
      <symbol id="sm-c">
         <name>___etext__</name>
         <value>0x4480</value>
      </symbol>
      <symbol id="sm-d">
         <name>.data</name>
         <value>0x220</value>
      </symbol>
      <symbol id="sm-e">
         <name>___data__</name>
         <value>0x220</value>
      </symbol>
      <symbol id="sm-f">
         <name>edata</name>
         <value>0x220</value>
      </symbol>
      <symbol id="sm-10">
         <name>___edata__</name>
         <value>0x220</value>
      </symbol>
      <symbol id="sm-11">
         <name>.bss</name>
         <value>0x220</value>
      </symbol>
      <symbol id="sm-12">
         <name>___bss__</name>
         <value>0x220</value>
      </symbol>
      <symbol id="sm-13">
         <name>end</name>
         <value>0x220</value>
      </symbol>
      <symbol id="sm-14">
         <name>___end__</name>
         <value>0x220</value>
      </symbol>
      <symbol id="sm-15">
         <name>___TI_pprof_out_hndl</name>
         <value>0xffffffff</value>
      </symbol>
      <symbol id="sm-16">
         <name>___TI_prof_data_start</name>
         <value>0xffffffff</value>
      </symbol>
      <symbol id="sm-17">
         <name>___TI_prof_data_size</name>
         <value>0xffffffff</value>
      </symbol>
      <symbol id="sm-18">
         <name>$bss</name>
         <value>0x220</value>
      </symbol>
      <symbol id="sm-8c">
         <name>_main</name>
         <value>0x12ac</value>
         <object_component_ref idref="oc-87"/>
      </symbol>
      <symbol id="sm-8d">
         <name>_sum_Xk_square</name>
         <value>0x800001b8</value>
         <object_component_ref idref="oc-15"/>
      </symbol>
      <symbol id="sm-8e">
         <name>_real</name>
         <value>0x80000238</value>
         <object_component_ref idref="oc-15"/>
      </symbol>
      <symbol id="sm-8f">
         <name>_count_in</name>
         <value>0x80000034</value>
         <object_component_ref idref="oc-15"/>
      </symbol>
      <symbol id="sm-90">
         <name>_buffer_fft_input</name>
         <value>0x80000038</value>
         <object_component_ref idref="oc-15"/>
      </symbol>
      <symbol id="sm-91">
         <name>_ham64</name>
         <value>0x800002d4</value>
         <object_component_ref idref="oc-15"/>
      </symbol>
      <symbol id="sm-92">
         <name>_fft_coef</name>
         <value>0x1140</value>
         <object_component_ref idref="oc-87"/>
      </symbol>
      <symbol id="sm-93">
         <name>_imag</name>
         <value>0x8000023a</value>
         <object_component_ref idref="oc-15"/>
      </symbol>
      <symbol id="sm-94">
         <name>_index</name>
         <value>0x8000023c</value>
         <object_component_ref idref="oc-15"/>
      </symbol>
      <symbol id="sm-95">
         <name>_serial_port_rcv_isr</name>
         <value>0x2a40</value>
         <object_component_ref idref="oc-16"/>
      </symbol>
      <symbol id="sm-96">
         <name>_fft_enable</name>
         <value>0x8000002c</value>
         <object_component_ref idref="oc-15"/>
      </symbol>
      <symbol id="sm-97">
         <name>_buffer_in</name>
         <value>0x8000024c</value>
         <object_component_ref idref="oc-15"/>
      </symbol>
      <symbol id="sm-98">
         <name>_w</name>
         <value>0x80000138</value>
         <object_component_ref idref="oc-15"/>
      </symbol>
      <symbol id="sm-99">
         <name>_k</name>
         <value>0x80000030</value>
         <object_component_ref idref="oc-15"/>
      </symbol>
      <symbol id="sm-9a">
         <name>_i</name>
         <value>0x800002d0</value>
         <object_component_ref idref="oc-15"/>
      </symbol>
      <symbol id="sm-9b">
         <name>_input</name>
         <value>0x800002cc</value>
         <object_component_ref idref="oc-15"/>
      </symbol>
      <symbol id="sm-9c">
         <name>_init_hw_interrupts</name>
         <value>0x153c</value>
         <object_component_ref idref="oc-87"/>
      </symbol>
      <symbol id="sm-d2">
         <name>_enableNMI</name>
         <value>0xa18</value>
         <object_component_ref idref="oc-80"/>
      </symbol>
      <symbol id="sm-d3">
         <name>_comm_poll</name>
         <value>0xeb8</value>
         <object_component_ref idref="oc-80"/>
      </symbol>
      <symbol id="sm-d4">
         <name>_output_left_sample</name>
         <value>0x1050</value>
         <object_component_ref idref="oc-80"/>
      </symbol>
      <symbol id="sm-d5">
         <name>_polling</name>
         <value>0x8000054c</value>
         <object_component_ref idref="oc-1c"/>
      </symbol>
      <symbol id="sm-d6">
         <name>_comm_intr</name>
         <value>0xeec</value>
         <object_component_ref idref="oc-80"/>
      </symbol>
      <symbol id="sm-d7">
         <name>_input_left_sample</name>
         <value>0xf68</value>
         <object_component_ref idref="oc-80"/>
      </symbol>
      <symbol id="sm-d8">
         <name>_c6x11_dsk_init</name>
         <value>0xe5c</value>
         <object_component_ref idref="oc-80"/>
      </symbol>
      <symbol id="sm-d9">
         <name>_output_sample</name>
         <value>0x1028</value>
         <object_component_ref idref="oc-80"/>
      </symbol>
      <symbol id="sm-da">
         <name>_output_leftright_sample</name>
         <value>0x10f4</value>
         <object_component_ref idref="oc-80"/>
      </symbol>
      <symbol id="sm-db">
         <name>_mcbsp1_activate</name>
         <value>0x111c</value>
         <object_component_ref idref="oc-80"/>
      </symbol>
      <symbol id="sm-dc">
         <name>_mcbsp1_init</name>
         <value>0xcd0</value>
         <object_component_ref idref="oc-80"/>
      </symbol>
      <symbol id="sm-dd">
         <name>_input_right_sample</name>
         <value>0xfa8</value>
         <object_component_ref idref="oc-80"/>
      </symbol>
      <symbol id="sm-de">
         <name>_enableSpecificINT</name>
         <value>0xa30</value>
         <object_component_ref idref="oc-80"/>
      </symbol>
      <symbol id="sm-df">
         <name>_enableGlobalINT</name>
         <value>0xa00</value>
         <object_component_ref idref="oc-80"/>
      </symbol>
      <symbol id="sm-e0">
         <name>_config_Interrupt_Selector</name>
         <value>0xa6c</value>
         <object_component_ref idref="oc-80"/>
      </symbol>
      <symbol id="sm-e1">
         <name>_mcbsp1_read</name>
         <value>0xd58</value>
         <object_component_ref idref="oc-80"/>
      </symbol>
      <symbol id="sm-e2">
         <name>_mcbsp1_write</name>
         <value>0xde4</value>
         <object_component_ref idref="oc-80"/>
      </symbol>
      <symbol id="sm-e3">
         <name>_Act_Fs</name>
         <value>0x80000548</value>
         <object_component_ref idref="oc-1c"/>
      </symbol>
      <symbol id="sm-e4">
         <name>_input_leftright_sample</name>
         <value>0xfe8</value>
         <object_component_ref idref="oc-80"/>
      </symbol>
      <symbol id="sm-e5">
         <name>_mcbspData</name>
         <value>0x80000550</value>
         <object_component_ref idref="oc-1c"/>
      </symbol>
      <symbol id="sm-e6">
         <name>_input_sample</name>
         <value>0xf44</value>
         <object_component_ref idref="oc-80"/>
      </symbol>
      <symbol id="sm-e7">
         <name>_output_right_sample</name>
         <value>0x10a8</value>
         <object_component_ref idref="oc-80"/>
      </symbol>
      <symbol id="sm-102">
         <name>_bitrev_index</name>
         <value>0x2f40</value>
         <object_component_ref idref="oc-8e"/>
      </symbol>
      <symbol id="sm-106">
         <name>_DSP_bitrev_cplx</name>
         <value>0x3640</value>
         <object_component_ref idref="oc-24"/>
      </symbol>
      <symbol id="sm-10a">
         <name>_DSP_radix2</name>
         <value>0x2420</value>
         <object_component_ref idref="oc-25"/>
      </symbol>
      <symbol id="sm-124">
         <name>__IRQ_eventTable</name>
         <value>0x8000037c</value>
         <object_component_ref idref="oc-28"/>
      </symbol>
      <symbol id="sm-125">
         <name>_IRQ_nmiEnable</name>
         <value>0x4400</value>
         <object_component_ref idref="oc-90"/>
      </symbol>
      <symbol id="sm-126">
         <name>__IRQ_intTable</name>
         <value>0x80000400</value>
         <object_component_ref idref="oc-28"/>
      </symbol>
      <symbol id="sm-127">
         <name>_IRQ_globalEnable</name>
         <value>0x43e0</value>
         <object_component_ref idref="oc-93"/>
      </symbol>
      <symbol id="sm-128">
         <name>_IRQ_globalDisable</name>
         <value>0x43c0</value>
         <object_component_ref idref="oc-8f"/>
      </symbol>
      <symbol id="sm-129">
         <name>_IRQ_map</name>
         <value>0x3180</value>
         <object_component_ref idref="oc-91"/>
      </symbol>
      <symbol id="sm-12a">
         <name>_IRQ_enable</name>
         <value>0x42c0</value>
         <object_component_ref idref="oc-92"/>
      </symbol>
      <symbol id="sm-12b">
         <name>__IRQ_dispatchTable</name>
         <value>0x80000440</value>
         <object_component_ref idref="oc-28"/>
      </symbol>
      <symbol id="sm-12c">
         <name>__IRQ_hookFetchPacket</name>
         <value>0x4460</value>
         <object_component_ref idref="oc-26"/>
      </symbol>
      <symbol id="sm-136">
         <name>_DSK6713_init</name>
         <value>0x1610</value>
         <object_component_ref idref="oc-2c"/>
      </symbol>
      <symbol id="sm-137">
         <name>_DSK6713_version</name>
         <value>0x80000570</value>
         <object_component_ref idref="oc-2d"/>
      </symbol>
      <symbol id="sm-138">
         <name>_DSK6713_rget</name>
         <value>0x1910</value>
         <object_component_ref idref="oc-2c"/>
      </symbol>
      <symbol id="sm-139">
         <name>_DSK6713_wait</name>
         <value>0x1938</value>
         <object_component_ref idref="oc-2c"/>
      </symbol>
      <symbol id="sm-13a">
         <name>_DSK6713_rset</name>
         <value>0x1924</value>
         <object_component_ref idref="oc-2c"/>
      </symbol>
      <symbol id="sm-13b">
         <name>_DSK6713_waitusec</name>
         <value>0x198c</value>
         <object_component_ref idref="oc-2c"/>
      </symbol>
      <symbol id="sm-13c">
         <name>_DSK6713_getVersion</name>
         <value>0x19b8</value>
         <object_component_ref idref="oc-2c"/>
      </symbol>
      <symbol id="sm-146">
         <name>_DSK6713_AIC23_codeccontrolhandle</name>
         <value>0x80000560</value>
         <object_component_ref idref="oc-31"/>
      </symbol>
      <symbol id="sm-147">
         <name>_DSK6713_AIC23_codecdatahandle</name>
         <value>0x80000564</value>
         <object_component_ref idref="oc-31"/>
      </symbol>
      <symbol id="sm-148">
         <name>_DSK6713_AIC23_openCodec</name>
         <value>0x2740</value>
         <object_component_ref idref="oc-30"/>
      </symbol>
      <symbol id="sm-152">
         <name>_DSK6713_AIC23_config</name>
         <value>0x3860</value>
         <object_component_ref idref="oc-34"/>
      </symbol>
      <symbol id="sm-153">
         <name>_DSK6713_AIC23_rget</name>
         <value>0x383c</value>
         <object_component_ref idref="oc-34"/>
      </symbol>
      <symbol id="sm-154">
         <name>_DSK6713_AIC23_rset</name>
         <value>0x37a0</value>
         <object_component_ref idref="oc-34"/>
      </symbol>
      <symbol id="sm-15e">
         <name>_DSK6713_AIC23_setFreq</name>
         <value>0x4040</value>
         <object_component_ref idref="oc-38"/>
      </symbol>
      <symbol id="sm-16a">
         <name>_c_int00</name>
         <value>0x4240</value>
         <object_component_ref idref="oc-e"/>
      </symbol>
      <symbol id="sm-16b">
         <name>__stack</name>
         <value>0x4480</value>
         <object_component_ref idref="oc-3d"/>
      </symbol>
      <symbol id="sm-173">
         <name>__c6xabi_divi</name>
         <value>0x38e0</value>
         <object_component_ref idref="oc-9a"/>
      </symbol>
      <symbol id="sm-174">
         <name>__divi</name>
         <value>0x38e0</value>
         <object_component_ref idref="oc-9a"/>
      </symbol>
      <symbol id="sm-184">
         <name>C$$EXIT</name>
         <value>0x4440</value>
         <object_component_ref idref="oc-88"/>
      </symbol>
      <symbol id="sm-185">
         <name>_exit</name>
         <value>0x3a00</value>
         <object_component_ref idref="oc-7f"/>
      </symbol>
      <symbol id="sm-186">
         <name>___TI_enable_exit_profile_output</name>
         <value>0x8000055c</value>
         <object_component_ref idref="oc-45"/>
      </symbol>
      <symbol id="sm-187">
         <name>_abort</name>
         <value>0x4440</value>
         <object_component_ref idref="oc-88"/>
      </symbol>
      <symbol id="sm-188">
         <name>__cleanup_ptr</name>
         <value>0x80000554</value>
         <object_component_ref idref="oc-45"/>
      </symbol>
      <symbol id="sm-189">
         <name>__dtors_ptr</name>
         <value>0x80000558</value>
         <object_component_ref idref="oc-45"/>
      </symbol>
      <symbol id="sm-191">
         <name>__strasg</name>
         <value>0x3d20</value>
         <object_component_ref idref="oc-81"/>
      </symbol>
      <symbol id="sm-19f">
         <name>_cos</name>
         <value>0x1a40</value>
         <object_component_ref idref="oc-8c"/>
      </symbol>
      <symbol id="sm-1ad">
         <name>__divd</name>
         <value>0x220</value>
         <object_component_ref idref="oc-8b"/>
      </symbol>
      <symbol id="sm-1b7">
         <name>__frcmpyd_div</name>
         <value>0x1dc0</value>
         <object_component_ref idref="oc-96"/>
      </symbol>
      <symbol id="sm-1c1">
         <name>_modf</name>
         <value>0x3f80</value>
         <object_component_ref idref="oc-99"/>
      </symbol>
      <symbol id="sm-1cb">
         <name>__nround</name>
         <value>0x3e00</value>
         <object_component_ref idref="oc-98"/>
      </symbol>
      <symbol id="sm-1d9">
         <name>_sin</name>
         <value>0x2100</value>
         <object_component_ref idref="oc-8d"/>
      </symbol>
      <symbol id="sm-1e3">
         <name>__trunc</name>
         <value>0x4380</value>
         <object_component_ref idref="oc-97"/>
      </symbol>
      <symbol id="sm-1f1">
         <name>__unlock</name>
         <value>0x8000056c</value>
         <object_component_ref idref="oc-66"/>
      </symbol>
      <symbol id="sm-1f2">
         <name>__lock</name>
         <value>0x80000568</value>
         <object_component_ref idref="oc-66"/>
      </symbol>
      <symbol id="sm-1f3">
         <name>__nop</name>
         <value>0x4420</value>
         <object_component_ref idref="oc-84"/>
      </symbol>
      <symbol id="sm-1fd">
         <name>__args_main</name>
         <value>0x4340</value>
         <object_component_ref idref="oc-7e"/>
      </symbol>
      <symbol id="sm-1fe">
         <name>__TI_args_main</name>
         <value>0x1</value>
      </symbol>
      <symbol id="sm-208">
         <name>__auto_init</name>
         <value>0x34e0</value>
         <object_component_ref idref="oc-7d"/>
      </symbol>
      <symbol id="sm-212">
         <name>_copy_in</name>
         <value>0x3ec0</value>
         <object_component_ref idref="oc-85"/>
      </symbol>
      <symbol id="sm-21c">
         <name>_memcpy</name>
         <value>0x2d00</value>
         <object_component_ref idref="oc-86"/>
      </symbol>
      <symbol id="sm-226">
         <name>__mpyll</name>
         <value>0x4100</value>
         <object_component_ref idref="oc-9c"/>
      </symbol>
      <symbol id="sm-238">
         <name>_MCBSP_reset</name>
         <value>0x3340</value>
         <object_component_ref idref="oc-8a"/>
      </symbol>
      <symbol id="sm-239">
         <name>_MCBSP_open</name>
         <value>0x3b20</value>
         <object_component_ref idref="oc-82"/>
      </symbol>
      <symbol id="sm-23a">
         <name>__MCBSP_hDev0</name>
         <value>0x800004f8</value>
         <object_component_ref idref="oc-79"/>
      </symbol>
      <symbol id="sm-23b">
         <name>__MCBSP_hDev1</name>
         <value>0x800004fc</value>
         <object_component_ref idref="oc-79"/>
      </symbol>
      <symbol id="sm-23c">
         <name>_MCBSP_start</name>
         <value>0x3c20</value>
         <object_component_ref idref="oc-83"/>
      </symbol>
   </symbol_table>
</link_info>
