******************************************************************************
               TMS320C6x Linker PC v7.4.4                      
******************************************************************************
>> Linked Fri May 26 12:09:11 2017

OUTPUT FILE NAME:   <dsp2lab5.out>
ENTRY POINT SYMBOL: "_c_int00"  address: 00004240


MEMORY CONFIGURATION

         name            origin    length      used     unused   attr    fill
----------------------  --------  ---------  --------  --------  ----  --------
  vecs                  00000000   00000220  00000200  00000020  RWIX
  IRAM                  00000220   0000ffe0  00004e0c  0000b1d4  RWIX
  CE0                   80000000   01000000  00000572  00fffa8e  RWIX


SECTION ALLOCATION MAP

 output                                  attributes/
section   page    origin      length       input sections
--------  ----  ----------  ----------   ----------------
vectors    0    00000000    00000200     
                  00000000    00000200     vectors11.obj (vectors)

$BRID      0    00000000    00000098     COPY SECTION
                  00000000    00000054     dsk6713bsl.lib : dsk6713.obj ($BRID)
                  00000054    00000024                    : dsk6713_aic23_opencodec.obj ($BRID)
                  00000078    00000014                    : dsk6713_aic23_registers.obj ($BRID)
                  0000008c    0000000c                    : dsk6713_aic23_setfreq.obj ($BRID)

.text      0    00000220    00004260     
                  00000220    000007e0     rts6700.lib : divd.obj (.text:__divd)
                  00000a00    00000740     c6xdskinit_pcm.obj (.text)
                  00001140    000004a0     main.obj (.text)
                  000015e0    00000460     dsk6713bsl.lib : dsk6713.obj (.text)
                  00001a40    00000380     rts6700.lib : cos.obj (.text:_cos)
                  00001dc0    00000340                 : frcmpyd_div.obj (.text:__frcmpyd_div)
                  00002100    00000320                 : sin.obj (.text:_sin)
                  00002420    00000320     dsp62x.lib : radix2.obj (.text)
                  00002740    00000300     dsk6713bsl.lib : dsk6713_aic23_opencodec.obj (.text)
                  00002a40    000002c0     main.obj (.text:retain)
                  00002d00    00000240     rts6700.lib : memcpy62.obj (.text:_memcpy)
                  00002f40    00000240     bitrev_index.obj (.text)
                  00003180    000001c0     csl6713.lib : csl_irq.obj (.text:_IRQ_map)
                  00003340    000001a0                 : csl_mcbsp.obj (.text:_MCBSP_reset)
                  000034e0    00000160     rts6700.lib : autoinit.obj (.text:__auto_init)
                  00003640    00000160     dsp62x.lib : bitrev_cpl.obj (.text)
                  000037a0    00000140     dsk6713bsl.lib : dsk6713_aic23_registers.obj (.text)
                  000038e0    00000120     rts6700.lib : divi.obj (.text:__divi)
                  00003a00    00000120                 : exit.obj (.text:_exit)
                  00003b20    00000100     csl6713.lib : csl_mcbsp.obj (.text:_MCBSP_open)
                  00003c20    00000100                 : csl_mcbsp.obj (.text:_MCBSP_start)
                  00003d20    000000e0     rts6700.lib : strasg.obj (.text:__strasg)
                  00003e00    000000c0                 : round.obj (.text:__nround)
                  00003ec0    000000c0                 : cpy_tbl.obj (.text:_copy_in)
                  00003f80    000000c0                 : modf.obj (.text:_modf)
                  00004040    000000c0     dsk6713bsl.lib : dsk6713_aic23_setfreq.obj (.text)
                  00004100    000000a0     rts6700.lib : mpyll.obj (.text:__mpyll)
                  000041a0    000000a0     csl6713.lib : csl_irq.obj (.text:_setMux)
                  00004240    00000080     rts6700.lib : boot.obj (.text:_c_int00)
                  000042c0    00000040     csl6713.lib : csl_irq.obj (.text:_IRQ_enable)
                  00004300    00000040     rts6700.lib : divd.obj (.text:___isnan)
                  00004340    00000040                 : args_main.obj (.text:__args_main)
                  00004380    00000040                 : trunc.obj (.text:__trunc)
                  000043c0    00000020     csl6713.lib : csl_irq.obj (.text:_IRQ_globalDisable)
                  000043e0    00000020                 : csl_irq.obj (.text:_IRQ_globalEnable)
                  00004400    00000020                 : csl_irq.obj (.text:_IRQ_nmiEnable)
                  00004420    00000020     rts6700.lib : _lock.obj (.text:__nop)
                  00004440    00000020                 : exit.obj (.text:_abort)
                  00004460    00000020     csl6713.lib : csl_irq.obj (.text)

.bss       0    00000220    00000000     UNINITIALIZED

.data      0    00000220    00000000     UNINITIALIZED

.stack     0    00004480    00000800     UNINITIALIZED
                  00004480    00000008     rts6700.lib : boot.obj (.stack)
                  00004488    000007f8     --HOLE--

.cinit     0    00004c80    00000314     
                  00004c80    0000012c     csl6713.lib : csl_irq.obj (.cinit)
                  00004dac    00000004     --HOLE-- [fill = 0]
                  00004db0    00000054                 : csl_mcbsp.obj (.cinit)
                  00004e04    00000004     --HOLE-- [fill = 0]
                  00004e08    00000048     rts6700.lib : cos.obj (.cinit)
                  00004e50    00000048                 : sin.obj (.cinit)
                  00004e98    00000030     dsk6713bsl.lib : dsk6713_aic23_registers.obj (.cinit)
                  00004ec8    00000030     main.obj (.cinit)
                  00004ef8    0000002c     rts6700.lib : exit.obj (.cinit)
                  00004f24    00000004     --HOLE-- [fill = 0]
                  00004f28    00000028     dsk6713bsl.lib : dsk6713_aic23_setfreq.obj (.cinit)
                  00004f50    0000001c     rts6700.lib : _lock.obj (.cinit)
                  00004f6c    00000004     --HOLE-- [fill = 0]
                  00004f70    00000019     c6xdskinit_pcm.obj (.cinit)
                  00004f89    00000007     --HOLE-- [fill = 0]
                  00004f90    00000004     (.pad.cinit) [fill = 0]

.const     0    00004f94    00000068     
                  00004f94    00000040     dsk6713bsl.lib : dsk6713_aic23_opencodec.obj (.const)
                  00004fd4    00000020                    : dsk6713.obj (.const)
                  00004ff4    00000008     rts6700.lib : divd.obj (.const:.string:_initial_approx$1)

.switch    0    00004ffc    00000030     
                  00004ffc    00000030     c6xdskinit_pcm.obj (.switch:_config_Interrupt_Selector)

.far       0    80000000    00000572     UNINITIALIZED
                  80000000    00000354     main.obj (.far)
                  80000354    000000f4     csl6713.lib : csl_irq.obj (.far)
                  80000448    00000040     rts6700.lib : cos.obj (.far)
                  80000488    00000040                 : sin.obj (.far)
                  800004c8    00000038     csl6713.lib : csl_mcbsp.obj (.far)
                  80000500    00000028     dsk6713bsl.lib : dsk6713_aic23_registers.obj (.far)
                  80000528    00000020                    : dsk6713_aic23_setfreq.obj (.far)
                  80000548    0000000c     c6xdskinit_pcm.obj (.far)
                  80000554    0000000c     rts6700.lib : exit.obj (.far)
                  80000560    00000008     dsk6713bsl.lib : dsk6713_aic23_opencodec.obj (.far)
                  80000568    00000008     rts6700.lib : _lock.obj (.far)
                  80000570    00000002     dsk6713bsl.lib : dsk6713.obj (.far)


GLOBAL SYMBOLS: SORTED ALPHABETICALLY BY Name 

address    name
--------   ----
00000220   $bss
00000220   .bss
00000220   .data
00000220   .text
00004440   C$$EXIT
80000548   _Act_Fs
80000560   _DSK6713_AIC23_codeccontrolhandle
80000564   _DSK6713_AIC23_codecdatahandle
00003860   _DSK6713_AIC23_config
00002740   _DSK6713_AIC23_openCodec
0000383c   _DSK6713_AIC23_rget
000037a0   _DSK6713_AIC23_rset
00004040   _DSK6713_AIC23_setFreq
000019b8   _DSK6713_getVersion
00001610   _DSK6713_init
00001910   _DSK6713_rget
00001924   _DSK6713_rset
80000570   _DSK6713_version
00001938   _DSK6713_wait
0000198c   _DSK6713_waitusec
00003640   _DSP_bitrev_cplx
00002420   _DSP_radix2
000042c0   _IRQ_enable
000043c0   _IRQ_globalDisable
000043e0   _IRQ_globalEnable
00003180   _IRQ_map
00004400   _IRQ_nmiEnable
00003b20   _MCBSP_open
00003340   _MCBSP_reset
00003c20   _MCBSP_start
80000440   __IRQ_dispatchTable
8000037c   __IRQ_eventTable
00004460   __IRQ_hookFetchPacket
80000400   __IRQ_intTable
800004f8   __MCBSP_hDev0
800004fc   __MCBSP_hDev1
00004c80   __STACK_END
00000800   __STACK_SIZE
00000001   __TI_args_main
8000055c   ___TI_enable_exit_profile_output
ffffffff   ___TI_pprof_out_hndl
ffffffff   ___TI_prof_data_size
ffffffff   ___TI_prof_data_start
ffffffff   ___binit__
00000220   ___bss__
ffffffff   ___c_args__
00004c80   ___cinit__
00000220   ___data__
00000220   ___edata__
00000220   ___end__
00004480   ___etext__
ffffffff   ___pinit__
00000220   ___text__
00004340   __args_main
000034e0   __auto_init
000038e0   __c6xabi_divi
80000554   __cleanup_ptr
00000220   __divd
000038e0   __divi
80000558   __dtors_ptr
00001dc0   __frcmpyd_div
80000568   __lock
00004100   __mpyll
00004420   __nop
00003e00   __nround
00004480   __stack
00003d20   __strasg
00004380   __trunc
8000056c   __unlock
00004440   _abort
00002f40   _bitrev_index
80000038   _buffer_fft_input
8000024c   _buffer_in
00000e5c   _c6x11_dsk_init
00004240   _c_int00
00000eec   _comm_intr
00000eb8   _comm_poll
00000a6c   _config_Interrupt_Selector
00003ec0   _copy_in
00001a40   _cos
80000034   _count_in
00000a00   _enableGlobalINT
00000a18   _enableNMI
00000a30   _enableSpecificINT
00003a00   _exit
00001140   _fft_coef
8000002c   _fft_enable
800002d4   _ham64
800002d0   _i
8000023a   _imag
8000023c   _index
0000153c   _init_hw_interrupts
800002cc   _input
00000f68   _input_left_sample
00000fe8   _input_leftright_sample
00000fa8   _input_right_sample
00000f44   _input_sample
80000030   _k
000012ac   _main
0000111c   _mcbsp1_activate
00000cd0   _mcbsp1_init
00000d58   _mcbsp1_read
00000de4   _mcbsp1_write
80000550   _mcbspData
00002d00   _memcpy
00003f80   _modf
00001050   _output_left_sample
000010f4   _output_leftright_sample
000010a8   _output_right_sample
00001028   _output_sample
8000054c   _polling
80000238   _real
00002a40   _serial_port_rcv_isr
00002100   _sin
800001b8   _sum_Xk_square
80000138   _w
ffffffff   binit
00004c80   cinit
00000220   edata
00000220   end
00004480   etext
ffffffff   pinit


GLOBAL SYMBOLS: SORTED BY Symbol Address 

address    name
--------   ----
00000001   __TI_args_main
00000220   $bss
00000220   .bss
00000220   .data
00000220   .text
00000220   ___bss__
00000220   ___data__
00000220   ___edata__
00000220   ___end__
00000220   ___text__
00000220   __divd
00000220   edata
00000220   end
00000800   __STACK_SIZE
00000a00   _enableGlobalINT
00000a18   _enableNMI
00000a30   _enableSpecificINT
00000a6c   _config_Interrupt_Selector
00000cd0   _mcbsp1_init
00000d58   _mcbsp1_read
00000de4   _mcbsp1_write
00000e5c   _c6x11_dsk_init
00000eb8   _comm_poll
00000eec   _comm_intr
00000f44   _input_sample
00000f68   _input_left_sample
00000fa8   _input_right_sample
00000fe8   _input_leftright_sample
00001028   _output_sample
00001050   _output_left_sample
000010a8   _output_right_sample
000010f4   _output_leftright_sample
0000111c   _mcbsp1_activate
00001140   _fft_coef
000012ac   _main
0000153c   _init_hw_interrupts
00001610   _DSK6713_init
00001910   _DSK6713_rget
00001924   _DSK6713_rset
00001938   _DSK6713_wait
0000198c   _DSK6713_waitusec
000019b8   _DSK6713_getVersion
00001a40   _cos
00001dc0   __frcmpyd_div
00002100   _sin
00002420   _DSP_radix2
00002740   _DSK6713_AIC23_openCodec
00002a40   _serial_port_rcv_isr
00002d00   _memcpy
00002f40   _bitrev_index
00003180   _IRQ_map
00003340   _MCBSP_reset
000034e0   __auto_init
00003640   _DSP_bitrev_cplx
000037a0   _DSK6713_AIC23_rset
0000383c   _DSK6713_AIC23_rget
00003860   _DSK6713_AIC23_config
000038e0   __c6xabi_divi
000038e0   __divi
00003a00   _exit
00003b20   _MCBSP_open
00003c20   _MCBSP_start
00003d20   __strasg
00003e00   __nround
00003ec0   _copy_in
00003f80   _modf
00004040   _DSK6713_AIC23_setFreq
00004100   __mpyll
00004240   _c_int00
000042c0   _IRQ_enable
00004340   __args_main
00004380   __trunc
000043c0   _IRQ_globalDisable
000043e0   _IRQ_globalEnable
00004400   _IRQ_nmiEnable
00004420   __nop
00004440   C$$EXIT
00004440   _abort
00004460   __IRQ_hookFetchPacket
00004480   ___etext__
00004480   __stack
00004480   etext
00004c80   __STACK_END
00004c80   ___cinit__
00004c80   cinit
8000002c   _fft_enable
80000030   _k
80000034   _count_in
80000038   _buffer_fft_input
80000138   _w
800001b8   _sum_Xk_square
80000238   _real
8000023a   _imag
8000023c   _index
8000024c   _buffer_in
800002cc   _input
800002d0   _i
800002d4   _ham64
8000037c   __IRQ_eventTable
80000400   __IRQ_intTable
80000440   __IRQ_dispatchTable
800004f8   __MCBSP_hDev0
800004fc   __MCBSP_hDev1
80000548   _Act_Fs
8000054c   _polling
80000550   _mcbspData
80000554   __cleanup_ptr
80000558   __dtors_ptr
8000055c   ___TI_enable_exit_profile_output
80000560   _DSK6713_AIC23_codeccontrolhandle
80000564   _DSK6713_AIC23_codecdatahandle
80000568   __lock
8000056c   __unlock
80000570   _DSK6713_version
ffffffff   ___TI_pprof_out_hndl
ffffffff   ___TI_prof_data_size
ffffffff   ___TI_prof_data_start
ffffffff   ___binit__
ffffffff   ___c_args__
ffffffff   ___pinit__
ffffffff   binit
ffffffff   pinit

[122 symbols]
