<?xml version="1.0"?>
<link_info>
   <banner>TMS320C6x Linker PC v7.4.4</banner>
   <copyright>Copyright (c) 1996-2013 Texas Instruments Incorporated</copyright>
   <link_time>0x58ff06b3</link_time>
   <output_file>dsp2lab3.out</output_file>
   <entry_point>
      <name>_c_int00</name>
      <address>0x9e40</address>
   </entry_point>
   <input_file_list>
      <input_file id="fl-2">
         <path>.\</path>
         <kind>object</kind>
         <file>vectors11.obj</file>
         <name>vectors11.obj</name>
      </input_file>
      <input_file id="fl-3">
         <path>.\</path>
         <kind>object</kind>
         <file>main.obj</file>
         <name>main.obj</name>
      </input_file>
      <input_file id="fl-4">
         <path>.\</path>
         <kind>object</kind>
         <file>c6xdskinit_pcm.obj</file>
         <name>c6xdskinit_pcm.obj</name>
      </input_file>
      <input_file id="fl-a">
         <path>C:\Program Files\C6xCSL\lib_3x\</path>
         <kind>archive</kind>
         <file>csl6713.lib</file>
         <name>csl_irq.obj</name>
      </input_file>
      <input_file id="fl-b">
         <path>C:\DSK6713\c6000\dsk6713\lib\</path>
         <kind>archive</kind>
         <file>dsk6713bsl.lib</file>
         <name>dsk6713.obj</name>
      </input_file>
      <input_file id="fl-c">
         <path>C:\DSK6713\c6000\dsk6713\lib\</path>
         <kind>archive</kind>
         <file>dsk6713bsl.lib</file>
         <name>dsk6713_aic23_opencodec.obj</name>
      </input_file>
      <input_file id="fl-d">
         <path>C:\DSK6713\c6000\dsk6713\lib\</path>
         <kind>archive</kind>
         <file>dsk6713bsl.lib</file>
         <name>dsk6713_aic23_registers.obj</name>
      </input_file>
      <input_file id="fl-e">
         <path>C:\DSK6713\c6000\dsk6713\lib\</path>
         <kind>archive</kind>
         <file>dsk6713bsl.lib</file>
         <name>dsk6713_aic23_setfreq.obj</name>
      </input_file>
      <input_file id="fl-f">
         <path>C:\Users\GROUP1TEAM14\Downloads\</path>
         <kind>archive</kind>
         <file>rts6700.lib</file>
         <name>boot.obj</name>
      </input_file>
      <input_file id="fl-10">
         <path>C:\Users\GROUP1TEAM14\Downloads\</path>
         <kind>archive</kind>
         <file>rts6700.lib</file>
         <name>exit.obj</name>
      </input_file>
      <input_file id="fl-11">
         <path>C:\Users\GROUP1TEAM14\Downloads\</path>
         <kind>archive</kind>
         <file>rts6700.lib</file>
         <name>remi.obj</name>
      </input_file>
      <input_file id="fl-12">
         <path>C:\Users\GROUP1TEAM14\Downloads\</path>
         <kind>archive</kind>
         <file>rts6700.lib</file>
         <name>strasg.obj</name>
      </input_file>
      <input_file id="fl-13">
         <path>C:\Users\GROUP1TEAM14\Downloads\</path>
         <kind>archive</kind>
         <file>rts6700.lib</file>
         <name>_lock.obj</name>
      </input_file>
      <input_file id="fl-14">
         <path>C:\Users\GROUP1TEAM14\Downloads\</path>
         <kind>archive</kind>
         <file>rts6700.lib</file>
         <name>args_main.obj</name>
      </input_file>
      <input_file id="fl-15">
         <path>C:\Users\GROUP1TEAM14\Downloads\</path>
         <kind>archive</kind>
         <file>rts6700.lib</file>
         <name>printf.obj</name>
      </input_file>
      <input_file id="fl-16">
         <path>C:\Users\GROUP1TEAM14\Downloads\</path>
         <kind>archive</kind>
         <file>rts6700.lib</file>
         <name>autoinit.obj</name>
      </input_file>
      <input_file id="fl-17">
         <path>C:\Users\GROUP1TEAM14\Downloads\</path>
         <kind>archive</kind>
         <file>rts6700.lib</file>
         <name>cpy_tbl.obj</name>
      </input_file>
      <input_file id="fl-18">
         <path>C:\Users\GROUP1TEAM14\Downloads\</path>
         <kind>archive</kind>
         <file>rts6700.lib</file>
         <name>memcpy62.obj</name>
      </input_file>
      <input_file id="fl-19">
         <path>C:\Users\GROUP1TEAM14\Downloads\</path>
         <kind>archive</kind>
         <file>rts6700.lib</file>
         <name>_printfi.obj</name>
      </input_file>
      <input_file id="fl-1a">
         <path>C:\Users\GROUP1TEAM14\Downloads\</path>
         <kind>archive</kind>
         <file>rts6700.lib</file>
         <name>atoi.obj</name>
      </input_file>
      <input_file id="fl-1b">
         <path>C:\Users\GROUP1TEAM14\Downloads\</path>
         <kind>archive</kind>
         <file>rts6700.lib</file>
         <name>ctype.obj</name>
      </input_file>
      <input_file id="fl-1c">
         <path>C:\Users\GROUP1TEAM14\Downloads\</path>
         <kind>archive</kind>
         <file>rts6700.lib</file>
         <name>defs.obj</name>
      </input_file>
      <input_file id="fl-1d">
         <path>C:\Users\GROUP1TEAM14\Downloads\</path>
         <kind>archive</kind>
         <file>rts6700.lib</file>
         <name>fputc.obj</name>
      </input_file>
      <input_file id="fl-1e">
         <path>C:\Users\GROUP1TEAM14\Downloads\</path>
         <kind>archive</kind>
         <file>rts6700.lib</file>
         <name>fputs.obj</name>
      </input_file>
      <input_file id="fl-1f">
         <path>C:\Users\GROUP1TEAM14\Downloads\</path>
         <kind>archive</kind>
         <file>rts6700.lib</file>
         <name>lowlev.obj</name>
      </input_file>
      <input_file id="fl-20">
         <path>C:\Users\GROUP1TEAM14\Downloads\</path>
         <kind>archive</kind>
         <file>rts6700.lib</file>
         <name>ltoa.obj</name>
      </input_file>
      <input_file id="fl-21">
         <path>C:\Users\GROUP1TEAM14\Downloads\</path>
         <kind>archive</kind>
         <file>rts6700.lib</file>
         <name>memccpy.obj</name>
      </input_file>
      <input_file id="fl-22">
         <path>C:\Users\GROUP1TEAM14\Downloads\</path>
         <kind>archive</kind>
         <file>rts6700.lib</file>
         <name>trgdrv.obj</name>
      </input_file>
      <input_file id="fl-23">
         <path>C:\Users\GROUP1TEAM14\Downloads\</path>
         <kind>archive</kind>
         <file>rts6700.lib</file>
         <name>divu.obj</name>
      </input_file>
      <input_file id="fl-24">
         <path>C:\Users\GROUP1TEAM14\Downloads\</path>
         <kind>archive</kind>
         <file>rts6700.lib</file>
         <name>imath40.obj</name>
      </input_file>
      <input_file id="fl-25">
         <path>C:\Users\GROUP1TEAM14\Downloads\</path>
         <kind>archive</kind>
         <file>rts6700.lib</file>
         <name>imath64.obj</name>
      </input_file>
      <input_file id="fl-26">
         <path>C:\Users\GROUP1TEAM14\Downloads\</path>
         <kind>archive</kind>
         <file>rts6700.lib</file>
         <name>llshift.obj</name>
      </input_file>
      <input_file id="fl-27">
         <path>C:\Users\GROUP1TEAM14\Downloads\</path>
         <kind>archive</kind>
         <file>rts6700.lib</file>
         <name>memset.obj</name>
      </input_file>
      <input_file id="fl-28">
         <path>C:\Users\GROUP1TEAM14\Downloads\</path>
         <kind>archive</kind>
         <file>rts6700.lib</file>
         <name>mpyll.obj</name>
      </input_file>
      <input_file id="fl-29">
         <path>C:\Users\GROUP1TEAM14\Downloads\</path>
         <kind>archive</kind>
         <file>rts6700.lib</file>
         <name>negll.obj</name>
      </input_file>
      <input_file id="fl-2a">
         <path>C:\Users\GROUP1TEAM14\Downloads\</path>
         <kind>archive</kind>
         <file>rts6700.lib</file>
         <name>trgmsg.obj</name>
      </input_file>
      <input_file id="fl-2b">
         <path>C:\Users\GROUP1TEAM14\Downloads\</path>
         <kind>archive</kind>
         <file>rts6700.lib</file>
         <name>divd.obj</name>
      </input_file>
      <input_file id="fl-2c">
         <path>C:\Users\GROUP1TEAM14\Downloads\</path>
         <kind>archive</kind>
         <file>rts6700.lib</file>
         <name>fixdli.obj</name>
      </input_file>
      <input_file id="fl-2d">
         <path>C:\Users\GROUP1TEAM14\Downloads\</path>
         <kind>archive</kind>
         <file>rts6700.lib</file>
         <name>fltlid.obj</name>
      </input_file>
      <input_file id="fl-2e">
         <path>C:\Users\GROUP1TEAM14\Downloads\</path>
         <kind>archive</kind>
         <file>rts6700.lib</file>
         <name>frcmpyd_div.obj</name>
      </input_file>
      <input_file id="fl-2f">
         <path>C:\Users\GROUP1TEAM14\Downloads\</path>
         <kind>archive</kind>
         <file>rts6700.lib</file>
         <name>isinf.obj</name>
      </input_file>
      <input_file id="fl-30">
         <path>C:\Users\GROUP1TEAM14\Downloads\</path>
         <kind>archive</kind>
         <file>rts6700.lib</file>
         <name>_io_perm.obj</name>
      </input_file>
      <input_file id="fl-31">
         <path>C:\Users\GROUP1TEAM14\Downloads\</path>
         <kind>archive</kind>
         <file>rts6700.lib</file>
         <name>abs.obj</name>
      </input_file>
      <input_file id="fl-32">
         <path>C:\Users\GROUP1TEAM14\Downloads\</path>
         <kind>archive</kind>
         <file>rts6700.lib</file>
         <name>fflush.obj</name>
      </input_file>
      <input_file id="fl-33">
         <path>C:\Users\GROUP1TEAM14\Downloads\</path>
         <kind>archive</kind>
         <file>rts6700.lib</file>
         <name>fseek.obj</name>
      </input_file>
      <input_file id="fl-34">
         <path>C:\Users\GROUP1TEAM14\Downloads\</path>
         <kind>archive</kind>
         <file>rts6700.lib</file>
         <name>setvbuf.obj</name>
      </input_file>
      <input_file id="fl-35">
         <path>C:\Users\GROUP1TEAM14\Downloads\</path>
         <kind>archive</kind>
         <file>rts6700.lib</file>
         <name>memory.obj</name>
      </input_file>
      <input_file id="fl-36">
         <path>C:\Users\GROUP1TEAM14\Downloads\</path>
         <kind>archive</kind>
         <file>rts6700.lib</file>
         <name>fopen.obj</name>
      </input_file>
      <input_file id="fl-37">
         <path>C:\Users\GROUP1TEAM14\Downloads\</path>
         <kind>archive</kind>
         <file>rts6700.lib</file>
         <name>fclose.obj</name>
      </input_file>
      <input_file id="fl-38">
         <path>C:\Users\GROUP1TEAM14\Downloads\</path>
         <kind>archive</kind>
         <file>rts6700.lib</file>
         <name>remove.obj</name>
      </input_file>
      <input_file id="fl-39">
         <path>C:\Program Files\C6xCSL\lib_3x\</path>
         <kind>archive</kind>
         <file>csl6713.lib</file>
         <name>csl_mcbsp.obj</name>
      </input_file>
   </input_file_list>
   <object_component_list>
      <object_component id="oc-f">
         <name>vectors</name>
         <load_address>0x0</load_address>
         <run_address>0x0</run_address>
         <size>0x200</size>
         <input_file_ref idref="fl-2"/>
      </object_component>
      <object_component id="oc-14">
         <name>.cinit</name>
         <load_address>0xb2a0</load_address>
         <run_address>0xb2a0</run_address>
         <size>0x1ca</size>
         <input_file_ref idref="fl-3"/>
      </object_component>
      <object_component id="oc-22">
         <name>.cinit</name>
         <load_address>0xb470</load_address>
         <run_address>0xb470</run_address>
         <size>0x12c</size>
         <input_file_ref idref="fl-a"/>
      </object_component>
      <object_component id="oc-64">
         <name>.cinit</name>
         <load_address>0xb5a0</load_address>
         <run_address>0xb5a0</run_address>
         <size>0x5c</size>
         <input_file_ref idref="fl-1c"/>
      </object_component>
      <object_component id="oc-6f">
         <name>.cinit</name>
         <load_address>0xb600</load_address>
         <run_address>0xb600</run_address>
         <size>0x5c</size>
         <input_file_ref idref="fl-1f"/>
      </object_component>
      <object_component id="oc-c5">
         <name>.cinit</name>
         <load_address>0xb660</load_address>
         <run_address>0xb660</run_address>
         <size>0x54</size>
         <input_file_ref idref="fl-39"/>
      </object_component>
      <object_component id="oc-30">
         <name>.cinit</name>
         <load_address>0xb6b8</load_address>
         <run_address>0xb6b8</run_address>
         <size>0x30</size>
         <input_file_ref idref="fl-d"/>
      </object_component>
      <object_component id="oc-3c">
         <name>.cinit</name>
         <load_address>0xb6e8</load_address>
         <run_address>0xb6e8</run_address>
         <size>0x2c</size>
         <input_file_ref idref="fl-10"/>
      </object_component>
      <object_component id="oc-b5">
         <name>.cinit</name>
         <load_address>0xb718</load_address>
         <run_address>0xb718</run_address>
         <size>0x2c</size>
         <input_file_ref idref="fl-35"/>
      </object_component>
      <object_component id="oc-34">
         <name>.cinit</name>
         <load_address>0xb748</load_address>
         <run_address>0xb748</run_address>
         <size>0x28</size>
         <input_file_ref idref="fl-e"/>
      </object_component>
      <object_component id="oc-47">
         <name>.cinit</name>
         <load_address>0xb770</load_address>
         <run_address>0xb770</run_address>
         <size>0x1c</size>
         <input_file_ref idref="fl-13"/>
      </object_component>
      <object_component id="oc-1c">
         <name>.cinit</name>
         <load_address>0xb790</load_address>
         <run_address>0xb790</run_address>
         <size>0x19</size>
         <input_file_ref idref="fl-4"/>
      </object_component>
      <object_component id="oc-bb">
         <name>.cinit</name>
         <load_address>0xb7b0</load_address>
         <run_address>0xb7b0</run_address>
         <size>0xc</size>
         <input_file_ref idref="fl-36"/>
      </object_component>
      <object_component id="oc-10e">
         <name>.text:__divd</name>
         <load_address>0x220</load_address>
         <run_address>0x220</run_address>
         <size>0x7e0</size>
         <input_file_ref idref="fl-2b"/>
      </object_component>
      <object_component id="oc-cd">
         <name>.text</name>
         <load_address>0xa00</load_address>
         <run_address>0xa00</run_address>
         <size>0x740</size>
         <input_file_ref idref="fl-4"/>
      </object_component>
      <object_component id="oc-16">
         <name>.text:retain</name>
         <load_address>0x1140</load_address>
         <run_address>0x1140</run_address>
         <size>0x6e0</size>
         <input_file_ref idref="fl-3"/>
      </object_component>
      <object_component id="oc-102">
         <name>.text:__getarg_diouxp</name>
         <load_address>0x1820</load_address>
         <run_address>0x1820</run_address>
         <size>0x6c0</size>
         <input_file_ref idref="fl-19"/>
      </object_component>
      <object_component id="oc-ef">
         <name>.text:__setfield</name>
         <load_address>0x1ee0</load_address>
         <run_address>0x1ee0</run_address>
         <size>0x5c0</size>
         <input_file_ref idref="fl-19"/>
      </object_component>
      <object_component id="oc-e2">
         <name>.text:__printfi</name>
         <load_address>0x24a0</load_address>
         <run_address>0x24a0</run_address>
         <size>0x580</size>
         <input_file_ref idref="fl-19"/>
      </object_component>
      <object_component id="oc-27">
         <name>.text</name>
         <load_address>0x2a20</load_address>
         <run_address>0x2a20</run_address>
         <size>0x460</size>
         <input_file_ref idref="fl-b"/>
      </object_component>
      <object_component id="oc-10c">
         <name>.text:_fcvt</name>
         <load_address>0x2e80</load_address>
         <run_address>0x2e80</run_address>
         <size>0x420</size>
         <input_file_ref idref="fl-19"/>
      </object_component>
      <object_component id="oc-109">
         <name>.text:_ecvt</name>
         <load_address>0x32a0</load_address>
         <run_address>0x32a0</run_address>
         <size>0x400</size>
         <input_file_ref idref="fl-19"/>
      </object_component>
      <object_component id="oc-f7">
         <name>.text:__pproc_fge</name>
         <load_address>0x36a0</load_address>
         <run_address>0x36a0</run_address>
         <size>0x3e0</size>
         <input_file_ref idref="fl-19"/>
      </object_component>
      <object_component id="oc-eb">
         <name>.text:_fputs</name>
         <load_address>0x3a80</load_address>
         <run_address>0x3a80</run_address>
         <size>0x3c0</size>
         <input_file_ref idref="fl-1e"/>
      </object_component>
      <object_component id="oc-11c">
         <name>.text:__divull</name>
         <load_address>0x3e40</load_address>
         <run_address>0x3e40</run_address>
         <size>0x380</size>
         <input_file_ref idref="fl-25"/>
      </object_component>
      <object_component id="oc-ee">
         <name>.text:__pproc_fwp</name>
         <load_address>0x41c0</load_address>
         <run_address>0x41c0</run_address>
         <size>0x380</size>
         <input_file_ref idref="fl-19"/>
      </object_component>
      <object_component id="oc-106">
         <name>.text:_free</name>
         <load_address>0x4540</load_address>
         <run_address>0x4540</run_address>
         <size>0x380</size>
         <input_file_ref idref="fl-35"/>
      </object_component>
      <object_component id="oc-101">
         <name>.text:__pconv_e</name>
         <load_address>0x48c0</load_address>
         <run_address>0x48c0</run_address>
         <size>0x360</size>
         <input_file_ref idref="fl-19"/>
      </object_component>
      <object_component id="oc-119">
         <name>.text:__frcmpyd_div</name>
         <load_address>0x4c20</load_address>
         <run_address>0x4c20</run_address>
         <size>0x340</size>
         <input_file_ref idref="fl-2e"/>
      </object_component>
      <object_component id="oc-f8">
         <name>.text:__pproc_diouxp</name>
         <load_address>0x4f60</load_address>
         <run_address>0x4f60</run_address>
         <size>0x300</size>
         <input_file_ref idref="fl-19"/>
      </object_component>
      <object_component id="oc-2b">
         <name>.text</name>
         <load_address>0x5260</load_address>
         <run_address>0x5260</run_address>
         <size>0x300</size>
         <input_file_ref idref="fl-c"/>
      </object_component>
      <object_component id="oc-f0">
         <name>.text:__pproc_str</name>
         <load_address>0x5560</load_address>
         <run_address>0x5560</run_address>
         <size>0x2c0</size>
         <input_file_ref idref="fl-19"/>
      </object_component>
      <object_component id="oc-ff">
         <name>.text:__pconv_g</name>
         <load_address>0x5820</load_address>
         <run_address>0x5820</run_address>
         <size>0x2a0</size>
         <input_file_ref idref="fl-19"/>
      </object_component>
      <object_component id="oc-11b">
         <name>.text:__divul</name>
         <load_address>0x5ac0</load_address>
         <run_address>0x5ac0</run_address>
         <size>0x260</size>
         <input_file_ref idref="fl-24"/>
      </object_component>
      <object_component id="oc-10b">
         <name>.text:__mcpy</name>
         <load_address>0x5d20</load_address>
         <run_address>0x5d20</run_address>
         <size>0x240</size>
         <input_file_ref idref="fl-19"/>
      </object_component>
      <object_component id="oc-107">
         <name>.text:_malloc</name>
         <load_address>0x5f60</load_address>
         <run_address>0x5f60</run_address>
         <size>0x240</size>
         <input_file_ref idref="fl-35"/>
      </object_component>
      <object_component id="oc-dc">
         <name>.text:_memcpy</name>
         <load_address>0x61a0</load_address>
         <run_address>0x61a0</run_address>
         <size>0x240</size>
         <input_file_ref idref="fl-18"/>
      </object_component>
      <object_component id="oc-da">
         <name>.text:_HOSTrename</name>
         <load_address>0x63e0</load_address>
         <run_address>0x63e0</run_address>
         <size>0x220</size>
         <input_file_ref idref="fl-22"/>
      </object_component>
      <object_component id="oc-fb">
         <name>.text:_setvbuf</name>
         <load_address>0x6600</load_address>
         <run_address>0x6600</run_address>
         <size>0x200</size>
         <input_file_ref idref="fl-34"/>
      </object_component>
      <object_component id="oc-125">
         <name>.text:_getdevice</name>
         <load_address>0x6800</load_address>
         <run_address>0x6800</run_address>
         <size>0x1e0</size>
         <input_file_ref idref="fl-1f"/>
      </object_component>
      <object_component id="oc-e8">
         <name>.text:_IRQ_map</name>
         <load_address>0x69e0</load_address>
         <run_address>0x69e0</run_address>
         <size>0x1c0</size>
         <input_file_ref idref="fl-a"/>
      </object_component>
      <object_component id="oc-104">
         <name>.text:__ltostr</name>
         <load_address>0x6ba0</load_address>
         <run_address>0x6ba0</run_address>
         <size>0x1c0</size>
         <input_file_ref idref="fl-19"/>
      </object_component>
      <object_component id="oc-e3">
         <name>.text:_MCBSP_reset</name>
         <load_address>0x6d60</load_address>
         <run_address>0x6d60</run_address>
         <size>0x1a0</size>
         <input_file_ref idref="fl-39"/>
      </object_component>
      <object_component id="oc-ed">
         <name>.text:__pproc_fflags</name>
         <load_address>0x6f00</load_address>
         <run_address>0x6f00</run_address>
         <size>0x1a0</size>
         <input_file_ref idref="fl-19"/>
      </object_component>
      <object_component id="oc-ec">
         <name>.text:_fputc</name>
         <load_address>0x70a0</load_address>
         <run_address>0x70a0</run_address>
         <size>0x1a0</size>
         <input_file_ref idref="fl-1d"/>
      </object_component>
      <object_component id="oc-d8">
         <name>.text:_HOSTlseek</name>
         <load_address>0x7240</load_address>
         <run_address>0x7240</run_address>
         <size>0x160</size>
         <input_file_ref idref="fl-22"/>
      </object_component>
      <object_component id="oc-ca">
         <name>.text:__auto_init</name>
         <load_address>0x73a0</load_address>
         <run_address>0x73a0</run_address>
         <size>0x160</size>
         <input_file_ref idref="fl-16"/>
      </object_component>
      <object_component id="oc-113">
         <name>.text:_fclose</name>
         <load_address>0x7500</load_address>
         <run_address>0x7500</run_address>
         <size>0x160</size>
         <input_file_ref idref="fl-37"/>
      </object_component>
      <object_component id="oc-d6">
         <name>.text:_HOSTread</name>
         <load_address>0x7660</load_address>
         <run_address>0x7660</run_address>
         <size>0x140</size>
         <input_file_ref idref="fl-22"/>
      </object_component>
      <object_component id="oc-f2">
         <name>.text:__wrt_ok</name>
         <load_address>0x77a0</load_address>
         <run_address>0x77a0</run_address>
         <size>0x140</size>
         <input_file_ref idref="fl-30"/>
      </object_component>
      <object_component id="oc-f6">
         <name>.text:_atoi</name>
         <load_address>0x78e0</load_address>
         <run_address>0x78e0</run_address>
         <size>0x140</size>
         <input_file_ref idref="fl-1a"/>
      </object_component>
      <object_component id="oc-105">
         <name>.text:_lseek</name>
         <load_address>0x7a20</load_address>
         <run_address>0x7a20</run_address>
         <size>0x140</size>
         <input_file_ref idref="fl-1f"/>
      </object_component>
      <object_component id="oc-f4">
         <name>.text:_write</name>
         <load_address>0x7b60</load_address>
         <run_address>0x7b60</run_address>
         <size>0x140</size>
         <input_file_ref idref="fl-1f"/>
      </object_component>
      <object_component id="oc-2f">
         <name>.text</name>
         <load_address>0x7ca0</load_address>
         <run_address>0x7ca0</run_address>
         <size>0x140</size>
         <input_file_ref idref="fl-d"/>
      </object_component>
      <object_component id="oc-d4">
         <name>.text:_HOSTopen</name>
         <load_address>0x7de0</load_address>
         <run_address>0x7de0</run_address>
         <size>0x120</size>
         <input_file_ref idref="fl-22"/>
      </object_component>
      <object_component id="oc-d7">
         <name>.text:_HOSTwrite</name>
         <load_address>0x7f00</load_address>
         <run_address>0x7f00</run_address>
         <size>0x120</size>
         <input_file_ref idref="fl-22"/>
      </object_component>
      <object_component id="oc-108">
         <name>.text:__cleanup</name>
         <load_address>0x8020</load_address>
         <run_address>0x8020</run_address>
         <size>0x120</size>
         <input_file_ref idref="fl-36"/>
      </object_component>
      <object_component id="oc-11d">
         <name>.text:_close</name>
         <load_address>0x8140</load_address>
         <run_address>0x8140</run_address>
         <size>0x120</size>
         <input_file_ref idref="fl-1f"/>
      </object_component>
      <object_component id="oc-cc">
         <name>.text:_exit</name>
         <load_address>0x8260</load_address>
         <run_address>0x8260</run_address>
         <size>0x120</size>
         <input_file_ref idref="fl-10"/>
      </object_component>
      <object_component id="oc-115">
         <name>.text:_ltoa</name>
         <load_address>0x8380</load_address>
         <run_address>0x8380</run_address>
         <size>0x120</size>
         <input_file_ref idref="fl-20"/>
      </object_component>
      <object_component id="oc-f5">
         <name>.text:_memset</name>
         <load_address>0x84a0</load_address>
         <run_address>0x84a0</run_address>
         <size>0x120</size>
         <input_file_ref idref="fl-27"/>
      </object_component>
      <object_component id="oc-dd">
         <name>.text</name>
         <load_address>0x85c0</load_address>
         <run_address>0x85c0</run_address>
         <size>0x120</size>
         <input_file_ref idref="fl-3"/>
      </object_component>
      <object_component id="oc-d5">
         <name>.text:_HOSTclose</name>
         <load_address>0x86e0</load_address>
         <run_address>0x86e0</run_address>
         <size>0x100</size>
         <input_file_ref idref="fl-22"/>
      </object_component>
      <object_component id="oc-d9">
         <name>.text:_HOSTunlink</name>
         <load_address>0x87e0</load_address>
         <run_address>0x87e0</run_address>
         <size>0x100</size>
         <input_file_ref idref="fl-22"/>
      </object_component>
      <object_component id="oc-d1">
         <name>.text:_MCBSP_open</name>
         <load_address>0x88e0</load_address>
         <run_address>0x88e0</run_address>
         <size>0x100</size>
         <input_file_ref idref="fl-39"/>
      </object_component>
      <object_component id="oc-d2">
         <name>.text:_MCBSP_start</name>
         <load_address>0x89e0</load_address>
         <run_address>0x89e0</run_address>
         <size>0x100</size>
         <input_file_ref idref="fl-39"/>
      </object_component>
      <object_component id="oc-10f">
         <name>.text:__div</name>
         <load_address>0x8ae0</load_address>
         <run_address>0x8ae0</run_address>
         <size>0x100</size>
         <input_file_ref idref="fl-19"/>
      </object_component>
      <object_component id="oc-120">
         <name>.text:__divli</name>
         <load_address>0x8be0</load_address>
         <run_address>0x8be0</run_address>
         <size>0x100</size>
         <input_file_ref idref="fl-24"/>
      </object_component>
      <object_component id="oc-100">
         <name>.text:__pconv_f</name>
         <load_address>0x8ce0</load_address>
         <run_address>0x8ce0</run_address>
         <size>0x100</size>
         <input_file_ref idref="fl-19"/>
      </object_component>
      <object_component id="oc-ce">
         <name>.text:__remi</name>
         <load_address>0x8de0</load_address>
         <run_address>0x8de0</run_address>
         <size>0x100</size>
         <input_file_ref idref="fl-11"/>
      </object_component>
      <object_component id="oc-fa">
         <name>.text:_fseek</name>
         <load_address>0x8ee0</load_address>
         <run_address>0x8ee0</run_address>
         <size>0x100</size>
         <input_file_ref idref="fl-33"/>
      </object_component>
      <object_component id="oc-f3">
         <name>.text:__doflush</name>
         <load_address>0x8fe0</load_address>
         <run_address>0x8fe0</run_address>
         <size>0xe0</size>
         <input_file_ref idref="fl-32"/>
      </object_component>
      <object_component id="oc-10a">
         <name>.text:__ecpy</name>
         <load_address>0x90c0</load_address>
         <run_address>0x90c0</run_address>
         <size>0xe0</size>
         <input_file_ref idref="fl-19"/>
      </object_component>
      <object_component id="oc-10d">
         <name>.text:__fcpy</name>
         <load_address>0x91a0</load_address>
         <run_address>0x91a0</run_address>
         <size>0xe0</size>
         <input_file_ref idref="fl-19"/>
      </object_component>
      <object_component id="oc-d0">
         <name>.text:__strasg</name>
         <load_address>0x9280</load_address>
         <run_address>0x9280</run_address>
         <size>0xe0</size>
         <input_file_ref idref="fl-12"/>
      </object_component>
      <object_component id="oc-112">
         <name>.text:_minsert</name>
         <load_address>0x9360</load_address>
         <run_address>0x9360</run_address>
         <size>0xe0</size>
         <input_file_ref idref="fl-35"/>
      </object_component>
      <object_component id="oc-111">
         <name>.text:_mremove</name>
         <load_address>0x9440</load_address>
         <run_address>0x9440</run_address>
         <size>0xe0</size>
         <input_file_ref idref="fl-35"/>
      </object_component>
      <object_component id="oc-11a">
         <name>.text:__divu</name>
         <load_address>0x9520</load_address>
         <run_address>0x9520</run_address>
         <size>0xc0</size>
         <input_file_ref idref="fl-23"/>
      </object_component>
      <object_component id="oc-db">
         <name>.text:_copy_in</name>
         <load_address>0x95e0</load_address>
         <run_address>0x95e0</run_address>
         <size>0xc0</size>
         <input_file_ref idref="fl-17"/>
      </object_component>
      <object_component id="oc-126">
         <name>.text:_finddevice</name>
         <load_address>0x96a0</load_address>
         <run_address>0x96a0</run_address>
         <size>0xc0</size>
         <input_file_ref idref="fl-1f"/>
      </object_component>
      <object_component id="oc-cf">
         <name>.text:_printf</name>
         <load_address>0x9760</load_address>
         <run_address>0x9760</run_address>
         <size>0xc0</size>
         <input_file_ref idref="fl-15"/>
      </object_component>
      <object_component id="oc-33">
         <name>.text</name>
         <load_address>0x9820</load_address>
         <run_address>0x9820</run_address>
         <size>0xc0</size>
         <input_file_ref idref="fl-e"/>
      </object_component>
      <object_component id="oc-114">
         <name>.text:__fixdli</name>
         <load_address>0x98e0</load_address>
         <run_address>0x98e0</run_address>
         <size>0xa0</size>
         <input_file_ref idref="fl-2c"/>
      </object_component>
      <object_component id="oc-110">
         <name>.text:__mpyll</name>
         <load_address>0x9980</load_address>
         <run_address>0x9980</run_address>
         <size>0xa0</size>
         <input_file_ref idref="fl-28"/>
      </object_component>
      <object_component id="oc-11f">
         <name>.text:__remli</name>
         <load_address>0x9a20</load_address>
         <run_address>0x9a20</run_address>
         <size>0xa0</size>
         <input_file_ref idref="fl-24"/>
      </object_component>
      <object_component id="oc-e5">
         <name>.text:_readmsg</name>
         <load_address>0x9ac0</load_address>
         <run_address>0x9ac0</run_address>
         <size>0xa0</size>
         <input_file_ref idref="fl-2a"/>
      </object_component>
      <object_component id="oc-f1">
         <name>.text:_setMux</name>
         <load_address>0x9b60</load_address>
         <run_address>0x9b60</run_address>
         <size>0xa0</size>
         <input_file_ref idref="fl-a"/>
      </object_component>
      <object_component id="oc-124">
         <name>.text:_unlink</name>
         <load_address>0x9c00</load_address>
         <run_address>0x9c00</run_address>
         <size>0xa0</size>
         <input_file_ref idref="fl-1f"/>
      </object_component>
      <object_component id="oc-e4">
         <name>.text:_writemsg</name>
         <load_address>0x9ca0</load_address>
         <run_address>0x9ca0</run_address>
         <size>0xa0</size>
         <input_file_ref idref="fl-2a"/>
      </object_component>
      <object_component id="oc-116">
         <name>.text:__fltlid</name>
         <load_address>0x9d40</load_address>
         <run_address>0x9d40</run_address>
         <size>0x80</size>
         <input_file_ref idref="fl-2d"/>
      </object_component>
      <object_component id="oc-121">
         <name>.text:__llshl</name>
         <load_address>0x9dc0</load_address>
         <run_address>0x9dc0</run_address>
         <size>0x80</size>
         <input_file_ref idref="fl-26"/>
      </object_component>
      <object_component id="oc-e">
         <name>.text:_c_int00</name>
         <load_address>0x9e40</load_address>
         <run_address>0x9e40</run_address>
         <size>0x80</size>
         <input_file_ref idref="fl-f"/>
      </object_component>
      <object_component id="oc-f9">
         <name>.text:_memccpy</name>
         <load_address>0x9ec0</load_address>
         <run_address>0x9ec0</run_address>
         <size>0x80</size>
         <input_file_ref idref="fl-21"/>
      </object_component>
      <object_component id="oc-fe">
         <name>.text:___isinf</name>
         <load_address>0x9f40</load_address>
         <run_address>0x9f40</run_address>
         <size>0x60</size>
         <input_file_ref idref="fl-2f"/>
      </object_component>
      <object_component id="oc-123">
         <name>.text:__llshru</name>
         <load_address>0x9fa0</load_address>
         <run_address>0x9fa0</run_address>
         <size>0x60</size>
         <input_file_ref idref="fl-26"/>
      </object_component>
      <object_component id="oc-122">
         <name>.text:__subcull</name>
         <load_address>0xa000</load_address>
         <run_address>0xa000</run_address>
         <size>0x60</size>
         <input_file_ref idref="fl-25"/>
      </object_component>
      <object_component id="oc-e9">
         <name>.text:_IRQ_enable</name>
         <load_address>0xa060</load_address>
         <run_address>0xa060</run_address>
         <size>0x40</size>
         <input_file_ref idref="fl-a"/>
      </object_component>
      <object_component id="oc-fd">
         <name>.text:___isnan</name>
         <load_address>0xa0a0</load_address>
         <run_address>0xa0a0</run_address>
         <size>0x40</size>
         <input_file_ref idref="fl-19"/>
      </object_component>
      <object_component id="oc-117">
         <name>.text:___isnan</name>
         <load_address>0xa0e0</load_address>
         <run_address>0xa0e0</run_address>
         <size>0x40</size>
         <input_file_ref idref="fl-2b"/>
      </object_component>
      <object_component id="oc-cb">
         <name>.text:__args_main</name>
         <load_address>0xa120</load_address>
         <run_address>0xa120</run_address>
         <size>0x40</size>
         <input_file_ref idref="fl-14"/>
      </object_component>
      <object_component id="oc-e6">
         <name>.text:_IRQ_globalDisable</name>
         <load_address>0xa160</load_address>
         <run_address>0xa160</run_address>
         <size>0x20</size>
         <input_file_ref idref="fl-a"/>
      </object_component>
      <object_component id="oc-ea">
         <name>.text:_IRQ_globalEnable</name>
         <load_address>0xa180</load_address>
         <run_address>0xa180</run_address>
         <size>0x20</size>
         <input_file_ref idref="fl-a"/>
      </object_component>
      <object_component id="oc-e7">
         <name>.text:_IRQ_nmiEnable</name>
         <load_address>0xa1a0</load_address>
         <run_address>0xa1a0</run_address>
         <size>0x20</size>
         <input_file_ref idref="fl-a"/>
      </object_component>
      <object_component id="oc-103">
         <name>.text:__negll</name>
         <load_address>0xa1c0</load_address>
         <run_address>0xa1c0</run_address>
         <size>0x20</size>
         <input_file_ref idref="fl-29"/>
      </object_component>
      <object_component id="oc-d3">
         <name>.text:__nop</name>
         <load_address>0xa1e0</load_address>
         <run_address>0xa1e0</run_address>
         <size>0x20</size>
         <input_file_ref idref="fl-13"/>
      </object_component>
      <object_component id="oc-e1">
         <name>.text:__outc</name>
         <load_address>0xa200</load_address>
         <run_address>0xa200</run_address>
         <size>0x20</size>
         <input_file_ref idref="fl-15"/>
      </object_component>
      <object_component id="oc-e0">
         <name>.text:__outs</name>
         <load_address>0xa220</load_address>
         <run_address>0xa220</run_address>
         <size>0x20</size>
         <input_file_ref idref="fl-15"/>
      </object_component>
      <object_component id="oc-de">
         <name>.text:_abort</name>
         <load_address>0xa240</load_address>
         <run_address>0xa240</run_address>
         <size>0x20</size>
         <input_file_ref idref="fl-10"/>
      </object_component>
      <object_component id="oc-11e">
         <name>.text:_remove</name>
         <load_address>0xa260</load_address>
         <run_address>0xa260</run_address>
         <size>0x20</size>
         <input_file_ref idref="fl-38"/>
      </object_component>
      <object_component id="oc-21">
         <name>.text</name>
         <load_address>0xa280</load_address>
         <run_address>0xa280</run_address>
         <size>0x20</size>
         <input_file_ref idref="fl-a"/>
      </object_component>
      <object_component id="oc-38">
         <name>.stack</name>
         <uninitialized>true</uninitialized>
         <run_address>0xa2a0</run_address>
         <size>0x8</size>
         <input_file_ref idref="fl-f"/>
      </object_component>
      <object_component id="oc-13e">
         <name>.stack</name>
         <uninitialized>true</uninitialized>
         <run_address>0xa2a0</run_address>
         <size>0x0</size>
      </object_component>
      <object_component id="oc-fc">
         <name>.const:.string:__ctypes_</name>
         <load_address>0xb7c4</load_address>
         <run_address>0xb7c4</run_address>
         <size>0x101</size>
         <input_file_ref idref="fl-1b"/>
      </object_component>
      <object_component id="oc-6b">
         <name>.const:.string</name>
         <load_address>0xb8c5</load_address>
         <run_address>0xb8c5</run_address>
         <size>0x2</size>
         <input_file_ref idref="fl-1e"/>
      </object_component>
      <object_component id="oc-2d">
         <name>.const</name>
         <load_address>0xb8c8</load_address>
         <run_address>0xb8c8</run_address>
         <size>0x40</size>
         <input_file_ref idref="fl-c"/>
      </object_component>
      <object_component id="oc-5b">
         <name>.const:.string</name>
         <load_address>0xb908</load_address>
         <run_address>0xb908</run_address>
         <size>0x23</size>
         <input_file_ref idref="fl-19"/>
      </object_component>
      <object_component id="oc-29">
         <name>.const</name>
         <load_address>0xb92c</load_address>
         <run_address>0xb92c</run_address>
         <size>0x20</size>
         <input_file_ref idref="fl-b"/>
      </object_component>
      <object_component id="oc-17">
         <name>.const:.string</name>
         <load_address>0xb94c</load_address>
         <run_address>0xb94c</run_address>
         <size>0x10</size>
         <input_file_ref idref="fl-3"/>
      </object_component>
      <object_component id="oc-118">
         <name>.const:.string:_initial_approx$1</name>
         <load_address>0xb95c</load_address>
         <run_address>0xb95c</run_address>
         <size>0x8</size>
         <input_file_ref idref="fl-2b"/>
      </object_component>
      <object_component id="oc-15">
         <name>.far</name>
         <uninitialized>true</uninitialized>
         <run_address>0x80000000</run_address>
         <size>0xa30</size>
         <input_file_ref idref="fl-3"/>
      </object_component>
      <object_component id="oc-1d">
         <name>.far</name>
         <uninitialized>true</uninitialized>
         <run_address>0x80000ed4</run_address>
         <size>0xc</size>
         <input_file_ref idref="fl-4"/>
      </object_component>
      <object_component id="oc-23">
         <name>.far</name>
         <uninitialized>true</uninitialized>
         <run_address>0x80000bc4</run_address>
         <size>0xf4</size>
         <input_file_ref idref="fl-a"/>
      </object_component>
      <object_component id="oc-28">
         <name>.far</name>
         <uninitialized>true</uninitialized>
         <run_address>0x80000f08</run_address>
         <size>0x2</size>
         <input_file_ref idref="fl-b"/>
      </object_component>
      <object_component id="oc-2c">
         <name>.far</name>
         <uninitialized>true</uninitialized>
         <run_address>0x80000eec</run_address>
         <size>0x8</size>
         <input_file_ref idref="fl-c"/>
      </object_component>
      <object_component id="oc-31">
         <name>.far</name>
         <uninitialized>true</uninitialized>
         <run_address>0x80000e8c</run_address>
         <size>0x28</size>
         <input_file_ref idref="fl-d"/>
      </object_component>
      <object_component id="oc-35">
         <name>.far</name>
         <uninitialized>true</uninitialized>
         <run_address>0x80000eb4</run_address>
         <size>0x20</size>
         <input_file_ref idref="fl-e"/>
      </object_component>
      <object_component id="oc-3d">
         <name>.far</name>
         <uninitialized>true</uninitialized>
         <run_address>0x80000ee0</run_address>
         <size>0xc</size>
         <input_file_ref idref="fl-10"/>
      </object_component>
      <object_component id="oc-48">
         <name>.far</name>
         <uninitialized>true</uninitialized>
         <run_address>0x80000ef4</run_address>
         <size>0x8</size>
         <input_file_ref idref="fl-13"/>
      </object_component>
      <object_component id="oc-65">
         <name>.far</name>
         <uninitialized>true</uninitialized>
         <run_address>0x80000a30</run_address>
         <size>0x194</size>
         <input_file_ref idref="fl-1c"/>
      </object_component>
      <object_component id="oc-70">
         <name>.far</name>
         <uninitialized>true</uninitialized>
         <run_address>0x80000d88</run_address>
         <size>0xcc</size>
         <input_file_ref idref="fl-1f"/>
      </object_component>
      <object_component id="oc-7a">
         <name>.far</name>
         <uninitialized>true</uninitialized>
         <run_address>0x80000cb8</run_address>
         <size>0xd0</size>
         <input_file_ref idref="fl-22"/>
      </object_component>
      <object_component id="oc-b6">
         <name>.far</name>
         <uninitialized>true</uninitialized>
         <run_address>0x80000efc</run_address>
         <size>0x8</size>
         <input_file_ref idref="fl-35"/>
      </object_component>
      <object_component id="oc-bc">
         <name>.far</name>
         <uninitialized>true</uninitialized>
         <run_address>0x80000f04</run_address>
         <size>0x4</size>
         <input_file_ref idref="fl-36"/>
      </object_component>
      <object_component id="oc-c6">
         <name>.far</name>
         <uninitialized>true</uninitialized>
         <run_address>0x80000e54</run_address>
         <size>0x38</size>
         <input_file_ref idref="fl-39"/>
      </object_component>
      <object_component id="oc-df">
         <name>.switch:_config_Interrupt_Selector</name>
         <load_address>0xba84</load_address>
         <run_address>0xba84</run_address>
         <size>0x30</size>
         <input_file_ref idref="fl-4"/>
      </object_component>
      <object_component id="oc-b7">
         <name>.sysmem</name>
         <uninitialized>true</uninitialized>
         <run_address>0xaaa0</run_address>
         <size>0x8</size>
         <input_file_ref idref="fl-35"/>
      </object_component>
      <object_component id="oc-13f">
         <name>.sysmem</name>
         <uninitialized>true</uninitialized>
         <run_address>0xaaa0</run_address>
         <size>0x0</size>
      </object_component>
      <object_component id="oc-93">
         <name>.cio</name>
         <uninitialized>true</uninitialized>
         <run_address>0xb964</run_address>
         <size>0x120</size>
         <input_file_ref idref="fl-2a"/>
      </object_component>
      <object_component id="oc-10">
         <name>.debug_info</name>
         <load_address>0x0</load_address>
         <run_address>0x0</run_address>
         <size>0xcb</size>
         <input_file_ref idref="fl-2"/>
      </object_component>
      <object_component id="oc-13">
         <name>.debug_info</name>
         <load_address>0xcb</load_address>
         <run_address>0xcb</run_address>
         <size>0xdef</size>
         <input_file_ref idref="fl-3"/>
      </object_component>
      <object_component id="oc-1b">
         <name>.debug_info</name>
         <load_address>0xeba</load_address>
         <run_address>0xeba</run_address>
         <size>0x14df</size>
         <input_file_ref idref="fl-4"/>
      </object_component>
      <object_component id="oc-25">
         <name>.debug_info</name>
         <load_address>0x2399</load_address>
         <run_address>0x2399</run_address>
         <size>0xc2b</size>
         <input_file_ref idref="fl-a"/>
      </object_component>
      <object_component id="oc-37">
         <name>.debug_info</name>
         <load_address>0x2fc4</load_address>
         <run_address>0x2fc4</run_address>
         <size>0x719</size>
         <input_file_ref idref="fl-f"/>
      </object_component>
      <object_component id="oc-3b">
         <name>.debug_info</name>
         <load_address>0x36dd</load_address>
         <run_address>0x36dd</run_address>
         <size>0x899</size>
         <input_file_ref idref="fl-10"/>
      </object_component>
      <object_component id="oc-40">
         <name>.debug_info</name>
         <load_address>0x3f76</load_address>
         <run_address>0x3f76</run_address>
         <size>0xfc</size>
         <input_file_ref idref="fl-11"/>
      </object_component>
      <object_component id="oc-43">
         <name>.debug_info</name>
         <load_address>0x4072</load_address>
         <run_address>0x4072</run_address>
         <size>0x102</size>
         <input_file_ref idref="fl-12"/>
      </object_component>
      <object_component id="oc-46">
         <name>.debug_info</name>
         <load_address>0x4174</load_address>
         <run_address>0x4174</run_address>
         <size>0x689</size>
         <input_file_ref idref="fl-13"/>
      </object_component>
      <object_component id="oc-4b">
         <name>.debug_info</name>
         <load_address>0x47fd</load_address>
         <run_address>0x47fd</run_address>
         <size>0x71e</size>
         <input_file_ref idref="fl-14"/>
      </object_component>
      <object_component id="oc-4e">
         <name>.debug_info</name>
         <load_address>0x4f1b</load_address>
         <run_address>0x4f1b</run_address>
         <size>0x911</size>
         <input_file_ref idref="fl-15"/>
      </object_component>
      <object_component id="oc-51">
         <name>.debug_info</name>
         <load_address>0x582c</load_address>
         <run_address>0x582c</run_address>
         <size>0x9a0</size>
         <input_file_ref idref="fl-16"/>
      </object_component>
      <object_component id="oc-54">
         <name>.debug_info</name>
         <load_address>0x61cc</load_address>
         <run_address>0x61cc</run_address>
         <size>0x848</size>
         <input_file_ref idref="fl-17"/>
      </object_component>
      <object_component id="oc-57">
         <name>.debug_info</name>
         <load_address>0x6a14</load_address>
         <run_address>0x6a14</run_address>
         <size>0x836</size>
         <input_file_ref idref="fl-18"/>
      </object_component>
      <object_component id="oc-5a">
         <name>.debug_info</name>
         <load_address>0x724a</load_address>
         <run_address>0x724a</run_address>
         <size>0x335d</size>
         <input_file_ref idref="fl-19"/>
      </object_component>
      <object_component id="oc-5e">
         <name>.debug_info</name>
         <load_address>0xa5a7</load_address>
         <run_address>0xa5a7</run_address>
         <size>0x7df</size>
         <input_file_ref idref="fl-1a"/>
      </object_component>
      <object_component id="oc-61">
         <name>.debug_info</name>
         <load_address>0xad86</load_address>
         <run_address>0xad86</run_address>
         <size>0x629</size>
         <input_file_ref idref="fl-1b"/>
      </object_component>
      <object_component id="oc-63">
         <name>.debug_info</name>
         <load_address>0xb3af</load_address>
         <run_address>0xb3af</run_address>
         <size>0x714</size>
         <input_file_ref idref="fl-1c"/>
      </object_component>
      <object_component id="oc-67">
         <name>.debug_info</name>
         <load_address>0xbac3</load_address>
         <run_address>0xbac3</run_address>
         <size>0x7e9</size>
         <input_file_ref idref="fl-1d"/>
      </object_component>
      <object_component id="oc-6a">
         <name>.debug_info</name>
         <load_address>0xc2ac</load_address>
         <run_address>0xc2ac</run_address>
         <size>0xc08</size>
         <input_file_ref idref="fl-1e"/>
      </object_component>
      <object_component id="oc-6e">
         <name>.debug_info</name>
         <load_address>0xceb4</load_address>
         <run_address>0xceb4</run_address>
         <size>0x108a</size>
         <input_file_ref idref="fl-1f"/>
      </object_component>
      <object_component id="oc-73">
         <name>.debug_info</name>
         <load_address>0xdf3e</load_address>
         <run_address>0xdf3e</run_address>
         <size>0x7c5</size>
         <input_file_ref idref="fl-20"/>
      </object_component>
      <object_component id="oc-76">
         <name>.debug_info</name>
         <load_address>0xe703</load_address>
         <run_address>0xe703</run_address>
         <size>0x769</size>
         <input_file_ref idref="fl-21"/>
      </object_component>
      <object_component id="oc-79">
         <name>.debug_info</name>
         <load_address>0xee6c</load_address>
         <run_address>0xee6c</run_address>
         <size>0xff8</size>
         <input_file_ref idref="fl-22"/>
      </object_component>
      <object_component id="oc-7d">
         <name>.debug_info</name>
         <load_address>0xfe64</load_address>
         <run_address>0xfe64</run_address>
         <size>0xfc</size>
         <input_file_ref idref="fl-23"/>
      </object_component>
      <object_component id="oc-80">
         <name>.debug_info</name>
         <load_address>0xff60</load_address>
         <run_address>0xff60</run_address>
         <size>0x82e</size>
         <input_file_ref idref="fl-24"/>
      </object_component>
      <object_component id="oc-83">
         <name>.debug_info</name>
         <load_address>0x1078e</load_address>
         <run_address>0x1078e</run_address>
         <size>0x825</size>
         <input_file_ref idref="fl-25"/>
      </object_component>
      <object_component id="oc-86">
         <name>.debug_info</name>
         <load_address>0x10fb3</load_address>
         <run_address>0x10fb3</run_address>
         <size>0x733</size>
         <input_file_ref idref="fl-26"/>
      </object_component>
      <object_component id="oc-89">
         <name>.debug_info</name>
         <load_address>0x116e6</load_address>
         <run_address>0x116e6</run_address>
         <size>0x799</size>
         <input_file_ref idref="fl-27"/>
      </object_component>
      <object_component id="oc-8c">
         <name>.debug_info</name>
         <load_address>0x11e7f</load_address>
         <run_address>0x11e7f</run_address>
         <size>0x6e5</size>
         <input_file_ref idref="fl-28"/>
      </object_component>
      <object_component id="oc-8f">
         <name>.debug_info</name>
         <load_address>0x12564</load_address>
         <run_address>0x12564</run_address>
         <size>0x646</size>
         <input_file_ref idref="fl-29"/>
      </object_component>
      <object_component id="oc-92">
         <name>.debug_info</name>
         <load_address>0x12baa</load_address>
         <run_address>0x12baa</run_address>
         <size>0x9ef</size>
         <input_file_ref idref="fl-2a"/>
      </object_component>
      <object_component id="oc-96">
         <name>.debug_info</name>
         <load_address>0x13599</load_address>
         <run_address>0x13599</run_address>
         <size>0xafe</size>
         <input_file_ref idref="fl-2b"/>
      </object_component>
      <object_component id="oc-99">
         <name>.debug_info</name>
         <load_address>0x14097</load_address>
         <run_address>0x14097</run_address>
         <size>0x6e0</size>
         <input_file_ref idref="fl-2c"/>
      </object_component>
      <object_component id="oc-9c">
         <name>.debug_info</name>
         <load_address>0x14777</load_address>
         <run_address>0x14777</run_address>
         <size>0x6f9</size>
         <input_file_ref idref="fl-2d"/>
      </object_component>
      <object_component id="oc-9f">
         <name>.debug_info</name>
         <load_address>0x14e70</load_address>
         <run_address>0x14e70</run_address>
         <size>0x6f4</size>
         <input_file_ref idref="fl-2e"/>
      </object_component>
      <object_component id="oc-a2">
         <name>.debug_info</name>
         <load_address>0x15564</load_address>
         <run_address>0x15564</run_address>
         <size>0x865</size>
         <input_file_ref idref="fl-2f"/>
      </object_component>
      <object_component id="oc-a5">
         <name>.debug_info</name>
         <load_address>0x15dc9</load_address>
         <run_address>0x15dc9</run_address>
         <size>0x797</size>
         <input_file_ref idref="fl-30"/>
      </object_component>
      <object_component id="oc-a8">
         <name>.debug_info</name>
         <load_address>0x16560</load_address>
         <run_address>0x16560</run_address>
         <size>0x5fb</size>
         <input_file_ref idref="fl-31"/>
      </object_component>
      <object_component id="oc-ab">
         <name>.debug_info</name>
         <load_address>0x16b5b</load_address>
         <run_address>0x16b5b</run_address>
         <size>0x7bd</size>
         <input_file_ref idref="fl-32"/>
      </object_component>
      <object_component id="oc-ae">
         <name>.debug_info</name>
         <load_address>0x17318</load_address>
         <run_address>0x17318</run_address>
         <size>0x7a0</size>
         <input_file_ref idref="fl-33"/>
      </object_component>
      <object_component id="oc-b1">
         <name>.debug_info</name>
         <load_address>0x17ab8</load_address>
         <run_address>0x17ab8</run_address>
         <size>0x7ed</size>
         <input_file_ref idref="fl-34"/>
      </object_component>
      <object_component id="oc-b4">
         <name>.debug_info</name>
         <load_address>0x182a5</load_address>
         <run_address>0x182a5</run_address>
         <size>0xc65</size>
         <input_file_ref idref="fl-35"/>
      </object_component>
      <object_component id="oc-ba">
         <name>.debug_info</name>
         <load_address>0x18f0a</load_address>
         <run_address>0x18f0a</run_address>
         <size>0x8fe</size>
         <input_file_ref idref="fl-36"/>
      </object_component>
      <object_component id="oc-bf">
         <name>.debug_info</name>
         <load_address>0x19808</load_address>
         <run_address>0x19808</run_address>
         <size>0x806</size>
         <input_file_ref idref="fl-37"/>
      </object_component>
      <object_component id="oc-c2">
         <name>.debug_info</name>
         <load_address>0x1a00e</load_address>
         <run_address>0x1a00e</run_address>
         <size>0x6a1</size>
         <input_file_ref idref="fl-38"/>
      </object_component>
      <object_component id="oc-c8">
         <name>.debug_info</name>
         <load_address>0x1a6af</load_address>
         <run_address>0x1a6af</run_address>
         <size>0xac3</size>
         <input_file_ref idref="fl-39"/>
      </object_component>
      <object_component id="oc-140">
         <name>.debug_info</name>
         <load_address>0x1b172</load_address>
         <run_address>0x1b172</run_address>
         <size>0x6d</size>
      </object_component>
      <object_component id="oc-11">
         <name>.debug_line</name>
         <load_address>0x0</load_address>
         <run_address>0x0</run_address>
         <size>0xbb</size>
         <input_file_ref idref="fl-2"/>
      </object_component>
      <object_component id="oc-19">
         <name>.debug_line</name>
         <load_address>0xbb</load_address>
         <run_address>0xbb</run_address>
         <size>0xca</size>
         <input_file_ref idref="fl-3"/>
      </object_component>
      <object_component id="oc-1f">
         <name>.debug_line</name>
         <load_address>0x185</load_address>
         <run_address>0x185</run_address>
         <size>0x2ed</size>
         <input_file_ref idref="fl-4"/>
      </object_component>
      <object_component id="oc-26">
         <name>.debug_line</name>
         <load_address>0x472</load_address>
         <run_address>0x472</run_address>
         <size>0xf4</size>
         <input_file_ref idref="fl-a"/>
      </object_component>
      <object_component id="oc-39">
         <name>.debug_line</name>
         <load_address>0x566</load_address>
         <run_address>0x566</run_address>
         <size>0x3f</size>
         <input_file_ref idref="fl-f"/>
      </object_component>
      <object_component id="oc-3e">
         <name>.debug_line</name>
         <load_address>0x5a5</load_address>
         <run_address>0x5a5</run_address>
         <size>0x51</size>
         <input_file_ref idref="fl-10"/>
      </object_component>
      <object_component id="oc-41">
         <name>.debug_line</name>
         <load_address>0x5f6</load_address>
         <run_address>0x5f6</run_address>
         <size>0x45</size>
         <input_file_ref idref="fl-11"/>
      </object_component>
      <object_component id="oc-44">
         <name>.debug_line</name>
         <load_address>0x63b</load_address>
         <run_address>0x63b</run_address>
         <size>0x4a</size>
         <input_file_ref idref="fl-12"/>
      </object_component>
      <object_component id="oc-49">
         <name>.debug_line</name>
         <load_address>0x685</load_address>
         <run_address>0x685</run_address>
         <size>0x3d</size>
         <input_file_ref idref="fl-13"/>
      </object_component>
      <object_component id="oc-4c">
         <name>.debug_line</name>
         <load_address>0x6c2</load_address>
         <run_address>0x6c2</run_address>
         <size>0x48</size>
         <input_file_ref idref="fl-14"/>
      </object_component>
      <object_component id="oc-4f">
         <name>.debug_line</name>
         <load_address>0x70a</load_address>
         <run_address>0x70a</run_address>
         <size>0x70</size>
         <input_file_ref idref="fl-15"/>
      </object_component>
      <object_component id="oc-52">
         <name>.debug_line</name>
         <load_address>0x77a</load_address>
         <run_address>0x77a</run_address>
         <size>0x4b</size>
         <input_file_ref idref="fl-16"/>
      </object_component>
      <object_component id="oc-55">
         <name>.debug_line</name>
         <load_address>0x7c5</load_address>
         <run_address>0x7c5</run_address>
         <size>0x46</size>
         <input_file_ref idref="fl-17"/>
      </object_component>
      <object_component id="oc-58">
         <name>.debug_line</name>
         <load_address>0x80b</load_address>
         <run_address>0x80b</run_address>
         <size>0x4e</size>
         <input_file_ref idref="fl-18"/>
      </object_component>
      <object_component id="oc-5c">
         <name>.debug_line</name>
         <load_address>0x859</load_address>
         <run_address>0x859</run_address>
         <size>0x301</size>
         <input_file_ref idref="fl-19"/>
      </object_component>
      <object_component id="oc-5f">
         <name>.debug_line</name>
         <load_address>0xb5a</load_address>
         <run_address>0xb5a</run_address>
         <size>0x48</size>
         <input_file_ref idref="fl-1a"/>
      </object_component>
      <object_component id="oc-68">
         <name>.debug_line</name>
         <load_address>0xba2</load_address>
         <run_address>0xba2</run_address>
         <size>0x44</size>
         <input_file_ref idref="fl-1d"/>
      </object_component>
      <object_component id="oc-6c">
         <name>.debug_line</name>
         <load_address>0xbe6</load_address>
         <run_address>0xbe6</run_address>
         <size>0x85</size>
         <input_file_ref idref="fl-1e"/>
      </object_component>
      <object_component id="oc-71">
         <name>.debug_line</name>
         <load_address>0xc6b</load_address>
         <run_address>0xc6b</run_address>
         <size>0xee</size>
         <input_file_ref idref="fl-1f"/>
      </object_component>
      <object_component id="oc-74">
         <name>.debug_line</name>
         <load_address>0xd59</load_address>
         <run_address>0xd59</run_address>
         <size>0x47</size>
         <input_file_ref idref="fl-20"/>
      </object_component>
      <object_component id="oc-77">
         <name>.debug_line</name>
         <load_address>0xda0</load_address>
         <run_address>0xda0</run_address>
         <size>0x46</size>
         <input_file_ref idref="fl-21"/>
      </object_component>
      <object_component id="oc-7b">
         <name>.debug_line</name>
         <load_address>0xde6</load_address>
         <run_address>0xde6</run_address>
         <size>0x10a</size>
         <input_file_ref idref="fl-22"/>
      </object_component>
      <object_component id="oc-7e">
         <name>.debug_line</name>
         <load_address>0xef0</load_address>
         <run_address>0xef0</run_address>
         <size>0x46</size>
         <input_file_ref idref="fl-23"/>
      </object_component>
      <object_component id="oc-81">
         <name>.debug_line</name>
         <load_address>0xf36</load_address>
         <run_address>0xf36</run_address>
         <size>0x75</size>
         <input_file_ref idref="fl-24"/>
      </object_component>
      <object_component id="oc-84">
         <name>.debug_line</name>
         <load_address>0xfab</load_address>
         <run_address>0xfab</run_address>
         <size>0x61</size>
         <input_file_ref idref="fl-25"/>
      </object_component>
      <object_component id="oc-87">
         <name>.debug_line</name>
         <load_address>0x100c</load_address>
         <run_address>0x100c</run_address>
         <size>0x58</size>
         <input_file_ref idref="fl-26"/>
      </object_component>
      <object_component id="oc-8a">
         <name>.debug_line</name>
         <load_address>0x1064</load_address>
         <run_address>0x1064</run_address>
         <size>0x49</size>
         <input_file_ref idref="fl-27"/>
      </object_component>
      <object_component id="oc-8d">
         <name>.debug_line</name>
         <load_address>0x10ad</load_address>
         <run_address>0x10ad</run_address>
         <size>0x3f</size>
         <input_file_ref idref="fl-28"/>
      </object_component>
      <object_component id="oc-90">
         <name>.debug_line</name>
         <load_address>0x10ec</load_address>
         <run_address>0x10ec</run_address>
         <size>0x39</size>
         <input_file_ref idref="fl-29"/>
      </object_component>
      <object_component id="oc-94">
         <name>.debug_line</name>
         <load_address>0x1125</load_address>
         <run_address>0x1125</run_address>
         <size>0x64</size>
         <input_file_ref idref="fl-2a"/>
      </object_component>
      <object_component id="oc-97">
         <name>.debug_line</name>
         <load_address>0x1189</load_address>
         <run_address>0x1189</run_address>
         <size>0x9f</size>
         <input_file_ref idref="fl-2b"/>
      </object_component>
      <object_component id="oc-9a">
         <name>.debug_line</name>
         <load_address>0x1228</load_address>
         <run_address>0x1228</run_address>
         <size>0x4a</size>
         <input_file_ref idref="fl-2c"/>
      </object_component>
      <object_component id="oc-9d">
         <name>.debug_line</name>
         <load_address>0x1272</load_address>
         <run_address>0x1272</run_address>
         <size>0x4a</size>
         <input_file_ref idref="fl-2d"/>
      </object_component>
      <object_component id="oc-a0">
         <name>.debug_line</name>
         <load_address>0x12bc</load_address>
         <run_address>0x12bc</run_address>
         <size>0x50</size>
         <input_file_ref idref="fl-2e"/>
      </object_component>
      <object_component id="oc-a3">
         <name>.debug_line</name>
         <load_address>0x130c</load_address>
         <run_address>0x130c</run_address>
         <size>0x45</size>
         <input_file_ref idref="fl-2f"/>
      </object_component>
      <object_component id="oc-a6">
         <name>.debug_line</name>
         <load_address>0x1351</load_address>
         <run_address>0x1351</run_address>
         <size>0x47</size>
         <input_file_ref idref="fl-30"/>
      </object_component>
      <object_component id="oc-a9">
         <name>.debug_line</name>
         <load_address>0x1398</load_address>
         <run_address>0x1398</run_address>
         <size>0x2a</size>
         <input_file_ref idref="fl-31"/>
      </object_component>
      <object_component id="oc-ac">
         <name>.debug_line</name>
         <load_address>0x13c2</load_address>
         <run_address>0x13c2</run_address>
         <size>0x45</size>
         <input_file_ref idref="fl-32"/>
      </object_component>
      <object_component id="oc-af">
         <name>.debug_line</name>
         <load_address>0x1407</load_address>
         <run_address>0x1407</run_address>
         <size>0x43</size>
         <input_file_ref idref="fl-33"/>
      </object_component>
      <object_component id="oc-b2">
         <name>.debug_line</name>
         <load_address>0x144a</load_address>
         <run_address>0x144a</run_address>
         <size>0x46</size>
         <input_file_ref idref="fl-34"/>
      </object_component>
      <object_component id="oc-b8">
         <name>.debug_line</name>
         <load_address>0x1490</load_address>
         <run_address>0x1490</run_address>
         <size>0xaa</size>
         <input_file_ref idref="fl-35"/>
      </object_component>
      <object_component id="oc-bd">
         <name>.debug_line</name>
         <load_address>0x153a</load_address>
         <run_address>0x153a</run_address>
         <size>0x49</size>
         <input_file_ref idref="fl-36"/>
      </object_component>
      <object_component id="oc-c0">
         <name>.debug_line</name>
         <load_address>0x1583</load_address>
         <run_address>0x1583</run_address>
         <size>0x44</size>
         <input_file_ref idref="fl-37"/>
      </object_component>
      <object_component id="oc-c3">
         <name>.debug_line</name>
         <load_address>0x15c7</load_address>
         <run_address>0x15c7</run_address>
         <size>0x40</size>
         <input_file_ref idref="fl-38"/>
      </object_component>
      <object_component id="oc-c9">
         <name>.debug_line</name>
         <load_address>0x1607</load_address>
         <run_address>0x1607</run_address>
         <size>0xbf</size>
         <input_file_ref idref="fl-39"/>
      </object_component>
      <object_component id="oc-12">
         <name>.debug_abbrev</name>
         <load_address>0x0</load_address>
         <run_address>0x0</run_address>
         <size>0x20</size>
         <input_file_ref idref="fl-2"/>
      </object_component>
      <object_component id="oc-1a">
         <name>.debug_abbrev</name>
         <load_address>0x20</load_address>
         <run_address>0x20</run_address>
         <size>0x17a</size>
         <input_file_ref idref="fl-3"/>
      </object_component>
      <object_component id="oc-20">
         <name>.debug_abbrev</name>
         <load_address>0x19a</load_address>
         <run_address>0x19a</run_address>
         <size>0x15d</size>
         <input_file_ref idref="fl-4"/>
      </object_component>
      <object_component id="oc-24">
         <name>.debug_abbrev</name>
         <load_address>0x2f7</load_address>
         <run_address>0x2f7</run_address>
         <size>0x1b7</size>
         <input_file_ref idref="fl-a"/>
      </object_component>
      <object_component id="oc-3a">
         <name>.debug_abbrev</name>
         <load_address>0x4ae</load_address>
         <run_address>0x4ae</run_address>
         <size>0xe7</size>
         <input_file_ref idref="fl-f"/>
      </object_component>
      <object_component id="oc-3f">
         <name>.debug_abbrev</name>
         <load_address>0x595</load_address>
         <run_address>0x595</run_address>
         <size>0x119</size>
         <input_file_ref idref="fl-10"/>
      </object_component>
      <object_component id="oc-42">
         <name>.debug_abbrev</name>
         <load_address>0x6ae</load_address>
         <run_address>0x6ae</run_address>
         <size>0x3a</size>
         <input_file_ref idref="fl-11"/>
      </object_component>
      <object_component id="oc-45">
         <name>.debug_abbrev</name>
         <load_address>0x6e8</load_address>
         <run_address>0x6e8</run_address>
         <size>0x3a</size>
         <input_file_ref idref="fl-12"/>
      </object_component>
      <object_component id="oc-4a">
         <name>.debug_abbrev</name>
         <load_address>0x722</load_address>
         <run_address>0x722</run_address>
         <size>0x9f</size>
         <input_file_ref idref="fl-13"/>
      </object_component>
      <object_component id="oc-4d">
         <name>.debug_abbrev</name>
         <load_address>0x7c1</load_address>
         <run_address>0x7c1</run_address>
         <size>0xe1</size>
         <input_file_ref idref="fl-14"/>
      </object_component>
      <object_component id="oc-50">
         <name>.debug_abbrev</name>
         <load_address>0x8a2</load_address>
         <run_address>0x8a2</run_address>
         <size>0x14b</size>
         <input_file_ref idref="fl-15"/>
      </object_component>
      <object_component id="oc-53">
         <name>.debug_abbrev</name>
         <load_address>0x9ed</load_address>
         <run_address>0x9ed</run_address>
         <size>0x155</size>
         <input_file_ref idref="fl-16"/>
      </object_component>
      <object_component id="oc-56">
         <name>.debug_abbrev</name>
         <load_address>0xb42</load_address>
         <run_address>0xb42</run_address>
         <size>0x10c</size>
         <input_file_ref idref="fl-17"/>
      </object_component>
      <object_component id="oc-59">
         <name>.debug_abbrev</name>
         <load_address>0xc4e</load_address>
         <run_address>0xc4e</run_address>
         <size>0xd5</size>
         <input_file_ref idref="fl-18"/>
      </object_component>
      <object_component id="oc-5d">
         <name>.debug_abbrev</name>
         <load_address>0xd23</load_address>
         <run_address>0xd23</run_address>
         <size>0x1d1</size>
         <input_file_ref idref="fl-19"/>
      </object_component>
      <object_component id="oc-60">
         <name>.debug_abbrev</name>
         <load_address>0xef4</load_address>
         <run_address>0xef4</run_address>
         <size>0xcc</size>
         <input_file_ref idref="fl-1a"/>
      </object_component>
      <object_component id="oc-62">
         <name>.debug_abbrev</name>
         <load_address>0xfc0</load_address>
         <run_address>0xfc0</run_address>
         <size>0x5f</size>
         <input_file_ref idref="fl-1b"/>
      </object_component>
      <object_component id="oc-66">
         <name>.debug_abbrev</name>
         <load_address>0x101f</load_address>
         <run_address>0x101f</run_address>
         <size>0x83</size>
         <input_file_ref idref="fl-1c"/>
      </object_component>
      <object_component id="oc-69">
         <name>.debug_abbrev</name>
         <load_address>0x10a2</load_address>
         <run_address>0x10a2</run_address>
         <size>0x109</size>
         <input_file_ref idref="fl-1d"/>
      </object_component>
      <object_component id="oc-6d">
         <name>.debug_abbrev</name>
         <load_address>0x11ab</load_address>
         <run_address>0x11ab</run_address>
         <size>0x135</size>
         <input_file_ref idref="fl-1e"/>
      </object_component>
      <object_component id="oc-72">
         <name>.debug_abbrev</name>
         <load_address>0x12e0</load_address>
         <run_address>0x12e0</run_address>
         <size>0x22b</size>
         <input_file_ref idref="fl-1f"/>
      </object_component>
      <object_component id="oc-75">
         <name>.debug_abbrev</name>
         <load_address>0x150b</load_address>
         <run_address>0x150b</run_address>
         <size>0xe3</size>
         <input_file_ref idref="fl-20"/>
      </object_component>
      <object_component id="oc-78">
         <name>.debug_abbrev</name>
         <load_address>0x15ee</load_address>
         <run_address>0x15ee</run_address>
         <size>0xae</size>
         <input_file_ref idref="fl-21"/>
      </object_component>
      <object_component id="oc-7c">
         <name>.debug_abbrev</name>
         <load_address>0x169c</load_address>
         <run_address>0x169c</run_address>
         <size>0x151</size>
         <input_file_ref idref="fl-22"/>
      </object_component>
      <object_component id="oc-7f">
         <name>.debug_abbrev</name>
         <load_address>0x17ed</load_address>
         <run_address>0x17ed</run_address>
         <size>0x3a</size>
         <input_file_ref idref="fl-23"/>
      </object_component>
      <object_component id="oc-82">
         <name>.debug_abbrev</name>
         <load_address>0x1827</load_address>
         <run_address>0x1827</run_address>
         <size>0xc3</size>
         <input_file_ref idref="fl-24"/>
      </object_component>
      <object_component id="oc-85">
         <name>.debug_abbrev</name>
         <load_address>0x18ea</load_address>
         <run_address>0x18ea</run_address>
         <size>0xc3</size>
         <input_file_ref idref="fl-25"/>
      </object_component>
      <object_component id="oc-88">
         <name>.debug_abbrev</name>
         <load_address>0x19ad</load_address>
         <run_address>0x19ad</run_address>
         <size>0xa3</size>
         <input_file_ref idref="fl-26"/>
      </object_component>
      <object_component id="oc-8b">
         <name>.debug_abbrev</name>
         <load_address>0x1a50</load_address>
         <run_address>0x1a50</run_address>
         <size>0xd0</size>
         <input_file_ref idref="fl-27"/>
      </object_component>
      <object_component id="oc-8e">
         <name>.debug_abbrev</name>
         <load_address>0x1b20</load_address>
         <run_address>0x1b20</run_address>
         <size>0xa3</size>
         <input_file_ref idref="fl-28"/>
      </object_component>
      <object_component id="oc-91">
         <name>.debug_abbrev</name>
         <load_address>0x1bc3</load_address>
         <run_address>0x1bc3</run_address>
         <size>0x71</size>
         <input_file_ref idref="fl-29"/>
      </object_component>
      <object_component id="oc-95">
         <name>.debug_abbrev</name>
         <load_address>0x1c34</load_address>
         <run_address>0x1c34</run_address>
         <size>0xd5</size>
         <input_file_ref idref="fl-2a"/>
      </object_component>
      <object_component id="oc-98">
         <name>.debug_abbrev</name>
         <load_address>0x1d09</load_address>
         <run_address>0x1d09</run_address>
         <size>0x146</size>
         <input_file_ref idref="fl-2b"/>
      </object_component>
      <object_component id="oc-9b">
         <name>.debug_abbrev</name>
         <load_address>0x1e4f</load_address>
         <run_address>0x1e4f</run_address>
         <size>0xac</size>
         <input_file_ref idref="fl-2c"/>
      </object_component>
      <object_component id="oc-9e">
         <name>.debug_abbrev</name>
         <load_address>0x1efb</load_address>
         <run_address>0x1efb</run_address>
         <size>0xc3</size>
[...]
      </symbol>
      <symbol id="sm-aa">
         <name>_init_hw_interrupts</name>
         <value>0x8640</value>
         <object_component_ref idref="oc-dd"/>
      </symbol>
      <symbol id="sm-e0">
         <name>_enableNMI</name>
         <value>0xa18</value>
         <object_component_ref idref="oc-cd"/>
      </symbol>
      <symbol id="sm-e1">
         <name>_comm_poll</name>
         <value>0xeb8</value>
         <object_component_ref idref="oc-cd"/>
      </symbol>
      <symbol id="sm-e2">
         <name>_output_left_sample</name>
         <value>0x1050</value>
         <object_component_ref idref="oc-cd"/>
      </symbol>
      <symbol id="sm-e3">
         <name>_polling</name>
         <value>0x80000ed8</value>
         <object_component_ref idref="oc-1d"/>
      </symbol>
      <symbol id="sm-e4">
         <name>_comm_intr</name>
         <value>0xeec</value>
         <object_component_ref idref="oc-cd"/>
      </symbol>
      <symbol id="sm-e5">
         <name>_input_left_sample</name>
         <value>0xf68</value>
         <object_component_ref idref="oc-cd"/>
      </symbol>
      <symbol id="sm-e6">
         <name>_c6x11_dsk_init</name>
         <value>0xe5c</value>
         <object_component_ref idref="oc-cd"/>
      </symbol>
      <symbol id="sm-e7">
         <name>_output_sample</name>
         <value>0x1028</value>
         <object_component_ref idref="oc-cd"/>
      </symbol>
      <symbol id="sm-e8">
         <name>_output_leftright_sample</name>
         <value>0x10f4</value>
         <object_component_ref idref="oc-cd"/>
      </symbol>
      <symbol id="sm-e9">
         <name>_mcbsp1_activate</name>
         <value>0x111c</value>
         <object_component_ref idref="oc-cd"/>
      </symbol>
      <symbol id="sm-ea">
         <name>_mcbsp1_init</name>
         <value>0xcd0</value>
         <object_component_ref idref="oc-cd"/>
      </symbol>
      <symbol id="sm-eb">
         <name>_input_right_sample</name>
         <value>0xfa8</value>
         <object_component_ref idref="oc-cd"/>
      </symbol>
      <symbol id="sm-ec">
         <name>_enableSpecificINT</name>
         <value>0xa30</value>
         <object_component_ref idref="oc-cd"/>
      </symbol>
      <symbol id="sm-ed">
         <name>_enableGlobalINT</name>
         <value>0xa00</value>
         <object_component_ref idref="oc-cd"/>
      </symbol>
      <symbol id="sm-ee">
         <name>_config_Interrupt_Selector</name>
         <value>0xa6c</value>
         <object_component_ref idref="oc-cd"/>
      </symbol>
      <symbol id="sm-ef">
         <name>_mcbsp1_read</name>
         <value>0xd58</value>
         <object_component_ref idref="oc-cd"/>
      </symbol>
      <symbol id="sm-f0">
         <name>_mcbsp1_write</name>
         <value>0xde4</value>
         <object_component_ref idref="oc-cd"/>
      </symbol>
      <symbol id="sm-f1">
         <name>_Act_Fs</name>
         <value>0x80000ed4</value>
         <object_component_ref idref="oc-1d"/>
      </symbol>
      <symbol id="sm-f2">
         <name>_input_leftright_sample</name>
         <value>0xfe8</value>
         <object_component_ref idref="oc-cd"/>
      </symbol>
      <symbol id="sm-f3">
         <name>_mcbspData</name>
         <value>0x80000edc</value>
         <object_component_ref idref="oc-1d"/>
      </symbol>
      <symbol id="sm-f4">
         <name>_input_sample</name>
         <value>0xf44</value>
         <object_component_ref idref="oc-cd"/>
      </symbol>
      <symbol id="sm-f5">
         <name>_output_right_sample</name>
         <value>0x10a8</value>
         <object_component_ref idref="oc-cd"/>
      </symbol>
      <symbol id="sm-10f">
         <name>__IRQ_eventTable</name>
         <value>0x80000bec</value>
         <object_component_ref idref="oc-23"/>
      </symbol>
      <symbol id="sm-110">
         <name>_IRQ_nmiEnable</name>
         <value>0xa1a0</value>
         <object_component_ref idref="oc-e7"/>
      </symbol>
      <symbol id="sm-111">
         <name>__IRQ_intTable</name>
         <value>0x80000c70</value>
         <object_component_ref idref="oc-23"/>
      </symbol>
      <symbol id="sm-112">
         <name>_IRQ_globalEnable</name>
         <value>0xa180</value>
         <object_component_ref idref="oc-ea"/>
      </symbol>
      <symbol id="sm-113">
         <name>_IRQ_globalDisable</name>
         <value>0xa160</value>
         <object_component_ref idref="oc-e6"/>
      </symbol>
      <symbol id="sm-114">
         <name>_IRQ_map</name>
         <value>0x69e0</value>
         <object_component_ref idref="oc-e8"/>
      </symbol>
      <symbol id="sm-115">
         <name>_IRQ_enable</name>
         <value>0xa060</value>
         <object_component_ref idref="oc-e9"/>
      </symbol>
      <symbol id="sm-116">
         <name>__IRQ_dispatchTable</name>
         <value>0x80000cb0</value>
         <object_component_ref idref="oc-23"/>
      </symbol>
      <symbol id="sm-117">
         <name>__IRQ_hookFetchPacket</name>
         <value>0xa280</value>
         <object_component_ref idref="oc-21"/>
      </symbol>
      <symbol id="sm-121">
         <name>_DSK6713_init</name>
         <value>0x2a50</value>
         <object_component_ref idref="oc-27"/>
      </symbol>
      <symbol id="sm-122">
         <name>_DSK6713_version</name>
         <value>0x80000f08</value>
         <object_component_ref idref="oc-28"/>
      </symbol>
      <symbol id="sm-123">
         <name>_DSK6713_rget</name>
         <value>0x2d50</value>
         <object_component_ref idref="oc-27"/>
      </symbol>
      <symbol id="sm-124">
         <name>_DSK6713_wait</name>
         <value>0x2d78</value>
         <object_component_ref idref="oc-27"/>
      </symbol>
      <symbol id="sm-125">
         <name>_DSK6713_rset</name>
         <value>0x2d64</value>
         <object_component_ref idref="oc-27"/>
      </symbol>
      <symbol id="sm-126">
         <name>_DSK6713_waitusec</name>
         <value>0x2dcc</value>
         <object_component_ref idref="oc-27"/>
      </symbol>
      <symbol id="sm-127">
         <name>_DSK6713_getVersion</name>
         <value>0x2df8</value>
         <object_component_ref idref="oc-27"/>
      </symbol>
      <symbol id="sm-131">
         <name>_DSK6713_AIC23_codeccontrolhandle</name>
         <value>0x80000eec</value>
         <object_component_ref idref="oc-2c"/>
      </symbol>
      <symbol id="sm-132">
         <name>_DSK6713_AIC23_codecdatahandle</name>
         <value>0x80000ef0</value>
         <object_component_ref idref="oc-2c"/>
      </symbol>
      <symbol id="sm-133">
         <name>_DSK6713_AIC23_openCodec</name>
         <value>0x5260</value>
         <object_component_ref idref="oc-2b"/>
      </symbol>
      <symbol id="sm-13d">
         <name>_DSK6713_AIC23_config</name>
         <value>0x7d60</value>
         <object_component_ref idref="oc-2f"/>
      </symbol>
      <symbol id="sm-13e">
         <name>_DSK6713_AIC23_rget</name>
         <value>0x7d3c</value>
         <object_component_ref idref="oc-2f"/>
      </symbol>
      <symbol id="sm-13f">
         <name>_DSK6713_AIC23_rset</name>
         <value>0x7ca0</value>
         <object_component_ref idref="oc-2f"/>
      </symbol>
      <symbol id="sm-149">
         <name>_DSK6713_AIC23_setFreq</name>
         <value>0x9820</value>
         <object_component_ref idref="oc-33"/>
      </symbol>
      <symbol id="sm-155">
         <name>_c_int00</name>
         <value>0x9e40</value>
         <object_component_ref idref="oc-e"/>
      </symbol>
      <symbol id="sm-156">
         <name>__stack</name>
         <value>0xa2a0</value>
         <object_component_ref idref="oc-38"/>
      </symbol>
      <symbol id="sm-166">
         <name>C$$EXIT</name>
         <value>0xa240</value>
         <object_component_ref idref="oc-de"/>
      </symbol>
      <symbol id="sm-167">
         <name>_exit</name>
         <value>0x8260</value>
         <object_component_ref idref="oc-cc"/>
      </symbol>
      <symbol id="sm-168">
         <name>___TI_enable_exit_profile_output</name>
         <value>0x80000ee8</value>
         <object_component_ref idref="oc-3d"/>
      </symbol>
      <symbol id="sm-169">
         <name>_abort</name>
         <value>0xa240</value>
         <object_component_ref idref="oc-de"/>
      </symbol>
      <symbol id="sm-16a">
         <name>__cleanup_ptr</name>
         <value>0x80000ee0</value>
         <object_component_ref idref="oc-3d"/>
      </symbol>
      <symbol id="sm-16b">
         <name>__dtors_ptr</name>
         <value>0x80000ee4</value>
         <object_component_ref idref="oc-3d"/>
      </symbol>
      <symbol id="sm-173">
         <name>__remi</name>
         <value>0x8de0</value>
         <object_component_ref idref="oc-ce"/>
      </symbol>
      <symbol id="sm-174">
         <name>__c6xabi_remi</name>
         <value>0x8de0</value>
         <object_component_ref idref="oc-ce"/>
      </symbol>
      <symbol id="sm-17c">
         <name>__strasg</name>
         <value>0x9280</value>
         <object_component_ref idref="oc-d0"/>
      </symbol>
      <symbol id="sm-18a">
         <name>__unlock</name>
         <value>0x80000ef8</value>
         <object_component_ref idref="oc-48"/>
      </symbol>
      <symbol id="sm-18b">
         <name>__lock</name>
         <value>0x80000ef4</value>
         <object_component_ref idref="oc-48"/>
      </symbol>
      <symbol id="sm-18c">
         <name>__nop</name>
         <value>0xa1e0</value>
         <object_component_ref idref="oc-d3"/>
      </symbol>
      <symbol id="sm-196">
         <name>__args_main</name>
         <value>0xa120</value>
         <object_component_ref idref="oc-cb"/>
      </symbol>
      <symbol id="sm-197">
         <name>__TI_args_main</name>
         <value>0x1</value>
      </symbol>
      <symbol id="sm-1a5">
         <name>_printf</name>
         <value>0x9760</value>
         <object_component_ref idref="oc-cf"/>
      </symbol>
      <symbol id="sm-1af">
         <name>__auto_init</name>
         <value>0x73a0</value>
         <object_component_ref idref="oc-ca"/>
      </symbol>
      <symbol id="sm-1b9">
         <name>_copy_in</name>
         <value>0x95e0</value>
         <object_component_ref idref="oc-db"/>
      </symbol>
      <symbol id="sm-1c3">
         <name>_memcpy</name>
         <value>0x61a0</value>
         <object_component_ref idref="oc-dc"/>
      </symbol>
      <symbol id="sm-1f3">
         <name>__printfi</name>
         <value>0x24a0</value>
         <object_component_ref idref="oc-e2"/>
      </symbol>
      <symbol id="sm-1fd">
         <name>_atoi</name>
         <value>0x78e0</value>
         <object_component_ref idref="oc-f6"/>
      </symbol>
      <symbol id="sm-205">
         <name>__ctypes_</name>
         <value>0xb7c4</value>
         <object_component_ref idref="oc-fc"/>
      </symbol>
      <symbol id="sm-20f">
         <name>__tmpnams</name>
         <value>0x80000b20</value>
         <object_component_ref idref="oc-65"/>
      </symbol>
      <symbol id="sm-210">
         <name>__ft_end</name>
         <value>0x80000bc0</value>
         <object_component_ref idref="oc-65"/>
      </symbol>
      <symbol id="sm-211">
         <name>__ftable</name>
         <value>0x80000a30</value>
         <object_component_ref idref="oc-65"/>
      </symbol>
      <symbol id="sm-21b">
         <name>_putc</name>
         <value>0x70a0</value>
         <object_component_ref idref="oc-ec"/>
      </symbol>
      <symbol id="sm-21c">
         <name>_fputc</name>
         <value>0x70a0</value>
         <object_component_ref idref="oc-ec"/>
      </symbol>
      <symbol id="sm-228">
         <name>_fputs</name>
         <value>0x3a80</value>
         <object_component_ref idref="oc-eb"/>
      </symbol>
      <symbol id="sm-240">
         <name>_unlink</name>
         <value>0x9c00</value>
         <object_component_ref idref="oc-124"/>
      </symbol>
      <symbol id="sm-241">
         <name>_lseek</name>
         <value>0x7a20</value>
         <object_component_ref idref="oc-105"/>
      </symbol>
      <symbol id="sm-242">
         <name>_close</name>
         <value>0x8140</value>
         <object_component_ref idref="oc-11d"/>
      </symbol>
      <symbol id="sm-243">
         <name>_write</name>
         <value>0x7b60</value>
         <object_component_ref idref="oc-f4"/>
      </symbol>
      <symbol id="sm-24d">
         <name>_ltoa</name>
         <value>0x8380</value>
         <object_component_ref idref="oc-115"/>
      </symbol>
      <symbol id="sm-257">
         <name>_memccpy</name>
         <value>0x9ec0</value>
         <object_component_ref idref="oc-f9"/>
      </symbol>
      <symbol id="sm-26f">
         <name>_HOSTopen</name>
         <value>0x7de0</value>
         <object_component_ref idref="oc-d4"/>
      </symbol>
      <symbol id="sm-270">
         <name>_HOSTread</name>
         <value>0x7660</value>
         <object_component_ref idref="oc-d6"/>
      </symbol>
      <symbol id="sm-271">
         <name>_HOSTrename</name>
         <value>0x63e0</value>
         <object_component_ref idref="oc-da"/>
      </symbol>
      <symbol id="sm-272">
         <name>_HOSTwrite</name>
         <value>0x7f00</value>
         <object_component_ref idref="oc-d7"/>
      </symbol>
      <symbol id="sm-273">
         <name>_HOSTlseek</name>
         <value>0x7240</value>
         <object_component_ref idref="oc-d8"/>
      </symbol>
      <symbol id="sm-274">
         <name>_HOSTunlink</name>
         <value>0x87e0</value>
         <object_component_ref idref="oc-d9"/>
      </symbol>
      <symbol id="sm-275">
         <name>_HOSTclose</name>
         <value>0x86e0</value>
         <object_component_ref idref="oc-d5"/>
      </symbol>
      <symbol id="sm-27d">
         <name>__c6xabi_divu</name>
         <value>0x9520</value>
         <object_component_ref idref="oc-11a"/>
      </symbol>
      <symbol id="sm-27e">
         <name>__divu</name>
         <value>0x9520</value>
         <object_component_ref idref="oc-11a"/>
      </symbol>
      <symbol id="sm-28c">
         <name>__divul</name>
         <value>0x5ac0</value>
         <object_component_ref idref="oc-11b"/>
      </symbol>
      <symbol id="sm-28d">
         <name>__remli</name>
         <value>0x9a20</value>
         <object_component_ref idref="oc-11f"/>
      </symbol>
      <symbol id="sm-28e">
         <name>__divli</name>
         <value>0x8be0</value>
         <object_component_ref idref="oc-120"/>
      </symbol>
      <symbol id="sm-29a">
         <name>__subcull</name>
         <value>0xa000</value>
         <object_component_ref idref="oc-122"/>
      </symbol>
      <symbol id="sm-29b">
         <name>__divull</name>
         <value>0x3e40</value>
         <object_component_ref idref="oc-11c"/>
      </symbol>
      <symbol id="sm-2a7">
         <name>__llshl</name>
         <value>0x9dc0</value>
         <object_component_ref idref="oc-121"/>
      </symbol>
      <symbol id="sm-2a8">
         <name>__llshru</name>
         <value>0x9fa0</value>
         <object_component_ref idref="oc-123"/>
      </symbol>
      <symbol id="sm-2b2">
         <name>_memset</name>
         <value>0x84a0</value>
         <object_component_ref idref="oc-f5"/>
      </symbol>
      <symbol id="sm-2bc">
         <name>__mpyll</name>
         <value>0x9980</value>
         <object_component_ref idref="oc-110"/>
      </symbol>
      <symbol id="sm-2c6">
         <name>__negll</name>
         <value>0xa1c0</value>
         <object_component_ref idref="oc-103"/>
      </symbol>
      <symbol id="sm-2d4">
         <name>C$$IO$$</name>
         <value>0x9d18</value>
         <object_component_ref idref="oc-e4"/>
      </symbol>
      <symbol id="sm-2d5">
         <name>__CIOBUF_</name>
         <value>0xb964</value>
         <object_component_ref idref="oc-93"/>
      </symbol>
      <symbol id="sm-2d6">
         <name>_readmsg</name>
         <value>0x9ac0</value>
         <object_component_ref idref="oc-e5"/>
      </symbol>
      <symbol id="sm-2d7">
         <name>_writemsg</name>
         <value>0x9ca0</value>
         <object_component_ref idref="oc-e4"/>
      </symbol>
      <symbol id="sm-2e5">
         <name>__divd</name>
         <value>0x220</value>
         <object_component_ref idref="oc-10e"/>
      </symbol>
      <symbol id="sm-2ef">
         <name>__fixdli</name>
         <value>0x98e0</value>
         <object_component_ref idref="oc-114"/>
      </symbol>
      <symbol id="sm-2f9">
         <name>__fltlid</name>
         <value>0x9d40</value>
         <object_component_ref idref="oc-116"/>
      </symbol>
      <symbol id="sm-303">
         <name>__frcmpyd_div</name>
         <value>0x4c20</value>
         <object_component_ref idref="oc-119"/>
      </symbol>
      <symbol id="sm-30d">
         <name>___isinf</name>
         <value>0x9f40</value>
         <object_component_ref idref="oc-fe"/>
      </symbol>
      <symbol id="sm-317">
         <name>__wrt_ok</name>
         <value>0x77a0</value>
         <object_component_ref idref="oc-f2"/>
      </symbol>
      <symbol id="sm-328">
         <name>__doflush</name>
         <value>0x8fe0</value>
         <object_component_ref idref="oc-f3"/>
      </symbol>
      <symbol id="sm-332">
         <name>_fseek</name>
         <value>0x8ee0</value>
         <object_component_ref idref="oc-fa"/>
      </symbol>
      <symbol id="sm-33c">
         <name>_setvbuf</name>
         <value>0x6600</value>
         <object_component_ref idref="oc-fb"/>
      </symbol>
      <symbol id="sm-352">
         <name>__sys_memory</name>
         <value>0xaaa0</value>
         <object_component_ref idref="oc-b7"/>
      </symbol>
      <symbol id="sm-353">
         <name>_free</name>
         <value>0x4540</value>
         <object_component_ref idref="oc-106"/>
      </symbol>
      <symbol id="sm-354">
         <name>_malloc</name>
         <value>0x5f60</value>
         <object_component_ref idref="oc-107"/>
      </symbol>
      <symbol id="sm-362">
         <name>__cleanup</name>
         <value>0x8020</value>
         <object_component_ref idref="oc-108"/>
      </symbol>
      <symbol id="sm-36c">
         <name>_fclose</name>
         <value>0x7500</value>
         <object_component_ref idref="oc-113"/>
      </symbol>
      <symbol id="sm-376">
         <name>_remove</name>
         <value>0xa260</value>
         <object_component_ref idref="oc-11e"/>
      </symbol>
      <symbol id="sm-388">
         <name>_MCBSP_reset</name>
         <value>0x6d60</value>
         <object_component_ref idref="oc-e3"/>
      </symbol>
      <symbol id="sm-389">
         <name>_MCBSP_open</name>
         <value>0x88e0</value>
         <object_component_ref idref="oc-d1"/>
      </symbol>
      <symbol id="sm-38a">
         <name>__MCBSP_hDev0</name>
         <value>0x80000e84</value>
         <object_component_ref idref="oc-c6"/>
      </symbol>
      <symbol id="sm-38b">
         <name>__MCBSP_hDev1</name>
         <value>0x80000e88</value>
         <object_component_ref idref="oc-c6"/>
      </symbol>
      <symbol id="sm-38c">
         <name>_MCBSP_start</name>
         <value>0x89e0</value>
         <object_component_ref idref="oc-d2"/>
      </symbol>
   </symbol_table>
</link_info>
