******************************************************************************
               TMS320C6x Linker PC v7.4.4                      
******************************************************************************
>> Linked Tue Apr 25 11:20:03 2017

OUTPUT FILE NAME:   <dsp2lab3.out>
ENTRY POINT SYMBOL: "_c_int00"  address: 00009e40


MEMORY CONFIGURATION

         name            origin    length      used     unused   attr    fill
----------------------  --------  ---------  --------  --------  ----  --------
  vecs                  00000000   00000220  00000200  00000020  RWIX
  IRAM                  00000220   0000ffe0  0000b894  0000474c  RWIX
  CE0                   80000000   01000000  00000f0a  00fff0f6  RWIX


SECTION ALLOCATION MAP

 output                                  attributes/
section   page    origin      length       input sections
--------  ----  ----------  ----------   ----------------
vectors    0    00000000    00000200     
                  00000000    00000200     vectors11.obj (vectors)

$BRID      0    00000000    00000098     COPY SECTION
                  00000000    00000054     dsk6713bsl.lib : dsk6713.obj ($BRID)
                  00000054    00000024                    : dsk6713_aic23_opencodec.obj ($BRID)
                  00000078    00000014                    : dsk6713_aic23_registers.obj ($BRID)
                  0000008c    0000000c                    : dsk6713_aic23_setfreq.obj ($BRID)

.text      0    00000220    0000a080     
                  00000220    000007e0     rts6700.lib : divd.obj (.text:__divd)
                  00000a00    00000740     c6xdskinit_pcm.obj (.text)
                  00001140    000006e0     main.obj (.text:retain)
                  00001820    000006c0     rts6700.lib : _printfi.obj (.text:__getarg_diouxp)
                  00001ee0    000005c0                 : _printfi.obj (.text:__setfield)
                  000024a0    00000580                 : _printfi.obj (.text:__printfi)
                  00002a20    00000460     dsk6713bsl.lib : dsk6713.obj (.text)
                  00002e80    00000420     rts6700.lib : _printfi.obj (.text:_fcvt)
                  000032a0    00000400                 : _printfi.obj (.text:_ecvt)
                  000036a0    000003e0                 : _printfi.obj (.text:__pproc_fge)
                  00003a80    000003c0                 : fputs.obj (.text:_fputs)
                  00003e40    00000380                 : imath64.obj (.text:__divull)
                  000041c0    00000380                 : _printfi.obj (.text:__pproc_fwp)
                  00004540    00000380                 : memory.obj (.text:_free)
                  000048c0    00000360                 : _printfi.obj (.text:__pconv_e)
                  00004c20    00000340                 : frcmpyd_div.obj (.text:__frcmpyd_div)
                  00004f60    00000300                 : _printfi.obj (.text:__pproc_diouxp)
                  00005260    00000300     dsk6713bsl.lib : dsk6713_aic23_opencodec.obj (.text)
                  00005560    000002c0     rts6700.lib : _printfi.obj (.text:__pproc_str)
                  00005820    000002a0                 : _printfi.obj (.text:__pconv_g)
                  00005ac0    00000260                 : imath40.obj (.text:__divul)
                  00005d20    00000240                 : _printfi.obj (.text:__mcpy)
                  00005f60    00000240                 : memory.obj (.text:_malloc)
                  000061a0    00000240                 : memcpy62.obj (.text:_memcpy)
                  000063e0    00000220                 : trgdrv.obj (.text:_HOSTrename)
                  00006600    00000200                 : setvbuf.obj (.text:_setvbuf)
                  00006800    000001e0                 : lowlev.obj (.text:_getdevice)
                  000069e0    000001c0     csl6713.lib : csl_irq.obj (.text:_IRQ_map)
                  00006ba0    000001c0     rts6700.lib : _printfi.obj (.text:__ltostr)
                  00006d60    000001a0     csl6713.lib : csl_mcbsp.obj (.text:_MCBSP_reset)
                  00006f00    000001a0     rts6700.lib : _printfi.obj (.text:__pproc_fflags)
                  000070a0    000001a0                 : fputc.obj (.text:_fputc)
                  00007240    00000160                 : trgdrv.obj (.text:_HOSTlseek)
                  000073a0    00000160                 : autoinit.obj (.text:__auto_init)
                  00007500    00000160                 : fclose.obj (.text:_fclose)
                  00007660    00000140                 : trgdrv.obj (.text:_HOSTread)
                  000077a0    00000140                 : _io_perm.obj (.text:__wrt_ok)
                  000078e0    00000140                 : atoi.obj (.text:_atoi)
                  00007a20    00000140                 : lowlev.obj (.text:_lseek)
                  00007b60    00000140                 : lowlev.obj (.text:_write)
                  00007ca0    00000140     dsk6713bsl.lib : dsk6713_aic23_registers.obj (.text)
                  00007de0    00000120     rts6700.lib : trgdrv.obj (.text:_HOSTopen)
                  00007f00    00000120                 : trgdrv.obj (.text:_HOSTwrite)
                  00008020    00000120                 : fopen.obj (.text:__cleanup)
                  00008140    00000120                 : lowlev.obj (.text:_close)
                  00008260    00000120                 : exit.obj (.text:_exit)
                  00008380    00000120                 : ltoa.obj (.text:_ltoa)
                  000084a0    00000120                 : memset.obj (.text:_memset)
                  000085c0    00000120     main.obj (.text)
                  000086e0    00000100     rts6700.lib : trgdrv.obj (.text:_HOSTclose)
                  000087e0    00000100                 : trgdrv.obj (.text:_HOSTunlink)
                  000088e0    00000100     csl6713.lib : csl_mcbsp.obj (.text:_MCBSP_open)
                  000089e0    00000100                 : csl_mcbsp.obj (.text:_MCBSP_start)
                  00008ae0    00000100     rts6700.lib : _printfi.obj (.text:__div)
                  00008be0    00000100                 : imath40.obj (.text:__divli)
                  00008ce0    00000100                 : _printfi.obj (.text:__pconv_f)
                  00008de0    00000100                 : remi.obj (.text:__remi)
                  00008ee0    00000100                 : fseek.obj (.text:_fseek)
                  00008fe0    000000e0                 : fflush.obj (.text:__doflush)
                  000090c0    000000e0                 : _printfi.obj (.text:__ecpy)
                  000091a0    000000e0                 : _printfi.obj (.text:__fcpy)
                  00009280    000000e0                 : strasg.obj (.text:__strasg)
                  00009360    000000e0                 : memory.obj (.text:_minsert)
                  00009440    000000e0                 : memory.obj (.text:_mremove)
                  00009520    000000c0                 : divu.obj (.text:__divu)
                  000095e0    000000c0                 : cpy_tbl.obj (.text:_copy_in)
                  000096a0    000000c0                 : lowlev.obj (.text:_finddevice)
                  00009760    000000c0                 : printf.obj (.text:_printf)
                  00009820    000000c0     dsk6713bsl.lib : dsk6713_aic23_setfreq.obj (.text)
                  000098e0    000000a0     rts6700.lib : fixdli.obj (.text:__fixdli)
                  00009980    000000a0                 : mpyll.obj (.text:__mpyll)
                  00009a20    000000a0                 : imath40.obj (.text:__remli)
                  00009ac0    000000a0                 : trgmsg.obj (.text:_readmsg)
                  00009b60    000000a0     csl6713.lib : csl_irq.obj (.text:_setMux)
                  00009c00    000000a0     rts6700.lib : lowlev.obj (.text:_unlink)
                  00009ca0    000000a0                 : trgmsg.obj (.text:_writemsg)
                  00009d40    00000080                 : fltlid.obj (.text:__fltlid)
                  00009dc0    00000080                 : llshift.obj (.text:__llshl)
                  00009e40    00000080                 : boot.obj (.text:_c_int00)
                  00009ec0    00000080                 : memccpy.obj (.text:_memccpy)
                  00009f40    00000060                 : isinf.obj (.text:___isinf)
                  00009fa0    00000060                 : llshift.obj (.text:__llshru)
                  0000a000    00000060                 : imath64.obj (.text:__subcull)
                  0000a060    00000040     csl6713.lib : csl_irq.obj (.text:_IRQ_enable)
                  0000a0a0    00000040     rts6700.lib : _printfi.obj (.text:___isnan)
                  0000a0e0    00000040                 : divd.obj (.text:___isnan)
                  0000a120    00000040                 : args_main.obj (.text:__args_main)
                  0000a160    00000020     csl6713.lib : csl_irq.obj (.text:_IRQ_globalDisable)
                  0000a180    00000020                 : csl_irq.obj (.text:_IRQ_globalEnable)
                  0000a1a0    00000020                 : csl_irq.obj (.text:_IRQ_nmiEnable)
                  0000a1c0    00000020     rts6700.lib : negll.obj (.text:__negll)
                  0000a1e0    00000020                 : _lock.obj (.text:__nop)
                  0000a200    00000020                 : printf.obj (.text:__outc)
                  0000a220    00000020                 : printf.obj (.text:__outs)
                  0000a240    00000020                 : exit.obj (.text:_abort)
                  0000a260    00000020                 : remove.obj (.text:_remove)
                  0000a280    00000020     csl6713.lib : csl_irq.obj (.text)

.bss       0    00000220    00000000     UNINITIALIZED

.data      0    00000220    00000000     UNINITIALIZED

.stack     0    0000a2a0    00000800     UNINITIALIZED
                  0000a2a0    00000008     rts6700.lib : boot.obj (.stack)
                  0000a2a8    000007f8     --HOLE--

.sysmem    0    0000aaa0    00000800     UNINITIALIZED
                  0000aaa0    00000008     rts6700.lib : memory.obj (.sysmem)
                  0000aaa8    000007f8     --HOLE--

.cinit     0    0000b2a0    00000524     
                  0000b2a0    000001ca     main.obj (.cinit)
                  0000b46a    00000006     --HOLE-- [fill = 0]
                  0000b470    0000012c     csl6713.lib : csl_irq.obj (.cinit)
                  0000b59c    00000004     --HOLE-- [fill = 0]
                  0000b5a0    0000005c     rts6700.lib : defs.obj (.cinit)
                  0000b5fc    00000004     --HOLE-- [fill = 0]
                  0000b600    0000005c                 : lowlev.obj (.cinit)
                  0000b65c    00000004     --HOLE-- [fill = 0]
                  0000b660    00000054     csl6713.lib : csl_mcbsp.obj (.cinit)
                  0000b6b4    00000004     --HOLE-- [fill = 0]
                  0000b6b8    00000030     dsk6713bsl.lib : dsk6713_aic23_registers.obj (.cinit)
                  0000b6e8    0000002c     rts6700.lib : exit.obj (.cinit)
                  0000b714    00000004     --HOLE-- [fill = 0]
                  0000b718    0000002c                 : memory.obj (.cinit)
                  0000b744    00000004     --HOLE-- [fill = 0]
                  0000b748    00000028     dsk6713bsl.lib : dsk6713_aic23_setfreq.obj (.cinit)
                  0000b770    0000001c     rts6700.lib : _lock.obj (.cinit)
                  0000b78c    00000004     --HOLE-- [fill = 0]
                  0000b790    00000019     c6xdskinit_pcm.obj (.cinit)
                  0000b7a9    00000007     --HOLE-- [fill = 0]
                  0000b7b0    0000000c     rts6700.lib : fopen.obj (.cinit)
                  0000b7bc    00000004     --HOLE-- [fill = 0]
                  0000b7c0    00000004     (.pad.cinit) [fill = 0]

.const     0    0000b7c4    000001a0     
                  0000b7c4    00000101     rts6700.lib : ctype.obj (.const:.string:__ctypes_)
                  0000b8c5    00000002                 : fputs.obj (.const:.string)
                  0000b8c7    00000001     --HOLE-- [fill = 0]
                  0000b8c8    00000040     dsk6713bsl.lib : dsk6713_aic23_opencodec.obj (.const)
                  0000b908    00000023     rts6700.lib : _printfi.obj (.const:.string)
                  0000b92b    00000001     --HOLE-- [fill = 0]
                  0000b92c    00000020     dsk6713bsl.lib : dsk6713.obj (.const)
                  0000b94c    00000010     main.obj (.const:.string)
                  0000b95c    00000008     rts6700.lib : divd.obj (.const:.string:_initial_approx$1)

.cio       0    0000b964    00000120     UNINITIALIZED
                  0000b964    00000120     rts6700.lib : trgmsg.obj (.cio)

.switch    0    0000ba84    00000030     
                  0000ba84    00000030     c6xdskinit_pcm.obj (.switch:_config_Interrupt_Selector)

.far       0    80000000    00000f0a     UNINITIALIZED
                  80000000    00000a30     main.obj (.far)
                  80000a30    00000194     rts6700.lib : defs.obj (.far)
                  80000bc4    000000f4     csl6713.lib : csl_irq.obj (.far)
                  80000cb8    000000d0     rts6700.lib : trgdrv.obj (.far)
                  80000d88    000000cc                 : lowlev.obj (.far)
                  80000e54    00000038     csl6713.lib : csl_mcbsp.obj (.far)
                  80000e8c    00000028     dsk6713bsl.lib : dsk6713_aic23_registers.obj (.far)
                  80000eb4    00000020                    : dsk6713_aic23_setfreq.obj (.far)
                  80000ed4    0000000c     c6xdskinit_pcm.obj (.far)
                  80000ee0    0000000c     rts6700.lib : exit.obj (.far)
                  80000eec    00000008     dsk6713bsl.lib : dsk6713_aic23_opencodec.obj (.far)
                  80000ef4    00000008     rts6700.lib : _lock.obj (.far)
                  80000efc    00000008                 : memory.obj (.far)
                  80000f04    00000004                 : fopen.obj (.far)
                  80000f08    00000002     dsk6713bsl.lib : dsk6713.obj (.far)


GLOBAL SYMBOLS: SORTED ALPHABETICALLY BY Name 

address    name
--------   ----
00000220   $bss
00000220   .bss
00000220   .data
00000220   .text
0000a240   C$$EXIT
00009d18   C$$IO$$
80000ed4   _Act_Fs
80000eec   _DSK6713_AIC23_codeccontrolhandle
80000ef0   _DSK6713_AIC23_codecdatahandle
00007d60   _DSK6713_AIC23_config
00005260   _DSK6713_AIC23_openCodec
00007d3c   _DSK6713_AIC23_rget
00007ca0   _DSK6713_AIC23_rset
00009820   _DSK6713_AIC23_setFreq
00002df8   _DSK6713_getVersion
00002a50   _DSK6713_init
00002d50   _DSK6713_rget
00002d64   _DSK6713_rset
80000f08   _DSK6713_version
00002d78   _DSK6713_wait
00002dcc   _DSK6713_waitusec
000086e0   _HOSTclose
00007240   _HOSTlseek
00007de0   _HOSTopen
00007660   _HOSTread
000063e0   _HOSTrename
000087e0   _HOSTunlink
00007f00   _HOSTwrite
0000a060   _IRQ_enable
0000a160   _IRQ_globalDisable
0000a180   _IRQ_globalEnable
000069e0   _IRQ_map
0000a1a0   _IRQ_nmiEnable
000088e0   _MCBSP_open
00006d60   _MCBSP_reset
000089e0   _MCBSP_start
8000003c   _Q
800001d8   _Ysq
0000b964   __CIOBUF_
80000cb0   __IRQ_dispatchTable
80000bec   __IRQ_eventTable
0000a280   __IRQ_hookFetchPacket
80000c70   __IRQ_intTable
80000e84   __MCBSP_hDev0
80000e88   __MCBSP_hDev1
0000aaa0   __STACK_END
00000800   __STACK_SIZE
00000800   __SYSMEM_SIZE
00000001   __TI_args_main
80000ee8   ___TI_enable_exit_profile_output
ffffffff   ___TI_pprof_out_hndl
ffffffff   ___TI_prof_data_size
ffffffff   ___TI_prof_data_start
ffffffff   ___binit__
00000220   ___bss__
ffffffff   ___c_args__
0000b2a0   ___cinit__
00000220   ___data__
00000220   ___edata__
00000220   ___end__
0000a2a0   ___etext__
00009f40   ___isinf
ffffffff   ___pinit__
00000220   ___text__
0000a120   __args_main
000073a0   __auto_init
00009520   __c6xabi_divu
00008de0   __c6xabi_remi
00008020   __cleanup
80000ee0   __cleanup_ptr
0000b7c4   __ctypes_
00000220   __divd
00008be0   __divli
00009520   __divu
00005ac0   __divul
00003e40   __divull
00008fe0   __doflush
80000ee4   __dtors_ptr
000098e0   __fixdli
00009d40   __fltlid
00004c20   __frcmpyd_div
80000bc0   __ft_end
80000a30   __ftable
00009dc0   __llshl
00009fa0   __llshru
80000ef4   __lock
00009980   __mpyll
0000a1c0   __negll
0000a1e0   __nop
000024a0   __printfi
00008de0   __remi
00009a20   __remli
0000a2a0   __stack
00009280   __strasg
0000a000   __subcull
0000aaa0   __sys_memory
80000b20   __tmpnams
80000ef8   __unlock
000077a0   __wrt_ok
80000a20   _a
0000a240   _abort
000078e0   _atoi
00000e5c   _c6x11_dsk_init
00009e40   _c_int00
800009f8   _ca
80000a24   _cb
80000a28   _cc
800009f6   _cd
00008140   _close
8000002c   _coeff
00000eec   _comm_intr
00000eb8   _comm_poll
00000a6c   _config_Interrupt_Selector
000095e0   _copy_in
800009ea   _cq
800009e8   _dat
00000a00   _enableGlobalINT
00000a18   _enableNMI
00000a30   _enableSpecificINT
00008260   _exit
00007500   _fclose
000070a0   _fputc
00003a80   _fputs
00004540   _free
00008ee0   _fseek
800009fc   _ft
80000a0c   _i
800005e8   _in
00008640   _init_hw_interrupts
00000f68   _input_left_sample
00000fe8   _input_leftright_sample
00000fa8   _input_right_sample
00000f44   _input_sample
80000a10   _j
80000a14   _l
00007a20   _lseek
00008380   _ltoa
80000a18   _m1
80000a1c   _m2
000085c0   _main
00005f60   _malloc
80000a2c   _max1
80000a2e   _max2
0000111c   _mcbsp1_activate
00000cd0   _mcbsp1_init
00000d58   _mcbsp1_read
00000de4   _mcbsp1_write
80000edc   _mcbspData
00009ec0   _memccpy
000061a0   _memcpy
000084a0   _memset
800001e8   _out
00001050   _output_left_sample
000010f4   _output_leftright_sample
000010a8   _output_right_sample
00001028   _output_sample
80000ed8   _polling
00009760   _printf
000070a0   _putc
00009ac0   _readmsg
0000a260   _remove
00001140   _serial_port_rcv_isr
00006600   _setvbuf
00009c00   _unlink
00007b60   _write
00009ca0   _writemsg
800001d6   _x
800009ec   _y1
800009ee   _y2
800009f2   _y3
800009f0   _y4
800009f4   _y5
ffffffff   binit
0000b2a0   cinit
00000220   edata
00000220   end
0000a2a0   etext
ffffffff   pinit


GLOBAL SYMBOLS: SORTED BY Symbol Address 

address    name
--------   ----
00000001   __TI_args_main
00000220   $bss
00000220   .bss
00000220   .data
00000220   .text
00000220   ___bss__
00000220   ___data__
00000220   ___edata__
00000220   ___end__
00000220   ___text__
00000220   __divd
00000220   edata
00000220   end
00000800   __STACK_SIZE
00000800   __SYSMEM_SIZE
00000a00   _enableGlobalINT
00000a18   _enableNMI
00000a30   _enableSpecificINT
00000a6c   _config_Interrupt_Selector
00000cd0   _mcbsp1_init
00000d58   _mcbsp1_read
00000de4   _mcbsp1_write
00000e5c   _c6x11_dsk_init
00000eb8   _comm_poll
00000eec   _comm_intr
00000f44   _input_sample
00000f68   _input_left_sample
00000fa8   _input_right_sample
00000fe8   _input_leftright_sample
00001028   _output_sample
00001050   _output_left_sample
000010a8   _output_right_sample
000010f4   _output_leftright_sample
0000111c   _mcbsp1_activate
00001140   _serial_port_rcv_isr
000024a0   __printfi
00002a50   _DSK6713_init
00002d50   _DSK6713_rget
00002d64   _DSK6713_rset
00002d78   _DSK6713_wait
00002dcc   _DSK6713_waitusec
00002df8   _DSK6713_getVersion
00003a80   _fputs
00003e40   __divull
00004540   _free
00004c20   __frcmpyd_div
00005260   _DSK6713_AIC23_openCodec
00005ac0   __divul
00005f60   _malloc
000061a0   _memcpy
000063e0   _HOSTrename
00006600   _setvbuf
000069e0   _IRQ_map
00006d60   _MCBSP_reset
000070a0   _fputc
000070a0   _putc
00007240   _HOSTlseek
000073a0   __auto_init
00007500   _fclose
00007660   _HOSTread
000077a0   __wrt_ok
000078e0   _atoi
00007a20   _lseek
00007b60   _write
00007ca0   _DSK6713_AIC23_rset
00007d3c   _DSK6713_AIC23_rget
00007d60   _DSK6713_AIC23_config
00007de0   _HOSTopen
00007f00   _HOSTwrite
00008020   __cleanup
00008140   _close
00008260   _exit
00008380   _ltoa
000084a0   _memset
000085c0   _main
00008640   _init_hw_interrupts
000086e0   _HOSTclose
000087e0   _HOSTunlink
000088e0   _MCBSP_open
000089e0   _MCBSP_start
00008be0   __divli
00008de0   __c6xabi_remi
00008de0   __remi
00008ee0   _fseek
00008fe0   __doflush
00009280   __strasg
00009520   __c6xabi_divu
00009520   __divu
000095e0   _copy_in
00009760   _printf
00009820   _DSK6713_AIC23_setFreq
000098e0   __fixdli
00009980   __mpyll
00009a20   __remli
00009ac0   _readmsg
00009c00   _unlink
00009ca0   _writemsg
00009d18   C$$IO$$
00009d40   __fltlid
00009dc0   __llshl
00009e40   _c_int00
00009ec0   _memccpy
00009f40   ___isinf
00009fa0   __llshru
0000a000   __subcull
0000a060   _IRQ_enable
0000a120   __args_main
0000a160   _IRQ_globalDisable
0000a180   _IRQ_globalEnable
0000a1a0   _IRQ_nmiEnable
0000a1c0   __negll
0000a1e0   __nop
0000a240   C$$EXIT
0000a240   _abort
0000a260   _remove
0000a280   __IRQ_hookFetchPacket
0000a2a0   ___etext__
0000a2a0   __stack
0000a2a0   etext
0000aaa0   __STACK_END
0000aaa0   __sys_memory
0000b2a0   ___cinit__
0000b2a0   cinit
0000b7c4   __ctypes_
0000b964   __CIOBUF_
8000002c   _coeff
8000003c   _Q
800001d6   _x
800001d8   _Ysq
800001e8   _out
800005e8   _in
800009e8   _dat
800009ea   _cq
800009ec   _y1
800009ee   _y2
800009f0   _y4
800009f2   _y3
800009f4   _y5
800009f6   _cd
800009f8   _ca
800009fc   _ft
80000a0c   _i
80000a10   _j
80000a14   _l
80000a18   _m1
80000a1c   _m2
80000a20   _a
80000a24   _cb
80000a28   _cc
80000a2c   _max1
80000a2e   _max2
80000a30   __ftable
80000b20   __tmpnams
80000bc0   __ft_end
80000bec   __IRQ_eventTable
80000c70   __IRQ_intTable
80000cb0   __IRQ_dispatchTable
80000e84   __MCBSP_hDev0
80000e88   __MCBSP_hDev1
80000ed4   _Act_Fs
80000ed8   _polling
80000edc   _mcbspData
80000ee0   __cleanup_ptr
80000ee4   __dtors_ptr
80000ee8   ___TI_enable_exit_profile_output
80000eec   _DSK6713_AIC23_codeccontrolhandle
80000ef0   _DSK6713_AIC23_codecdatahandle
80000ef4   __lock
80000ef8   __unlock
80000f08   _DSK6713_version
ffffffff   ___TI_pprof_out_hndl
ffffffff   ___TI_prof_data_size
ffffffff   ___TI_prof_data_start
ffffffff   ___binit__
ffffffff   ___c_args__
ffffffff   ___pinit__
ffffffff   binit
ffffffff   pinit

[178 symbols]
