<?xml version="1.0"?>
<link_info>
   <banner>TMS320C6x Linker PC v7.4.4</banner>
   <copyright>Copyright (c) 1996-2013 Texas Instruments Incorporated</copyright>
   <link_time>0x58ff116a</link_time>
   <output_file>dsp2lab2.out</output_file>
   <entry_point>
      <name>_c_int00</name>
      <address>0x2a00</address>
   </entry_point>
   <input_file_list>
      <input_file id="fl-2">
         <path>.\</path>
         <kind>object</kind>
         <file>vectors11.obj</file>
         <name>vectors11.obj</name>
      </input_file>
      <input_file id="fl-3">
         <path>.\</path>
         <kind>object</kind>
         <file>main.obj</file>
         <name>main.obj</name>
      </input_file>
      <input_file id="fl-4">
         <path>.\</path>
         <kind>object</kind>
         <file>c6xdskinit_pcm.obj</file>
         <name>c6xdskinit_pcm.obj</name>
      </input_file>
      <input_file id="fl-a">
         <path>C:\Program Files\C6xCSL\lib_3x\</path>
         <kind>archive</kind>
         <file>csl6713.lib</file>
         <name>csl_irq.obj</name>
      </input_file>
      <input_file id="fl-b">
         <path>C:\DSK6713\c6000\dsk6713\lib\</path>
         <kind>archive</kind>
         <file>dsk6713bsl.lib</file>
         <name>dsk6713.obj</name>
      </input_file>
      <input_file id="fl-c">
         <path>C:\DSK6713\c6000\dsk6713\lib\</path>
         <kind>archive</kind>
         <file>dsk6713bsl.lib</file>
         <name>dsk6713_aic23_opencodec.obj</name>
      </input_file>
      <input_file id="fl-d">
         <path>C:\DSK6713\c6000\dsk6713\lib\</path>
         <kind>archive</kind>
         <file>dsk6713bsl.lib</file>
         <name>dsk6713_aic23_registers.obj</name>
      </input_file>
      <input_file id="fl-e">
         <path>C:\DSK6713\c6000\dsk6713\lib\</path>
         <kind>archive</kind>
         <file>dsk6713bsl.lib</file>
         <name>dsk6713_aic23_setfreq.obj</name>
      </input_file>
      <input_file id="fl-f">
         <path>C:\Users\GROUP2TEAM9\Desktop\</path>
         <kind>archive</kind>
         <file>rts6700.lib</file>
         <name>boot.obj</name>
      </input_file>
      <input_file id="fl-10">
         <path>C:\Users\GROUP2TEAM9\Desktop\</path>
         <kind>archive</kind>
         <file>rts6700.lib</file>
         <name>exit.obj</name>
      </input_file>
      <input_file id="fl-11">
         <path>C:\Users\GROUP2TEAM9\Desktop\</path>
         <kind>archive</kind>
         <file>rts6700.lib</file>
         <name>remi.obj</name>
      </input_file>
      <input_file id="fl-12">
         <path>C:\Users\GROUP2TEAM9\Desktop\</path>
         <kind>archive</kind>
         <file>rts6700.lib</file>
         <name>strasg.obj</name>
      </input_file>
      <input_file id="fl-13">
         <path>C:\Users\GROUP2TEAM9\Desktop\</path>
         <kind>archive</kind>
         <file>rts6700.lib</file>
         <name>_lock.obj</name>
      </input_file>
      <input_file id="fl-14">
         <path>C:\Users\GROUP2TEAM9\Desktop\</path>
         <kind>archive</kind>
         <file>rts6700.lib</file>
         <name>args_main.obj</name>
      </input_file>
      <input_file id="fl-15">
         <path>C:\Users\GROUP2TEAM9\Desktop\</path>
         <kind>archive</kind>
         <file>rts6700.lib</file>
         <name>autoinit.obj</name>
      </input_file>
      <input_file id="fl-16">
         <path>C:\Users\GROUP2TEAM9\Desktop\</path>
         <kind>archive</kind>
         <file>rts6700.lib</file>
         <name>cpy_tbl.obj</name>
      </input_file>
      <input_file id="fl-17">
         <path>C:\Users\GROUP2TEAM9\Desktop\</path>
         <kind>archive</kind>
         <file>rts6700.lib</file>
         <name>memcpy62.obj</name>
      </input_file>
      <input_file id="fl-18">
         <path>C:\Program Files\C6xCSL\lib_3x\</path>
         <kind>archive</kind>
         <file>csl6713.lib</file>
         <name>csl_mcbsp.obj</name>
      </input_file>
   </input_file_list>
   <object_component_list>
      <object_component id="oc-f">
         <name>vectors</name>
         <load_address>0x0</load_address>
         <run_address>0x0</run_address>
         <size>0x200</size>
         <input_file_ref idref="fl-2"/>
      </object_component>
      <object_component id="oc-21">
         <name>.cinit</name>
         <load_address>0x33c0</load_address>
         <run_address>0x33c0</run_address>
         <size>0x12c</size>
         <input_file_ref idref="fl-a"/>
      </object_component>
      <object_component id="oc-14">
         <name>.cinit</name>
         <load_address>0x34f0</load_address>
         <run_address>0x34f0</run_address>
         <size>0xa0</size>
         <input_file_ref idref="fl-3"/>
      </object_component>
      <object_component id="oc-56">
         <name>.cinit</name>
         <load_address>0x3590</load_address>
         <run_address>0x3590</run_address>
         <size>0x54</size>
         <input_file_ref idref="fl-18"/>
      </object_component>
      <object_component id="oc-2f">
         <name>.cinit</name>
         <load_address>0x35e8</load_address>
         <run_address>0x35e8</run_address>
         <size>0x30</size>
         <input_file_ref idref="fl-d"/>
      </object_component>
      <object_component id="oc-3b">
         <name>.cinit</name>
         <load_address>0x3618</load_address>
         <run_address>0x3618</run_address>
         <size>0x2c</size>
         <input_file_ref idref="fl-10"/>
      </object_component>
      <object_component id="oc-33">
         <name>.cinit</name>
         <load_address>0x3648</load_address>
         <run_address>0x3648</run_address>
         <size>0x28</size>
         <input_file_ref idref="fl-e"/>
      </object_component>
      <object_component id="oc-46">
         <name>.cinit</name>
         <load_address>0x3670</load_address>
         <run_address>0x3670</run_address>
         <size>0x1c</size>
         <input_file_ref idref="fl-13"/>
      </object_component>
      <object_component id="oc-1b">
         <name>.cinit</name>
         <load_address>0x3690</load_address>
         <run_address>0x3690</run_address>
         <size>0x19</size>
         <input_file_ref idref="fl-4"/>
      </object_component>
      <object_component id="oc-5e">
         <name>.text</name>
         <load_address>0x220</load_address>
         <run_address>0x220</run_address>
         <size>0x740</size>
         <input_file_ref idref="fl-4"/>
      </object_component>
      <object_component id="oc-16">
         <name>.text:retain</name>
         <load_address>0x960</load_address>
         <run_address>0x960</run_address>
         <size>0x700</size>
         <input_file_ref idref="fl-3"/>
      </object_component>
      <object_component id="oc-26">
         <name>.text</name>
         <load_address>0x1060</load_address>
         <run_address>0x1060</run_address>
         <size>0x460</size>
         <input_file_ref idref="fl-b"/>
      </object_component>
      <object_component id="oc-2a">
         <name>.text</name>
         <load_address>0x14c0</load_address>
         <run_address>0x14c0</run_address>
         <size>0x300</size>
         <input_file_ref idref="fl-c"/>
      </object_component>
      <object_component id="oc-66">
         <name>.text</name>
         <load_address>0x17c0</load_address>
         <run_address>0x17c0</run_address>
         <size>0x2e0</size>
         <input_file_ref idref="fl-3"/>
      </object_component>
      <object_component id="oc-65">
         <name>.text:_memcpy</name>
         <load_address>0x1aa0</load_address>
         <run_address>0x1aa0</run_address>
         <size>0x240</size>
         <input_file_ref idref="fl-17"/>
      </object_component>
      <object_component id="oc-6c">
         <name>.text:_IRQ_map</name>
         <load_address>0x1ce0</load_address>
         <run_address>0x1ce0</run_address>
         <size>0x1c0</size>
         <input_file_ref idref="fl-a"/>
      </object_component>
      <object_component id="oc-69">
         <name>.text:_MCBSP_reset</name>
         <load_address>0x1ea0</load_address>
         <run_address>0x1ea0</run_address>
         <size>0x1a0</size>
         <input_file_ref idref="fl-18"/>
      </object_component>
      <object_component id="oc-5b">
         <name>.text:__auto_init</name>
         <load_address>0x2040</load_address>
         <run_address>0x2040</run_address>
         <size>0x160</size>
         <input_file_ref idref="fl-15"/>
      </object_component>
      <object_component id="oc-2e">
         <name>.text</name>
         <load_address>0x21a0</load_address>
         <run_address>0x21a0</run_address>
         <size>0x140</size>
         <input_file_ref idref="fl-d"/>
      </object_component>
      <object_component id="oc-5d">
         <name>.text:_exit</name>
         <load_address>0x22e0</load_address>
         <run_address>0x22e0</run_address>
         <size>0x120</size>
         <input_file_ref idref="fl-10"/>
      </object_component>
      <object_component id="oc-61">
         <name>.text:_MCBSP_open</name>
         <load_address>0x2400</load_address>
         <run_address>0x2400</run_address>
         <size>0x100</size>
         <input_file_ref idref="fl-18"/>
      </object_component>
      <object_component id="oc-62">
         <name>.text:_MCBSP_start</name>
         <load_address>0x2500</load_address>
         <run_address>0x2500</run_address>
         <size>0x100</size>
         <input_file_ref idref="fl-18"/>
      </object_component>
      <object_component id="oc-5f">
         <name>.text:__remi</name>
         <load_address>0x2600</load_address>
         <run_address>0x2600</run_address>
         <size>0x100</size>
         <input_file_ref idref="fl-11"/>
      </object_component>
      <object_component id="oc-60">
         <name>.text:__strasg</name>
         <load_address>0x2700</load_address>
         <run_address>0x2700</run_address>
         <size>0xe0</size>
         <input_file_ref idref="fl-12"/>
      </object_component>
      <object_component id="oc-64">
         <name>.text:_copy_in</name>
         <load_address>0x27e0</load_address>
         <run_address>0x27e0</run_address>
         <size>0xc0</size>
         <input_file_ref idref="fl-16"/>
      </object_component>
      <object_component id="oc-32">
         <name>.text</name>
         <load_address>0x28a0</load_address>
         <run_address>0x28a0</run_address>
         <size>0xc0</size>
         <input_file_ref idref="fl-e"/>
      </object_component>
      <object_component id="oc-6f">
         <name>.text:_setMux</name>
         <load_address>0x2960</load_address>
         <run_address>0x2960</run_address>
         <size>0xa0</size>
         <input_file_ref idref="fl-a"/>
      </object_component>
      <object_component id="oc-e">
         <name>.text:_c_int00</name>
         <load_address>0x2a00</load_address>
         <run_address>0x2a00</run_address>
         <size>0x80</size>
         <input_file_ref idref="fl-f"/>
      </object_component>
      <object_component id="oc-6d">
         <name>.text:_IRQ_enable</name>
         <load_address>0x2a80</load_address>
         <run_address>0x2a80</run_address>
         <size>0x40</size>
         <input_file_ref idref="fl-a"/>
      </object_component>
      <object_component id="oc-5c">
         <name>.text:__args_main</name>
         <load_address>0x2ac0</load_address>
         <run_address>0x2ac0</run_address>
         <size>0x40</size>
         <input_file_ref idref="fl-14"/>
      </object_component>
      <object_component id="oc-6a">
         <name>.text:_IRQ_globalDisable</name>
         <load_address>0x2b00</load_address>
         <run_address>0x2b00</run_address>
         <size>0x20</size>
         <input_file_ref idref="fl-a"/>
      </object_component>
      <object_component id="oc-6e">
         <name>.text:_IRQ_globalEnable</name>
         <load_address>0x2b20</load_address>
         <run_address>0x2b20</run_address>
         <size>0x20</size>
         <input_file_ref idref="fl-a"/>
      </object_component>
      <object_component id="oc-6b">
         <name>.text:_IRQ_nmiEnable</name>
         <load_address>0x2b40</load_address>
         <run_address>0x2b40</run_address>
         <size>0x20</size>
         <input_file_ref idref="fl-a"/>
      </object_component>
      <object_component id="oc-63">
         <name>.text:__nop</name>
         <load_address>0x2b60</load_address>
         <run_address>0x2b60</run_address>
         <size>0x20</size>
         <input_file_ref idref="fl-13"/>
      </object_component>
      <object_component id="oc-67">
         <name>.text:_abort</name>
         <load_address>0x2b80</load_address>
         <run_address>0x2b80</run_address>
         <size>0x20</size>
         <input_file_ref idref="fl-10"/>
      </object_component>
      <object_component id="oc-20">
         <name>.text</name>
         <load_address>0x2ba0</load_address>
         <run_address>0x2ba0</run_address>
         <size>0x20</size>
         <input_file_ref idref="fl-a"/>
      </object_component>
      <object_component id="oc-37">
         <name>.stack</name>
         <uninitialized>true</uninitialized>
         <run_address>0x2bc0</run_address>
         <size>0x8</size>
         <input_file_ref idref="fl-f"/>
      </object_component>
      <object_component id="oc-87">
         <name>.stack</name>
         <uninitialized>true</uninitialized>
         <run_address>0x2bc0</run_address>
         <size>0x0</size>
      </object_component>
      <object_component id="oc-2c">
         <name>.const</name>
         <load_address>0x36b4</load_address>
         <run_address>0x36b4</run_address>
         <size>0x40</size>
         <input_file_ref idref="fl-c"/>
      </object_component>
      <object_component id="oc-28">
         <name>.const</name>
         <load_address>0x36f4</load_address>
         <run_address>0x36f4</run_address>
         <size>0x20</size>
         <input_file_ref idref="fl-b"/>
      </object_component>
      <object_component id="oc-15">
         <name>.far</name>
         <uninitialized>true</uninitialized>
         <run_address>0x800000f4</run_address>
         <size>0x9c</size>
         <input_file_ref idref="fl-3"/>
      </object_component>
      <object_component id="oc-1c">
         <name>.far</name>
         <uninitialized>true</uninitialized>
         <run_address>0x80000210</run_address>
         <size>0xc</size>
         <input_file_ref idref="fl-4"/>
      </object_component>
      <object_component id="oc-22">
         <name>.far</name>
         <uninitialized>true</uninitialized>
         <run_address>0x80000000</run_address>
         <size>0xf4</size>
         <input_file_ref idref="fl-a"/>
      </object_component>
      <object_component id="oc-27">
         <name>.far</name>
         <uninitialized>true</uninitialized>
         <run_address>0x80000238</run_address>
         <size>0x2</size>
         <input_file_ref idref="fl-b"/>
      </object_component>
      <object_component id="oc-2b">
         <name>.far</name>
         <uninitialized>true</uninitialized>
         <run_address>0x80000228</run_address>
         <size>0x8</size>
         <input_file_ref idref="fl-c"/>
      </object_component>
      <object_component id="oc-30">
         <name>.far</name>
         <uninitialized>true</uninitialized>
         <run_address>0x800001c8</run_address>
         <size>0x28</size>
         <input_file_ref idref="fl-d"/>
      </object_component>
      <object_component id="oc-34">
         <name>.far</name>
         <uninitialized>true</uninitialized>
         <run_address>0x800001f0</run_address>
         <size>0x20</size>
         <input_file_ref idref="fl-e"/>
      </object_component>
      <object_component id="oc-3c">
         <name>.far</name>
         <uninitialized>true</uninitialized>
         <run_address>0x8000021c</run_address>
         <size>0xc</size>
         <input_file_ref idref="fl-10"/>
      </object_component>
      <object_component id="oc-47">
         <name>.far</name>
         <uninitialized>true</uninitialized>
         <run_address>0x80000230</run_address>
         <size>0x8</size>
         <input_file_ref idref="fl-13"/>
      </object_component>
      <object_component id="oc-57">
         <name>.far</name>
         <uninitialized>true</uninitialized>
         <run_address>0x80000190</run_address>
         <size>0x38</size>
         <input_file_ref idref="fl-18"/>
      </object_component>
      <object_component id="oc-68">
         <name>.switch:_config_Interrupt_Selector</name>
         <load_address>0x3714</load_address>
         <run_address>0x3714</run_address>
         <size>0x30</size>
         <input_file_ref idref="fl-4"/>
      </object_component>
      <object_component id="oc-10">
         <name>.debug_info</name>
         <load_address>0x0</load_address>
         <run_address>0x0</run_address>
         <size>0xca</size>
         <input_file_ref idref="fl-2"/>
      </object_component>
      <object_component id="oc-13">
         <name>.debug_info</name>
         <load_address>0xca</load_address>
         <run_address>0xca</run_address>
         <size>0xe45</size>
         <input_file_ref idref="fl-3"/>
      </object_component>
      <object_component id="oc-1a">
         <name>.debug_info</name>
         <load_address>0xf0f</load_address>
         <run_address>0xf0f</run_address>
         <size>0x14de</size>
         <input_file_ref idref="fl-4"/>
      </object_component>
      <object_component id="oc-24">
         <name>.debug_info</name>
         <load_address>0x23ed</load_address>
         <run_address>0x23ed</run_address>
         <size>0xc2b</size>
         <input_file_ref idref="fl-a"/>
      </object_component>
      <object_component id="oc-36">
         <name>.debug_info</name>
         <load_address>0x3018</load_address>
         <run_address>0x3018</run_address>
         <size>0x719</size>
         <input_file_ref idref="fl-f"/>
      </object_component>
      <object_component id="oc-3a">
         <name>.debug_info</name>
         <load_address>0x3731</load_address>
         <run_address>0x3731</run_address>
         <size>0x899</size>
         <input_file_ref idref="fl-10"/>
      </object_component>
      <object_component id="oc-3f">
         <name>.debug_info</name>
         <load_address>0x3fca</load_address>
         <run_address>0x3fca</run_address>
         <size>0xfc</size>
         <input_file_ref idref="fl-11"/>
      </object_component>
      <object_component id="oc-42">
         <name>.debug_info</name>
         <load_address>0x40c6</load_address>
         <run_address>0x40c6</run_address>
         <size>0x102</size>
         <input_file_ref idref="fl-12"/>
      </object_component>
      <object_component id="oc-45">
         <name>.debug_info</name>
         <load_address>0x41c8</load_address>
         <run_address>0x41c8</run_address>
         <size>0x689</size>
         <input_file_ref idref="fl-13"/>
      </object_component>
      <object_component id="oc-4a">
         <name>.debug_info</name>
         <load_address>0x4851</load_address>
         <run_address>0x4851</run_address>
         <size>0x71e</size>
         <input_file_ref idref="fl-14"/>
      </object_component>
      <object_component id="oc-4d">
         <name>.debug_info</name>
         <load_address>0x4f6f</load_address>
         <run_address>0x4f6f</run_address>
         <size>0x9a0</size>
         <input_file_ref idref="fl-15"/>
      </object_component>
      <object_component id="oc-50">
         <name>.debug_info</name>
         <load_address>0x590f</load_address>
         <run_address>0x590f</run_address>
         <size>0x848</size>
         <input_file_ref idref="fl-16"/>
      </object_component>
      <object_component id="oc-53">
         <name>.debug_info</name>
         <load_address>0x6157</load_address>
         <run_address>0x6157</run_address>
         <size>0x836</size>
         <input_file_ref idref="fl-17"/>
      </object_component>
      <object_component id="oc-59">
         <name>.debug_info</name>
         <load_address>0x698d</load_address>
         <run_address>0x698d</run_address>
         <size>0xac3</size>
         <input_file_ref idref="fl-18"/>
      </object_component>
      <object_component id="oc-88">
         <name>.debug_info</name>
         <load_address>0x7450</load_address>
         <run_address>0x7450</run_address>
         <size>0x6d</size>
      </object_component>
      <object_component id="oc-11">
         <name>.debug_line</name>
         <load_address>0x0</load_address>
         <run_address>0x0</run_address>
         <size>0xbb</size>
         <input_file_ref idref="fl-2"/>
      </object_component>
      <object_component id="oc-18">
         <name>.debug_line</name>
         <load_address>0xbb</load_address>
         <run_address>0xbb</run_address>
         <size>0xdd</size>
         <input_file_ref idref="fl-3"/>
      </object_component>
      <object_component id="oc-1e">
         <name>.debug_line</name>
         <load_address>0x198</load_address>
         <run_address>0x198</run_address>
         <size>0x2ed</size>
         <input_file_ref idref="fl-4"/>
      </object_component>
      <object_component id="oc-25">
         <name>.debug_line</name>
         <load_address>0x485</load_address>
         <run_address>0x485</run_address>
         <size>0xf4</size>
         <input_file_ref idref="fl-a"/>
      </object_component>
      <object_component id="oc-38">
         <name>.debug_line</name>
         <load_address>0x579</load_address>
         <run_address>0x579</run_address>
         <size>0x3f</size>
         <input_file_ref idref="fl-f"/>
      </object_component>
      <object_component id="oc-3d">
         <name>.debug_line</name>
         <load_address>0x5b8</load_address>
         <run_address>0x5b8</run_address>
         <size>0x51</size>
         <input_file_ref idref="fl-10"/>
      </object_component>
      <object_component id="oc-40">
         <name>.debug_line</name>
         <load_address>0x609</load_address>
         <run_address>0x609</run_address>
         <size>0x45</size>
         <input_file_ref idref="fl-11"/>
      </object_component>
      <object_component id="oc-43">
         <name>.debug_line</name>
         <load_address>0x64e</load_address>
         <run_address>0x64e</run_address>
         <size>0x4a</size>
         <input_file_ref idref="fl-12"/>
      </object_component>
      <object_component id="oc-48">
         <name>.debug_line</name>
         <load_address>0x698</load_address>
         <run_address>0x698</run_address>
         <size>0x3d</size>
         <input_file_ref idref="fl-13"/>
      </object_component>
      <object_component id="oc-4b">
         <name>.debug_line</name>
         <load_address>0x6d5</load_address>
         <run_address>0x6d5</run_address>
         <size>0x48</size>
         <input_file_ref idref="fl-14"/>
      </object_component>
      <object_component id="oc-4e">
         <name>.debug_line</name>
         <load_address>0x71d</load_address>
         <run_address>0x71d</run_address>
         <size>0x4b</size>
         <input_file_ref idref="fl-15"/>
      </object_component>
      <object_component id="oc-51">
         <name>.debug_line</name>
         <load_address>0x768</load_address>
         <run_address>0x768</run_address>
         <size>0x46</size>
         <input_file_ref idref="fl-16"/>
      </object_component>
      <object_component id="oc-54">
         <name>.debug_line</name>
         <load_address>0x7ae</load_address>
         <run_address>0x7ae</run_address>
         <size>0x4e</size>
         <input_file_ref idref="fl-17"/>
      </object_component>
      <object_component id="oc-5a">
         <name>.debug_line</name>
         <load_address>0x7fc</load_address>
         <run_address>0x7fc</run_address>
         <size>0xbf</size>
         <input_file_ref idref="fl-18"/>
      </object_component>
      <object_component id="oc-12">
         <name>.debug_abbrev</name>
         <load_address>0x0</load_address>
         <run_address>0x0</run_address>
         <size>0x20</size>
         <input_file_ref idref="fl-2"/>
      </object_component>
      <object_component id="oc-19">
         <name>.debug_abbrev</name>
         <load_address>0x20</load_address>
         <run_address>0x20</run_address>
         <size>0x15c</size>
         <input_file_ref idref="fl-3"/>
      </object_component>
      <object_component id="oc-1f">
         <name>.debug_abbrev</name>
         <load_address>0x17c</load_address>
         <run_address>0x17c</run_address>
         <size>0x15d</size>
         <input_file_ref idref="fl-4"/>
      </object_component>
      <object_component id="oc-23">
         <name>.debug_abbrev</name>
         <load_address>0x2d9</load_address>
         <run_address>0x2d9</run_address>
         <size>0x1b7</size>
         <input_file_ref idref="fl-a"/>
      </object_component>
      <object_component id="oc-39">
         <name>.debug_abbrev</name>
         <load_address>0x490</load_address>
         <run_address>0x490</run_address>
         <size>0xe7</size>
         <input_file_ref idref="fl-f"/>
      </object_component>
      <object_component id="oc-3e">
         <name>.debug_abbrev</name>
         <load_address>0x577</load_address>
         <run_address>0x577</run_address>
         <size>0x119</size>
         <input_file_ref idref="fl-10"/>
      </object_component>
      <object_component id="oc-41">
         <name>.debug_abbrev</name>
         <load_address>0x690</load_address>
         <run_address>0x690</run_address>
         <size>0x3a</size>
         <input_file_ref idref="fl-11"/>
      </object_component>
      <object_component id="oc-44">
         <name>.debug_abbrev</name>
         <load_address>0x6ca</load_address>
         <run_address>0x6ca</run_address>
         <size>0x3a</size>
         <input_file_ref idref="fl-12"/>
      </object_component>
      <object_component id="oc-49">
         <name>.debug_abbrev</name>
         <load_address>0x704</load_address>
         <run_address>0x704</run_address>
         <size>0x9f</size>
         <input_file_ref idref="fl-13"/>
      </object_component>
      <object_component id="oc-4c">
         <name>.debug_abbrev</name>
         <load_address>0x7a3</load_address>
         <run_address>0x7a3</run_address>
         <size>0xe1</size>
         <input_file_ref idref="fl-14"/>
      </object_component>
      <object_component id="oc-4f">
         <name>.debug_abbrev</name>
         <load_address>0x884</load_address>
         <run_address>0x884</run_address>
         <size>0x155</size>
         <input_file_ref idref="fl-15"/>
      </object_component>
      <object_component id="oc-52">
         <name>.debug_abbrev</name>
         <load_address>0x9d9</load_address>
         <run_address>0x9d9</run_address>
         <size>0x10c</size>
         <input_file_ref idref="fl-16"/>
      </object_component>
      <object_component id="oc-55">
         <name>.debug_abbrev</name>
         <load_address>0xae5</load_address>
         <run_address>0xae5</run_address>
         <size>0xd5</size>
         <input_file_ref idref="fl-17"/>
      </object_component>
      <object_component id="oc-58">
         <name>.debug_abbrev</name>
         <load_address>0xbba</load_address>
         <run_address>0xbba</run_address>
         <size>0x1a3</size>
         <input_file_ref idref="fl-18"/>
      </object_component>
      <object_component id="oc-89">
         <name>.debug_abbrev</name>
         <load_address>0xd5d</load_address>
         <run_address>0xd5d</run_address>
         <size>0xd</size>
      </object_component>
      <object_component id="oc-17">
         <name>.debug_frame</name>
         <load_address>0x0</load_address>
         <run_address>0x0</run_address>
         <size>0x30d</size>
         <input_file_ref idref="fl-3"/>
      </object_component>
      <object_component id="oc-1d">
         <name>.debug_frame</name>
         <load_address>0x30d</load_address>
         <run_address>0x30d</run_address>
         <size>0x453</size>
         <input_file_ref idref="fl-4"/>
      </object_component>
      <object_component id="oc-29">
         <name>$BRID</name>
         <load_address>0x0</load_address>
         <run_address>0x0</run_address>
         <size>0x54</size>
         <input_file_ref idref="fl-b"/>
      </object_component>
      <object_component id="oc-2d">
         <name>$BRID</name>
         <load_address>0x54</load_address>
         <run_address>0x54</run_address>
         <size>0x24</size>
         <input_file_ref idref="fl-c"/>
      </object_component>
      <object_component id="oc-31">
         <name>$BRID</name>
         <load_address>0x78</load_address>
         <run_address>0x78</run_address>
         <size>0x14</size>
         <input_file_ref idref="fl-d"/>
      </object_component>
      <object_component id="oc-35">
         <name>$BRID</name>
         <load_address>0x8c</load_address>
         <run_address>0x8c</run_address>
         <size>0xc</size>
         <input_file_ref idref="fl-e"/>
      </object_component>
   </object_component_list>
   <logical_group_list>
      <logical_group id="lg-2">
         <name>vectors</name>
         <load_address>0x0</load_address>
         <run_address>0x0</run_address>
         <size>0x200</size>
         <contents>
            <object_component_ref idref="oc-f"/>
         </contents>
      </logical_group>
      <logical_group id="lg-3">
         <name>.cinit</name>
         <load_address>0x33c0</load_address>
         <run_address>0x33c0</run_address>
         <size>0x2f4</size>
         <contents>
            <object_component_ref idref="oc-21"/>
            <object_component_ref idref="oc-14"/>
            <object_component_ref idref="oc-56"/>
            <object_component_ref idref="oc-2f"/>
            <object_component_ref idref="oc-3b"/>
            <object_component_ref idref="oc-33"/>
            <object_component_ref idref="oc-46"/>
            <object_component_ref idref="oc-1b"/>
         </contents>
      </logical_group>
      <logical_group id="lg-4">
         <name>.text</name>
         <load_address>0x220</load_address>
         <run_address>0x220</run_address>
         <size>0x29a0</size>
         <contents>
            <object_component_ref idref="oc-5e"/>
            <object_component_ref idref="oc-16"/>
            <object_component_ref idref="oc-26"/>
            <object_component_ref idref="oc-2a"/>
            <object_component_ref idref="oc-66"/>
            <object_component_ref idref="oc-65"/>
            <object_component_ref idref="oc-6c"/>
            <object_component_ref idref="oc-69"/>
            <object_component_ref idref="oc-5b"/>
            <object_component_ref idref="oc-2e"/>
            <object_component_ref idref="oc-5d"/>
            <object_component_ref idref="oc-61"/>
            <object_component_ref idref="oc-62"/>
            <object_component_ref idref="oc-5f"/>
            <object_component_ref idref="oc-60"/>
            <object_component_ref idref="oc-64"/>
            <object_component_ref idref="oc-32"/>
            <object_component_ref idref="oc-6f"/>
            <object_component_ref idref="oc-e"/>
            <object_component_ref idref="oc-6d"/>
            <object_component_ref idref="oc-5c"/>
            <object_component_ref idref="oc-6a"/>
            <object_component_ref idref="oc-6e"/>
            <object_component_ref idref="oc-6b"/>
            <object_component_ref idref="oc-63"/>
            <object_component_ref idref="oc-67"/>
            <object_component_ref idref="oc-20"/>
         </contents>
      </logical_group>
      <logical_group id="lg-5">
         <name>.stack</name>
         <run_address>0x2bc0</run_address>
         <size>0x800</size>
         <contents>
            <object_component_ref idref="oc-37"/>
            <object_component_ref idref="oc-87"/>
         </contents>
      </logical_group>
      <logical_group id="lg-6">
         <name>.bss</name>
         <run_address>0x220</run_address>
         <size>0x0</size>
         <contents>
         </contents>
      </logical_group>
      <logical_group id="lg-7">
         <name>.const</name>
         <load_address>0x36b4</load_address>
         <run_address>0x36b4</run_address>
         <size>0x60</size>
         <contents>
            <object_component_ref idref="oc-2c"/>
            <object_component_ref idref="oc-28"/>
         </contents>
      </logical_group>
      <logical_group id="lg-8">
         <name>.data</name>
         <run_address>0x220</run_address>
         <size>0x0</size>
         <contents>
         </contents>
      </logical_group>
      <logical_group id="lg-9">
         <name>.far</name>
         <run_address>0x80000000</run_address>
         <size>0x23a</size>
         <contents>
            <object_component_ref idref="oc-15"/>
            <object_component_ref idref="oc-1c"/>
            <object_component_ref idref="oc-22"/>
            <object_component_ref idref="oc-27"/>
            <object_component_ref idref="oc-2b"/>
            <object_component_ref idref="oc-30"/>
            <object_component_ref idref="oc-34"/>
            <object_component_ref idref="oc-3c"/>
            <object_component_ref idref="oc-47"/>
            <object_component_ref idref="oc-57"/>
         </contents>
      </logical_group>
      <logical_group id="lg-a">
         <name>.switch</name>
         <load_address>0x3714</load_address>
         <run_address>0x3714</run_address>
         <size>0x30</size>
         <contents>
            <object_component_ref idref="oc-68"/>
         </contents>
      </logical_group>
      <logical_group id="lg-b">
         <name>.sysmem</name>
         <run_address>0x0</run_address>
         <size>0x0</size>
         <contents>
         </contents>
      </logical_group>
      <logical_group id="lg-c">
         <name>.tables</name>
         <run_address>0x0</run_address>
         <size>0x0</size>
         <contents>
         </contents>
      </logical_group>
      <logical_group id="lg-d">
         <name>.cio</name>
         <run_address>0x0</run_address>
         <size>0x0</size>
         <contents>
         </contents>
      </logical_group>
      <logical_group id="lg-7c">
         <name>.debug_info</name>
         <load_address>0x0</load_address>
         <run_address>0x0</run_address>
         <size>0x74bd</size>
         <contents>
            <object_component_ref idref="oc-10"/>
            <object_component_ref idref="oc-13"/>
            <object_component_ref idref="oc-1a"/>
            <object_component_ref idref="oc-24"/>
            <object_component_ref idref="oc-36"/>
            <object_component_ref idref="oc-3a"/>
            <object_component_ref idref="oc-3f"/>
            <object_component_ref idref="oc-42"/>
            <object_component_ref idref="oc-45"/>
            <object_component_ref idref="oc-4a"/>
            <object_component_ref idref="oc-4d"/>
            <object_component_ref idref="oc-50"/>
            <object_component_ref idref="oc-53"/>
            <object_component_ref idref="oc-59"/>
            <object_component_ref idref="oc-88"/>
         </contents>
      </logical_group>
      <logical_group id="lg-7e">
         <name>.debug_line</name>
         <load_address>0x0</load_address>
         <run_address>0x0</run_address>
         <size>0x8bb</size>
         <contents>
            <object_component_ref idref="oc-11"/>
            <object_component_ref idref="oc-18"/>
            <object_component_ref idref="oc-1e"/>
            <object_component_ref idref="oc-25"/>
            <object_component_ref idref="oc-38"/>
            <object_component_ref idref="oc-3d"/>
            <object_component_ref idref="oc-40"/>
            <object_component_ref idref="oc-43"/>
            <object_component_ref idref="oc-48"/>
            <object_component_ref idref="oc-4b"/>
            <object_component_ref idref="oc-4e"/>
            <object_component_ref idref="oc-51"/>
            <object_component_ref idref="oc-54"/>
            <object_component_ref idref="oc-5a"/>
         </contents>
      </logical_group>
      <logical_group id="lg-80">
         <name>.debug_abbrev</name>
         <load_address>0x0</load_address>
         <run_address>0x0</run_address>
         <size>0xd6a</size>
         <contents>
            <object_component_ref idref="oc-12"/>
            <object_component_ref idref="oc-19"/>
            <object_component_ref idref="oc-1f"/>
            <object_component_ref idref="oc-23"/>
            <object_component_ref idref="oc-39"/>
            <object_component_ref idref="oc-3e"/>
            <object_component_ref idref="oc-41"/>
            <object_component_ref idref="oc-44"/>
            <object_component_ref idref="oc-49"/>
            <object_component_ref idref="oc-4c"/>
            <object_component_ref idref="oc-4f"/>
            <object_component_ref idref="oc-52"/>
            <object_component_ref idref="oc-55"/>
            <object_component_ref idref="oc-58"/>
            <object_component_ref idref="oc-89"/>
         </contents>
      </logical_group>
      <logical_group id="lg-82">
         <name>.debug_frame</name>
         <load_address>0x0</load_address>
         <run_address>0x0</run_address>
         <size>0x760</size>
         <contents>
            <object_component_ref idref="oc-17"/>
            <object_component_ref idref="oc-1d"/>
         </contents>
      </logical_group>
      <logical_group id="lg-84">
         <name>$BRID</name>
         <load_address>0x0</load_address>
         <run_address>0x0</run_address>
         <size>0x98</size>
         <contents>
            <object_component_ref idref="oc-29"/>
            <object_component_ref idref="oc-2d"/>
            <object_component_ref idref="oc-31"/>
            <object_component_ref idref="oc-35"/>
         </contents>
      </logical_group>
   </logical_group_list>
   <placement_map>
      <memory_area>
         <name>vecs</name>
         <page_id>0x0</page_id>
         <origin>0x0</origin>
         <length>0x220</length>
         <used_space>0x200</used_space>
         <unused_space>0x20</unused_space>
         <attributes>RWIX</attributes>
         <usage_details>
            <allocated_space>
               <start_address>0x0</start_address>
               <size>0x200</size>
               <logical_group_ref idref="lg-2"/>
            </allocated_space>
            <available_space>
               <start_address>0x200</start_address>
               <size>0x20</size>
            </available_space>
         </usage_details>
      </memory_area>
      <memory_area>
         <name>IRAM</name>
         <page_id>0x0</page_id>
         <origin>0x220</origin>
         <length>0xffe0</length>
         <used_space>0x3524</used_space>
         <unused_space>0xcabc</unused_space>
         <attributes>RWIX</attributes>
         <usage_details>
            <allocated_space>
               <start_address>0x220</start_address>
               <size>0x0</size>
               <logical_group_ref idref="lg-8"/>
            </allocated_space>
            <allocated_space>
               <start_address>0x220</start_address>
               <size>0x0</size>
               <logical_group_ref idref="lg-6"/>
            </allocated_space>
            <allocated_space>
               <start_address>0x220</start_address>
               <size>0x29a0</size>
               <logical_group_ref idref="lg-4"/>
            </allocated_space>
            <allocated_space>
               <start_address>0x2bc0</start_address>
               <size>0x800</size>
               <logical_group_ref idref="lg-5"/>
            </allocated_space>
            <allocated_space>
               <start_address>0x33c0</start_address>
               <size>0x2f4</size>
               <logical_group_ref idref="lg-3"/>
            </allocated_space>
            <allocated_space>
               <start_address>0x36b4</start_address>
               <size>0x60</size>
               <logical_group_ref idref="lg-7"/>
            </allocated_space>
            <allocated_space>
               <start_address>0x3714</start_address>
               <size>0x30</size>
               <logical_group_ref idref="lg-a"/>
            </allocated_space>
            <available_space>
               <start_address>0x3744</start_address>
               <size>0xcabc</size>
            </available_space>
         </usage_details>
      </memory_area>
      <memory_area>
         <name>CE0</name>
         <page_id>0x0</page_id>
         <origin>0x80000000</origin>
         <length>0x1000000</length>
         <used_space>0x23a</used_space>
         <unused_space>0xfffdc6</unused_space>
         <attributes>RWIX</attributes>
         <usage_details>
            <allocated_space>
               <start_address>0x80000000</start_address>
               <size>0x23a</size>
               <logical_group_ref idref="lg-9"/>
            </allocated_space>
            <available_space>
               <start_address>0x8000023a</start_address>
               <size>0xfffdc6</size>
            </available_space>
         </usage_details>
      </memory_area>
   </placement_map>
   <symbol_table>
      <symbol id="sm-0">
         <name>cinit</name>
         <value>0x33c0</value>
      </symbol>
      <symbol id="sm-1">
         <name>___cinit__</name>
         <value>0x33c0</value>
      </symbol>
      <symbol id="sm-2">
         <name>pinit</name>
         <value>0xffffffff</value>
      </symbol>
      <symbol id="sm-3">
         <name>___pinit__</name>
         <value>0xffffffff</value>
      </symbol>
      <symbol id="sm-4">
         <name>binit</name>
         <value>0xffffffff</value>
      </symbol>
      <symbol id="sm-5">
         <name>___binit__</name>
         <value>0xffffffff</value>
      </symbol>
      <symbol id="sm-6">
         <name>__STACK_SIZE</name>
         <value>0x800</value>
      </symbol>
      <symbol id="sm-7">
         <name>__STACK_END</name>
         <value>0x33c0</value>
      </symbol>
      <symbol id="sm-8">
         <name>___c_args__</name>
         <value>0xffffffff</value>
      </symbol>
      <symbol id="sm-9">
         <name>.text</name>
         <value>0x220</value>
      </symbol>
      <symbol id="sm-a">
         <name>___text__</name>
         <value>0x220</value>
      </symbol>
      <symbol id="sm-b">
         <name>etext</name>
         <value>0x2bc0</value>
      </symbol>
      <symbol id="sm-c">
         <name>___etext__</name>
         <value>0x2bc0</value>
      </symbol>
      <symbol id="sm-d">
         <name>.data</name>
         <value>0x220</value>
      </symbol>
      <symbol id="sm-e">
         <name>___data__</name>
         <value>0x220</value>
      </symbol>
      <symbol id="sm-f">
         <name>edata</name>
         <value>0x220</value>
      </symbol>
      <symbol id="sm-10">
         <name>___edata__</name>
         <value>0x220</value>
      </symbol>
      <symbol id="sm-11">
         <name>.bss</name>
         <value>0x220</value>
      </symbol>
      <symbol id="sm-12">
         <name>___bss__</name>
         <value>0x220</value>
      </symbol>
      <symbol id="sm-13">
         <name>end</name>
         <value>0x220</value>
      </symbol>
      <symbol id="sm-14">
         <name>___end__</name>
         <value>0x220</value>
      </symbol>
      <symbol id="sm-15">
         <name>___TI_pprof_out_hndl</name>
         <value>0xffffffff</value>
      </symbol>
      <symbol id="sm-16">
         <name>___TI_prof_data_start</name>
         <value>0xffffffff</value>
      </symbol>
      <symbol id="sm-17">
         <name>___TI_prof_data_size</name>
         <value>0xffffffff</value>
      </symbol>
      <symbol id="sm-18">
         <name>$bss</name>
         <value>0x220</value>
      </symbol>
      <symbol id="sm-9c">
         <name>_main</name>
         <value>0x1980</value>
         <object_component_ref idref="oc-66"/>
      </symbol>
      <symbol id="sm-9d">
         <name>_Q1</name>
         <value>0x80000158</value>
         <object_component_ref idref="oc-15"/>
      </symbol>
      <symbol id="sm-9e">
         <name>_w6</name>
         <value>0x80000128</value>
         <object_component_ref idref="oc-15"/>
      </symbol>
      <symbol id="sm-9f">
         <name>_w5</name>
         <value>0x80000126</value>
         <object_component_ref idref="oc-15"/>
      </symbol>
      <symbol id="sm-a0">
         <name>_w4</name>
         <value>0x80000124</value>
         <object_component_ref idref="oc-15"/>
      </symbol>
      <symbol id="sm-a1">
         <name>_w3</name>
         <value>0x80000122</value>
         <object_component_ref idref="oc-15"/>
      </symbol>
      <symbol id="sm-a2">
         <name>_w2</name>
         <value>0x80000120</value>
         <object_component_ref idref="oc-15"/>
      </symbol>
      <symbol id="sm-a3">
         <name>_max_Xk</name>
         <value>0x17c0</value>
         <object_component_ref idref="oc-66"/>
      </symbol>
      <symbol id="sm-a4">
         <name>_data</name>
         <value>0x80000134</value>
         <object_component_ref idref="oc-15"/>
      </symbol>
      <symbol id="sm-a5">
         <name>_copikN</name>
         <value>0x80000170</value>
         <object_component_ref idref="oc-15"/>
      </symbol>
      <symbol id="sm-a6">
         <name>_max2</name>
         <value>0x80000144</value>
         <object_component_ref idref="oc-15"/>
      </symbol>
      <symbol id="sm-a7">
         <name>_max1</name>
         <value>0x80000140</value>
         <object_component_ref idref="oc-15"/>
      </symbol>
      <symbol id="sm-a8">
         <name>_serial_port_rcv_isr</name>
         <value>0x960</value>
         <object_component_ref idref="oc-16"/>
      </symbol>
      <symbol id="sm-a9">
         <name>_tone</name>
         <value>0x80000180</value>
         <object_component_ref idref="oc-15"/>
      </symbol>
      <symbol id="sm-aa">
         <name>_argmax1</name>
         <value>0x8000012c</value>
         <object_component_ref idref="oc-15"/>
      </symbol>
      <symbol id="sm-ab">
         <name>_argmax2</name>
         <value>0x80000130</value>
         <object_component_ref idref="oc-15"/>
      </symbol>
      <symbol id="sm-ac">
         <name>_x</name>
         <value>0x80000150</value>
         <object_component_ref idref="oc-15"/>
      </symbol>
      <symbol id="sm-ad">
         <name>_n</name>
         <value>0x8000014c</value>
         <object_component_ref idref="oc-15"/>
      </symbol>
      <symbol id="sm-ae">
         <name>_k</name>
         <value>0x8000013c</value>
         <object_component_ref idref="oc-15"/>
      </symbol>
      <symbol id="sm-af">
         <name>_j</name>
         <value>0x80000138</value>
         <object_component_ref idref="oc-15"/>
      </symbol>
      <symbol id="sm-b0">
         <name>_i</name>
         <value>0x80000148</value>
         <object_component_ref idref="oc-15"/>
      </symbol>
      <symbol id="sm-b1">
         <name>_init_hw_interrupts</name>
         <value>0x1a00</value>
         <object_component_ref idref="oc-66"/>
      </symbol>
      <symbol id="sm-b2">
         <name>_Xk</name>
         <value>0x80000160</value>
         <object_component_ref idref="oc-15"/>
      </symbol>
      <symbol id="sm-e8">
         <name>_enableNMI</name>
         <value>0x238</value>
         <object_component_ref idref="oc-5e"/>
      </symbol>
      <symbol id="sm-e9">
         <name>_comm_poll</name>
         <value>0x6d8</value>
         <object_component_ref idref="oc-5e"/>
      </symbol>
      <symbol id="sm-ea">
         <name>_output_left_sample</name>
         <value>0x870</value>
         <object_component_ref idref="oc-5e"/>
      </symbol>
      <symbol id="sm-eb">
         <name>_polling</name>
         <value>0x80000214</value>
         <object_component_ref idref="oc-1c"/>
      </symbol>
      <symbol id="sm-ec">
         <name>_comm_intr</name>
         <value>0x70c</value>
         <object_component_ref idref="oc-5e"/>
      </symbol>
      <symbol id="sm-ed">
         <name>_input_left_sample</name>
         <value>0x788</value>
         <object_component_ref idref="oc-5e"/>
      </symbol>
      <symbol id="sm-ee">
         <name>_c6x11_dsk_init</name>
         <value>0x67c</value>
         <object_component_ref idref="oc-5e"/>
      </symbol>
      <symbol id="sm-ef">
         <name>_output_sample</name>
         <value>0x848</value>
         <object_component_ref idref="oc-5e"/>
      </symbol>
      <symbol id="sm-f0">
         <name>_output_leftright_sample</name>
         <value>0x914</value>
         <object_component_ref idref="oc-5e"/>
      </symbol>
      <symbol id="sm-f1">
         <name>_mcbsp1_activate</name>
         <value>0x93c</value>
         <object_component_ref idref="oc-5e"/>
      </symbol>
      <symbol id="sm-f2">
         <name>_mcbsp1_init</name>
         <value>0x4f0</value>
         <object_component_ref idref="oc-5e"/>
      </symbol>
      <symbol id="sm-f3">
         <name>_input_right_sample</name>
         <value>0x7c8</value>
         <object_component_ref idref="oc-5e"/>
      </symbol>
      <symbol id="sm-f4">
         <name>_enableSpecificINT</name>
         <value>0x250</value>
         <object_component_ref idref="oc-5e"/>
      </symbol>
      <symbol id="sm-f5">
         <name>_enableGlobalINT</name>
         <value>0x220</value>
         <object_component_ref idref="oc-5e"/>
      </symbol>
      <symbol id="sm-f6">
         <name>_config_Interrupt_Selector</name>
         <value>0x28c</value>
         <object_component_ref idref="oc-5e"/>
      </symbol>
      <symbol id="sm-f7">
         <name>_mcbsp1_read</name>
         <value>0x578</value>
         <object_component_ref idref="oc-5e"/>
      </symbol>
      <symbol id="sm-f8">
         <name>_mcbsp1_write</name>
         <value>0x604</value>
         <object_component_ref idref="oc-5e"/>
      </symbol>
      <symbol id="sm-f9">
         <name>_Act_Fs</name>
         <value>0x80000210</value>
         <object_component_ref idref="oc-1c"/>
      </symbol>
      <symbol id="sm-fa">
         <name>_input_leftright_sample</name>
         <value>0x808</value>
         <object_component_ref idref="oc-5e"/>
      </symbol>
      <symbol id="sm-fb">
         <name>_mcbspData</name>
         <value>0x80000218</value>
         <object_component_ref idref="oc-1c"/>
      </symbol>
      <symbol id="sm-fc">
         <name>_input_sample</name>
         <value>0x764</value>
         <object_component_ref idref="oc-5e"/>
      </symbol>
      <symbol id="sm-fd">
         <name>_output_right_sample</name>
         <value>0x8c8</value>
         <object_component_ref idref="oc-5e"/>
      </symbol>
      <symbol id="sm-117">
         <name>__IRQ_eventTable</name>
         <value>0x80000028</value>
         <object_component_ref idref="oc-22"/>
      </symbol>
      <symbol id="sm-118">
         <name>_IRQ_nmiEnable</name>
         <value>0x2b40</value>
         <object_component_ref idref="oc-6b"/>
      </symbol>
      <symbol id="sm-119">
         <name>__IRQ_intTable</name>
         <value>0x800000ac</value>
         <object_component_ref idref="oc-22"/>
      </symbol>
      <symbol id="sm-11a">
         <name>_IRQ_globalEnable</name>
         <value>0x2b20</value>
         <object_component_ref idref="oc-6e"/>
      </symbol>
      <symbol id="sm-11b">
         <name>_IRQ_globalDisable</name>
         <value>0x2b00</value>
         <object_component_ref idref="oc-6a"/>
      </symbol>
      <symbol id="sm-11c">
         <name>_IRQ_map</name>
         <value>0x1ce0</value>
         <object_component_ref idref="oc-6c"/>
      </symbol>
      <symbol id="sm-11d">
         <name>_IRQ_enable</name>
         <value>0x2a80</value>
         <object_component_ref idref="oc-6d"/>
      </symbol>
      <symbol id="sm-11e">
         <name>__IRQ_dispatchTable</name>
         <value>0x800000ec</value>
         <object_component_ref idref="oc-22"/>
      </symbol>
      <symbol id="sm-11f">
         <name>__IRQ_hookFetchPacket</name>
         <value>0x2ba0</value>
         <object_component_ref idref="oc-20"/>
      </symbol>
      <symbol id="sm-129">
         <name>_DSK6713_init</name>
         <value>0x1090</value>
         <object_component_ref idref="oc-26"/>
      </symbol>
      <symbol id="sm-12a">
         <name>_DSK6713_version</name>
         <value>0x80000238</value>
         <object_component_ref idref="oc-27"/>
      </symbol>
      <symbol id="sm-12b">
         <name>_DSK6713_rget</name>
         <value>0x1390</value>
         <object_component_ref idref="oc-26"/>
      </symbol>
      <symbol id="sm-12c">
         <name>_DSK6713_wait</name>
         <value>0x13b8</value>
         <object_component_ref idref="oc-26"/>
      </symbol>
      <symbol id="sm-12d">
         <name>_DSK6713_rset</name>
         <value>0x13a4</value>
         <object_component_ref idref="oc-26"/>
      </symbol>
      <symbol id="sm-12e">
         <name>_DSK6713_waitusec</name>
         <value>0x140c</value>
         <object_component_ref idref="oc-26"/>
      </symbol>
      <symbol id="sm-12f">
         <name>_DSK6713_getVersion</name>
         <value>0x1438</value>
         <object_component_ref idref="oc-26"/>
      </symbol>
      <symbol id="sm-139">
         <name>_DSK6713_AIC23_codeccontrolhandle</name>
         <value>0x80000228</value>
         <object_component_ref idref="oc-2b"/>
      </symbol>
      <symbol id="sm-13a">
         <name>_DSK6713_AIC23_codecdatahandle</name>
         <value>0x8000022c</value>
         <object_component_ref idref="oc-2b"/>
      </symbol>
      <symbol id="sm-13b">
         <name>_DSK6713_AIC23_openCodec</name>
         <value>0x14c0</value>
         <object_component_ref idref="oc-2a"/>
      </symbol>
      <symbol id="sm-145">
         <name>_DSK6713_AIC23_config</name>
         <value>0x2260</value>
         <object_component_ref idref="oc-2e"/>
      </symbol>
      <symbol id="sm-146">
         <name>_DSK6713_AIC23_rget</name>
         <value>0x223c</value>
         <object_component_ref idref="oc-2e"/>
      </symbol>
      <symbol id="sm-147">
         <name>_DSK6713_AIC23_rset</name>
         <value>0x21a0</value>
         <object_component_ref idref="oc-2e"/>
      </symbol>
      <symbol id="sm-151">
         <name>_DSK6713_AIC23_setFreq</name>
         <value>0x28a0</value>
         <object_component_ref idref="oc-32"/>
      </symbol>
      <symbol id="sm-15d">
         <name>_c_int00</name>
         <value>0x2a00</value>
         <object_component_ref idref="oc-e"/>
      </symbol>
      <symbol id="sm-15e">
         <name>__stack</name>
         <value>0x2bc0</value>
         <object_component_ref idref="oc-37"/>
      </symbol>
      <symbol id="sm-16e">
         <name>C$$EXIT</name>
         <value>0x2b80</value>
         <object_component_ref idref="oc-67"/>
      </symbol>
      <symbol id="sm-16f">
         <name>_exit</name>
         <value>0x22e0</value>
         <object_component_ref idref="oc-5d"/>
      </symbol>
      <symbol id="sm-170">
         <name>___TI_enable_exit_profile_output</name>
         <value>0x80000224</value>
         <object_component_ref idref="oc-3c"/>
      </symbol>
      <symbol id="sm-171">
         <name>_abort</name>
         <value>0x2b80</value>
         <object_component_ref idref="oc-67"/>
      </symbol>
      <symbol id="sm-172">
         <name>__cleanup_ptr</name>
         <value>0x8000021c</value>
         <object_component_ref idref="oc-3c"/>
      </symbol>
      <symbol id="sm-173">
         <name>__dtors_ptr</name>
         <value>0x80000220</value>
         <object_component_ref idref="oc-3c"/>
      </symbol>
      <symbol id="sm-17b">
         <name>__remi</name>
         <value>0x2600</value>
         <object_component_ref idref="oc-5f"/>
      </symbol>
      <symbol id="sm-17c">
         <name>__c6xabi_remi</name>
         <value>0x2600</value>
         <object_component_ref idref="oc-5f"/>
      </symbol>
      <symbol id="sm-184">
         <name>__strasg</name>
         <value>0x2700</value>
         <object_component_ref idref="oc-60"/>
      </symbol>
      <symbol id="sm-192">
         <name>__unlock</name>
         <value>0x80000234</value>
         <object_component_ref idref="oc-47"/>
      </symbol>
      <symbol id="sm-193">
         <name>__lock</name>
         <value>0x80000230</value>
         <object_component_ref idref="oc-47"/>
      </symbol>
      <symbol id="sm-194">
         <name>__nop</name>
         <value>0x2b60</value>
         <object_component_ref idref="oc-63"/>
      </symbol>
      <symbol id="sm-19e">
         <name>__args_main</name>
         <value>0x2ac0</value>
         <object_component_ref idref="oc-5c"/>
      </symbol>
      <symbol id="sm-19f">
         <name>__TI_args_main</name>
         <value>0x1</value>
      </symbol>
      <symbol id="sm-1a9">
         <name>__auto_init</name>
         <value>0x2040</value>
         <object_component_ref idref="oc-5b"/>
      </symbol>
      <symbol id="sm-1b3">
         <name>_copy_in</name>
         <value>0x27e0</value>
         <object_component_ref idref="oc-64"/>
      </symbol>
      <symbol id="sm-1bd">
         <name>_memcpy</name>
         <value>0x1aa0</value>
         <object_component_ref idref="oc-65"/>
      </symbol>
      <symbol id="sm-1cf">
         <name>_MCBSP_reset</name>
         <value>0x1ea0</value>
         <object_component_ref idref="oc-69"/>
      </symbol>
      <symbol id="sm-1d0">
         <name>_MCBSP_open</name>
         <value>0x2400</value>
         <object_component_ref idref="oc-61"/>
      </symbol>
      <symbol id="sm-1d1">
         <name>__MCBSP_hDev0</name>
         <value>0x800001c0</value>
         <object_component_ref idref="oc-57"/>
      </symbol>
      <symbol id="sm-1d2">
         <name>__MCBSP_hDev1</name>
         <value>0x800001c4</value>
         <object_component_ref idref="oc-57"/>
      </symbol>
      <symbol id="sm-1d3">
         <name>_MCBSP_start</name>
         <value>0x2500</value>
         <object_component_ref idref="oc-62"/>
      </symbol>
   </symbol_table>
</link_info>
