<?xml version="1.0"?>
<link_info>
   <banner>TMS320C6x Linker PC v7.4.4</banner>
   <copyright>Copyright (c) 1996-2013 Texas Instruments Incorporated</copyright>
   <link_time>0x58c27c6e</link_time>
   <output_file>dsp2lab1.out</output_file>
   <entry_point>
      <name>_c_int00</name>
      <address>0x1b00</address>
   </entry_point>
   <input_file_list>
      <input_file id="fl-2">
         <path>.\</path>
         <kind>object</kind>
         <file>vectors.obj</file>
         <name>vectors.obj</name>
      </input_file>
      <input_file id="fl-3">
         <path>.\</path>
         <kind>object</kind>
         <file>switches.obj</file>
         <name>switches.obj</name>
      </input_file>
      <input_file id="fl-4">
         <path>.\</path>
         <kind>object</kind>
         <file>stereo.obj</file>
         <name>stereo.obj</name>
      </input_file>
      <input_file id="fl-5">
         <path>.\</path>
         <kind>object</kind>
         <file>interrupts.obj</file>
         <name>interrupts.obj</name>
      </input_file>
      <input_file id="fl-6">
         <path>.\</path>
         <kind>object</kind>
         <file>bargraph.obj</file>
         <name>bargraph.obj</name>
      </input_file>
      <input_file id="fl-7">
         <path>.\</path>
         <kind>object</kind>
         <file>DelaysandEcho.obj</file>
         <name>DelaysandEcho.obj</name>
      </input_file>
      <input_file id="fl-d">
         <path>C:\ti\ccsv5\tools\compiler\c6000_7.4.4\lib\</path>
         <kind>archive</kind>
         <file>rts6700.lib</file>
         <name>boot.obj</name>
      </input_file>
      <input_file id="fl-e">
         <path>C:\ti\ccsv5\tools\compiler\c6000_7.4.4\lib\</path>
         <kind>archive</kind>
         <file>rts6700.lib</file>
         <name>exit.obj</name>
      </input_file>
      <input_file id="fl-f">
         <path>C:\ti\ccsv5\tools\compiler\c6000_7.4.4\lib\</path>
         <kind>archive</kind>
         <file>rts6700.lib</file>
         <name>remu.obj</name>
      </input_file>
      <input_file id="fl-10">
         <path>C:\ti\ccsv5\tools\compiler\c6000_7.4.4\lib\</path>
         <kind>archive</kind>
         <file>rts6700.lib</file>
         <name>args_main.obj</name>
      </input_file>
      <input_file id="fl-11">
         <path>C:\ti\ccsv5\tools\compiler\c6000_7.4.4\lib\</path>
         <kind>archive</kind>
         <file>rts6700.lib</file>
         <name>autoinit.obj</name>
      </input_file>
      <input_file id="fl-12">
         <path>C:\ti\ccsv5\tools\compiler\c6000_7.4.4\lib\</path>
         <kind>archive</kind>
         <file>rts6700.lib</file>
         <name>cpp_init.obj</name>
      </input_file>
      <input_file id="fl-13">
         <path>C:\ti\ccsv5\tools\compiler\c6000_7.4.4\lib\</path>
         <kind>archive</kind>
         <file>rts6700.lib</file>
         <name>cpy_tbl.obj</name>
      </input_file>
      <input_file id="fl-14">
         <path>C:\ti\ccsv5\tools\compiler\c6000_7.4.4\lib\</path>
         <kind>archive</kind>
         <file>rts6700.lib</file>
         <name>memcpy62.obj</name>
      </input_file>
      <input_file id="fl-15">
         <path>C:\DSK6713\c6000\dsk6713\lib\</path>
         <kind>archive</kind>
         <file>dsk6713bsl.lib</file>
         <name>dsk6713.obj</name>
      </input_file>
      <input_file id="fl-16">
         <path>C:\DSK6713\c6000\dsk6713\lib\</path>
         <kind>archive</kind>
         <file>dsk6713bsl.lib</file>
         <name>dsk6713_aic23_opencodec.obj</name>
      </input_file>
      <input_file id="fl-17">
         <path>C:\DSK6713\c6000\dsk6713\lib\</path>
         <kind>archive</kind>
         <file>dsk6713bsl.lib</file>
         <name>dsk6713_aic23_read.obj</name>
      </input_file>
      <input_file id="fl-18">
         <path>C:\DSK6713\c6000\dsk6713\lib\</path>
         <kind>archive</kind>
         <file>dsk6713bsl.lib</file>
         <name>dsk6713_aic23_registers.obj</name>
      </input_file>
      <input_file id="fl-19">
         <path>C:\DSK6713\c6000\dsk6713\lib\</path>
         <kind>archive</kind>
         <file>dsk6713bsl.lib</file>
         <name>dsk6713_aic23_setfreq.obj</name>
      </input_file>
      <input_file id="fl-1a">
         <path>C:\DSK6713\c6000\dsk6713\lib\</path>
         <kind>archive</kind>
         <file>dsk6713bsl.lib</file>
         <name>dsk6713_aic23_write.obj</name>
      </input_file>
      <input_file id="fl-1b">
         <path>C:\ti\ccsv5\tools\compiler\c6000_7.4.4\lib\</path>
         <kind>archive</kind>
         <file>rts6700.lib</file>
         <name>strasg.obj</name>
      </input_file>
      <input_file id="fl-1c">
         <path>C:\Program Files\C6xCSL\lib_3x\</path>
         <kind>archive</kind>
         <file>csl6713.lib</file>
         <name>csl_mcbsp.obj</name>
      </input_file>
      <input_file id="fl-1d">
         <path>C:\Program Files\C6xCSL\lib_3x\</path>
         <kind>archive</kind>
         <file>csl6713.lib</file>
         <name>csl_irq.obj</name>
      </input_file>
   </input_file_list>
   <object_component_list>
      <object_component id="oc-f">
         <name>vectors</name>
         <load_address>0x0</load_address>
         <run_address>0x0</run_address>
         <size>0x200</size>
         <input_file_ref idref="fl-2"/>
      </object_component>
      <object_component id="oc-62">
         <name>.cinit</name>
         <load_address>0x2580</load_address>
         <run_address>0x2580</run_address>
         <size>0x12c</size>
         <input_file_ref idref="fl-1d"/>
      </object_component>
      <object_component id="oc-25">
         <name>.cinit</name>
         <load_address>0x26b0</load_address>
         <run_address>0x26b0</run_address>
         <size>0x5c</size>
         <input_file_ref idref="fl-7"/>
      </object_component>
      <object_component id="oc-5c">
         <name>.cinit</name>
         <load_address>0x2710</load_address>
         <run_address>0x2710</run_address>
         <size>0x54</size>
         <input_file_ref idref="fl-1c"/>
      </object_component>
      <object_component id="oc-50">
         <name>.cinit</name>
         <load_address>0x2768</load_address>
         <run_address>0x2768</run_address>
         <size>0x30</size>
         <input_file_ref idref="fl-18"/>
      </object_component>
      <object_component id="oc-2f">
         <name>.cinit</name>
         <load_address>0x2798</load_address>
         <run_address>0x2798</run_address>
         <size>0x2c</size>
         <input_file_ref idref="fl-e"/>
      </object_component>
      <object_component id="oc-54">
         <name>.cinit</name>
         <load_address>0x27c8</load_address>
         <run_address>0x27c8</run_address>
         <size>0x28</size>
         <input_file_ref idref="fl-19"/>
      </object_component>
      <object_component id="oc-45">
         <name>.text</name>
         <load_address>0x220</load_address>
         <run_address>0x220</run_address>
         <size>0x460</size>
         <input_file_ref idref="fl-15"/>
      </object_component>
      <object_component id="oc-70">
         <name>.text</name>
         <load_address>0x680</load_address>
         <run_address>0x680</run_address>
         <size>0x3e0</size>
         <input_file_ref idref="fl-7"/>
      </object_component>
      <object_component id="oc-49">
         <name>.text</name>
         <load_address>0xa60</load_address>
         <run_address>0xa60</run_address>
         <size>0x300</size>
         <input_file_ref idref="fl-16"/>
      </object_component>
      <object_component id="oc-6e">
         <name>.text:_memcpy</name>
         <load_address>0xd60</load_address>
         <run_address>0xd60</run_address>
         <size>0x240</size>
         <input_file_ref idref="fl-14"/>
      </object_component>
      <object_component id="oc-72">
         <name>.text:_MCBSP_reset</name>
         <load_address>0xfa0</load_address>
         <run_address>0xfa0</run_address>
         <size>0x1a0</size>
         <input_file_ref idref="fl-1c"/>
      </object_component>
      <object_component id="oc-4f">
         <name>.text</name>
         <load_address>0x1140</load_address>
         <run_address>0x1140</run_address>
         <size>0x140</size>
         <input_file_ref idref="fl-18"/>
      </object_component>
      <object_component id="oc-76">
         <name>.text</name>
         <load_address>0x1280</load_address>
         <run_address>0x1280</run_address>
         <size>0x120</size>
         <input_file_ref idref="fl-6"/>
      </object_component>
      <object_component id="oc-6b">
         <name>.text:_MCBSP_open</name>
         <load_address>0x13a0</load_address>
         <run_address>0x13a0</run_address>
         <size>0x100</size>
         <input_file_ref idref="fl-1c"/>
      </object_component>
      <object_component id="oc-6c">
         <name>.text:_MCBSP_start</name>
         <load_address>0x14a0</load_address>
         <run_address>0x14a0</run_address>
         <size>0x100</size>
         <input_file_ref idref="fl-1c"/>
      </object_component>
      <object_component id="oc-67">
         <name>.text:__auto_init</name>
         <load_address>0x15a0</load_address>
         <run_address>0x15a0</run_address>
         <size>0x100</size>
         <input_file_ref idref="fl-11"/>
      </object_component>
      <object_component id="oc-6a">
         <name>.text:__strasg</name>
         <load_address>0x16a0</load_address>
         <run_address>0x16a0</run_address>
         <size>0xe0</size>
         <input_file_ref idref="fl-1b"/>
      </object_component>
      <object_component id="oc-69">
         <name>.text:_exit</name>
         <load_address>0x1780</load_address>
         <run_address>0x1780</run_address>
         <size>0xe0</size>
         <input_file_ref idref="fl-e"/>
      </object_component>
      <object_component id="oc-6d">
         <name>.text:_copy_in</name>
         <load_address>0x1860</load_address>
         <run_address>0x1860</run_address>
         <size>0xc0</size>
         <input_file_ref idref="fl-13"/>
      </object_component>
      <object_component id="oc-53">
         <name>.text</name>
         <load_address>0x1920</load_address>
         <run_address>0x1920</run_address>
         <size>0xc0</size>
         <input_file_ref idref="fl-19"/>
      </object_component>
      <object_component id="oc-74">
         <name>.text:__remu</name>
         <load_address>0x19e0</load_address>
         <run_address>0x19e0</run_address>
         <size>0xa0</size>
         <input_file_ref idref="fl-f"/>
      </object_component>
      <object_component id="oc-6f">
         <name>.text:___TI_cpp_init</name>
         <load_address>0x1a80</load_address>
         <run_address>0x1a80</run_address>
         <size>0x80</size>
         <input_file_ref idref="fl-12"/>
      </object_component>
      <object_component id="oc-e">
         <name>.text:_c_int00</name>
         <load_address>0x1b00</load_address>
         <run_address>0x1b00</run_address>
         <size>0x80</size>
         <input_file_ref idref="fl-d"/>
      </object_component>
      <object_component id="oc-57">
         <name>.text</name>
         <load_address>0x1b80</load_address>
         <run_address>0x1b80</run_address>
         <size>0x80</size>
         <input_file_ref idref="fl-1a"/>
      </object_component>
      <object_component id="oc-4d">
         <name>.text</name>
         <load_address>0x1c00</load_address>
         <run_address>0x1c00</run_address>
         <size>0x60</size>
         <input_file_ref idref="fl-17"/>
      </object_component>
      <object_component id="oc-75">
         <name>.text</name>
         <load_address>0x1c60</load_address>
         <run_address>0x1c60</run_address>
         <size>0x60</size>
         <input_file_ref idref="fl-4"/>
      </object_component>
      <object_component id="oc-68">
         <name>.text:__args_main</name>
         <load_address>0x1cc0</load_address>
         <run_address>0x1cc0</run_address>
         <size>0x40</size>
         <input_file_ref idref="fl-10"/>
      </object_component>
      <object_component id="oc-73">
         <name>.text</name>
         <load_address>0x1d00</load_address>
         <run_address>0x1d00</run_address>
         <size>0x40</size>
         <input_file_ref idref="fl-3"/>
      </object_component>
      <object_component id="oc-71">
         <name>.text:_abort</name>
         <load_address>0x1d40</load_address>
         <run_address>0x1d40</run_address>
         <size>0x20</size>
         <input_file_ref idref="fl-e"/>
      </object_component>
      <object_component id="oc-61">
         <name>.text</name>
         <load_address>0x1d60</load_address>
         <run_address>0x1d60</run_address>
         <size>0x20</size>
         <input_file_ref idref="fl-1d"/>
      </object_component>
      <object_component id="oc-2b">
         <name>.stack</name>
         <uninitialized>true</uninitialized>
         <run_address>0x1d80</run_address>
         <size>0x8</size>
         <input_file_ref idref="fl-d"/>
      </object_component>
      <object_component id="oc-8e">
         <name>.stack</name>
         <uninitialized>true</uninitialized>
         <run_address>0x1d80</run_address>
         <size>0x0</size>
      </object_component>
      <object_component id="oc-23">
         <name>.bss</name>
         <uninitialized>true</uninitialized>
         <run_address>0x2854</run_address>
         <size>0x20</size>
         <input_file_ref idref="fl-7"/>
      </object_component>
      <object_component id="oc-4b">
         <name>.const</name>
         <load_address>0x27f4</load_address>
         <run_address>0x27f4</run_address>
         <size>0x40</size>
         <input_file_ref idref="fl-16"/>
      </object_component>
      <object_component id="oc-47">
         <name>.const</name>
         <load_address>0x2834</load_address>
         <run_address>0x2834</run_address>
         <size>0x20</size>
         <input_file_ref idref="fl-15"/>
      </object_component>
      <object_component id="oc-26">
         <name>.far</name>
         <uninitialized>true</uninitialized>
         <run_address>0x80000000</run_address>
         <size>0xbb828</size>
         <input_file_ref idref="fl-7"/>
      </object_component>
      <object_component id="oc-30">
         <name>.far</name>
         <uninitialized>true</uninitialized>
         <run_address>0x800bb99c</run_address>
         <size>0xc</size>
         <input_file_ref idref="fl-e"/>
      </object_component>
      <object_component id="oc-46">
         <name>.far</name>
         <uninitialized>true</uninitialized>
         <run_address>0x800bb9b0</run_address>
         <size>0x2</size>
         <input_file_ref idref="fl-15"/>
      </object_component>
      <object_component id="oc-4a">
         <name>.far</name>
         <uninitialized>true</uninitialized>
         <run_address>0x800bb9a8</run_address>
         <size>0x8</size>
         <input_file_ref idref="fl-16"/>
      </object_component>
      <object_component id="oc-51">
         <name>.far</name>
         <uninitialized>true</uninitialized>
         <run_address>0x800bb954</run_address>
         <size>0x28</size>
         <input_file_ref idref="fl-18"/>
      </object_component>
      <object_component id="oc-55">
         <name>.far</name>
         <uninitialized>true</uninitialized>
         <run_address>0x800bb97c</run_address>
         <size>0x20</size>
         <input_file_ref idref="fl-19"/>
      </object_component>
      <object_component id="oc-5d">
         <name>.far</name>
         <uninitialized>true</uninitialized>
         <run_address>0x800bb91c</run_address>
         <size>0x38</size>
         <input_file_ref idref="fl-1c"/>
      </object_component>
      <object_component id="oc-63">
         <name>.far</name>
         <uninitialized>true</uninitialized>
         <run_address>0x800bb828</run_address>
         <size>0xf4</size>
         <input_file_ref idref="fl-1d"/>
      </object_component>
      <object_component id="oc-10">
         <name>.debug_info</name>
         <load_address>0x0</load_address>
         <run_address>0x0</run_address>
         <size>0xc5</size>
         <input_file_ref idref="fl-2"/>
      </object_component>
      <object_component id="oc-13">
         <name>.debug_info</name>
         <load_address>0xc5</load_address>
         <run_address>0xc5</run_address>
         <size>0x658</size>
         <input_file_ref idref="fl-3"/>
      </object_component>
      <object_component id="oc-17">
         <name>.debug_info</name>
         <load_address>0x71d</load_address>
         <run_address>0x71d</run_address>
         <size>0x68c</size>
         <input_file_ref idref="fl-4"/>
      </object_component>
      <object_component id="oc-1b">
         <name>.debug_info</name>
         <load_address>0xda9</load_address>
         <run_address>0xda9</run_address>
         <size>0x5d2</size>
         <input_file_ref idref="fl-5"/>
      </object_component>
      <object_component id="oc-1f">
         <name>.debug_info</name>
         <load_address>0x137b</load_address>
         <run_address>0x137b</run_address>
         <size>0x63e</size>
         <input_file_ref idref="fl-6"/>
      </object_component>
      <object_component id="oc-24">
         <name>.debug_info</name>
         <load_address>0x19b9</load_address>
         <run_address>0x19b9</run_address>
         <size>0xf03</size>
         <input_file_ref idref="fl-7"/>
      </object_component>
      <object_component id="oc-2a">
         <name>.debug_info</name>
         <load_address>0x28bc</load_address>
         <run_address>0x28bc</run_address>
         <size>0x709</size>
         <input_file_ref idref="fl-d"/>
      </object_component>
      <object_component id="oc-2e">
         <name>.debug_info</name>
         <load_address>0x2fc5</load_address>
         <run_address>0x2fc5</run_address>
         <size>0x7f9</size>
         <input_file_ref idref="fl-e"/>
      </object_component>
      <object_component id="oc-33">
         <name>.debug_info</name>
         <load_address>0x37be</load_address>
         <run_address>0x37be</run_address>
         <size>0xd0</size>
         <input_file_ref idref="fl-f"/>
      </object_component>
      <object_component id="oc-36">
         <name>.debug_info</name>
         <load_address>0x388e</load_address>
         <run_address>0x388e</run_address>
         <size>0x6df</size>
         <input_file_ref idref="fl-10"/>
      </object_component>
      <object_component id="oc-39">
         <name>.debug_info</name>
         <load_address>0x3f6d</load_address>
         <run_address>0x3f6d</run_address>
         <size>0x86b</size>
         <input_file_ref idref="fl-11"/>
      </object_component>
      <object_component id="oc-3c">
         <name>.debug_info</name>
         <load_address>0x47d8</load_address>
         <run_address>0x47d8</run_address>
         <size>0x6e3</size>
         <input_file_ref idref="fl-12"/>
      </object_component>
      <object_component id="oc-3f">
         <name>.debug_info</name>
         <load_address>0x4ebb</load_address>
         <run_address>0x4ebb</run_address>
         <size>0x7d9</size>
         <input_file_ref idref="fl-13"/>
      </object_component>
      <object_component id="oc-42">
         <name>.debug_info</name>
         <load_address>0x5694</load_address>
         <run_address>0x5694</run_address>
         <size>0x788</size>
         <input_file_ref idref="fl-14"/>
      </object_component>
      <object_component id="oc-59">
         <name>.debug_info</name>
         <load_address>0x5e1c</load_address>
         <run_address>0x5e1c</run_address>
         <size>0xd6</size>
         <input_file_ref idref="fl-1b"/>
      </object_component>
      <object_component id="oc-5f">
         <name>.debug_info</name>
         <load_address>0x5ef2</load_address>
         <run_address>0x5ef2</run_address>
         <size>0xac3</size>
         <input_file_ref idref="fl-1c"/>
      </object_component>
      <object_component id="oc-65">
         <name>.debug_info</name>
         <load_address>0x69b5</load_address>
         <run_address>0x69b5</run_address>
         <size>0x802</size>
         <input_file_ref idref="fl-1d"/>
      </object_component>
      <object_component id="oc-8f">
         <name>.debug_info</name>
         <load_address>0x71b7</load_address>
         <run_address>0x71b7</run_address>
         <size>0x6d</size>
      </object_component>
      <object_component id="oc-11">
         <name>.debug_line</name>
         <load_address>0x0</load_address>
         <run_address>0x0</run_address>
         <size>0xb9</size>
         <input_file_ref idref="fl-2"/>
      </object_component>
      <object_component id="oc-15">
         <name>.debug_line</name>
         <load_address>0xb9</load_address>
         <run_address>0xb9</run_address>
         <size>0x43</size>
         <input_file_ref idref="fl-3"/>
      </object_component>
      <object_component id="oc-19">
         <name>.debug_line</name>
         <load_address>0xfc</load_address>
         <run_address>0xfc</run_address>
         <size>0x41</size>
         <input_file_ref idref="fl-4"/>
      </object_component>
      <object_component id="oc-1d">
         <name>.debug_line</name>
         <load_address>0x13d</load_address>
         <run_address>0x13d</run_address>
         <size>0x2d</size>
         <input_file_ref idref="fl-5"/>
      </object_component>
      <object_component id="oc-21">
         <name>.debug_line</name>
         <load_address>0x16a</load_address>
         <run_address>0x16a</run_address>
         <size>0x6d</size>
         <input_file_ref idref="fl-6"/>
      </object_component>
      <object_component id="oc-28">
         <name>.debug_line</name>
         <load_address>0x1d7</load_address>
         <run_address>0x1d7</run_address>
         <size>0xfc</size>
         <input_file_ref idref="fl-7"/>
      </object_component>
      <object_component id="oc-2c">
         <name>.debug_line</name>
         <load_address>0x2d3</load_address>
         <run_address>0x2d3</run_address>
         <size>0x3d</size>
         <input_file_ref idref="fl-d"/>
      </object_component>
      <object_component id="oc-31">
         <name>.debug_line</name>
         <load_address>0x310</load_address>
         <run_address>0x310</run_address>
         <size>0x4f</size>
         <input_file_ref idref="fl-e"/>
      </object_component>
      <object_component id="oc-34">
         <name>.debug_line</name>
         <load_address>0x35f</load_address>
         <run_address>0x35f</run_address>
         <size>0x41</size>
         <input_file_ref idref="fl-f"/>
      </object_component>
      <object_component id="oc-37">
         <name>.debug_line</name>
         <load_address>0x3a0</load_address>
         <run_address>0x3a0</run_address>
         <size>0x41</size>
         <input_file_ref idref="fl-10"/>
      </object_component>
      <object_component id="oc-3a">
         <name>.debug_line</name>
         <load_address>0x3e1</load_address>
         <run_address>0x3e1</run_address>
         <size>0x47</size>
         <input_file_ref idref="fl-11"/>
      </object_component>
      <object_component id="oc-3d">
         <name>.debug_line</name>
         <load_address>0x428</load_address>
         <run_address>0x428</run_address>
         <size>0x45</size>
         <input_file_ref idref="fl-12"/>
      </object_component>
      <object_component id="oc-40">
         <name>.debug_line</name>
         <load_address>0x46d</load_address>
         <run_address>0x46d</run_address>
         <size>0x44</size>
         <input_file_ref idref="fl-13"/>
      </object_component>
      <object_component id="oc-43">
         <name>.debug_line</name>
         <load_address>0x4b1</load_address>
         <run_address>0x4b1</run_address>
         <size>0x4e</size>
         <input_file_ref idref="fl-14"/>
      </object_component>
      <object_component id="oc-5a">
         <name>.debug_line</name>
         <load_address>0x4ff</load_address>
         <run_address>0x4ff</run_address>
         <size>0x48</size>
         <input_file_ref idref="fl-1b"/>
      </object_component>
      <object_component id="oc-60">
         <name>.debug_line</name>
         <load_address>0x547</load_address>
         <run_address>0x547</run_address>
         <size>0xbf</size>
         <input_file_ref idref="fl-1c"/>
      </object_component>
      <object_component id="oc-66">
         <name>.debug_line</name>
         <load_address>0x606</load_address>
         <run_address>0x606</run_address>
         <size>0x64</size>
         <input_file_ref idref="fl-1d"/>
      </object_component>
      <object_component id="oc-12">
         <name>.debug_abbrev</name>
         <load_address>0x0</load_address>
         <run_address>0x0</run_address>
         <size>0x20</size>
         <input_file_ref idref="fl-2"/>
      </object_component>
      <object_component id="oc-16">
         <name>.debug_abbrev</name>
         <load_address>0x20</load_address>
         <run_address>0x20</run_address>
         <size>0x79</size>
         <input_file_ref idref="fl-3"/>
      </object_component>
      <object_component id="oc-1a">
         <name>.debug_abbrev</name>
         <load_address>0x99</load_address>
         <run_address>0x99</run_address>
         <size>0x87</size>
         <input_file_ref idref="fl-4"/>
      </object_component>
      <object_component id="oc-1e">
         <name>.debug_abbrev</name>
         <load_address>0x120</load_address>
         <run_address>0x120</run_address>
         <size>0x69</size>
         <input_file_ref idref="fl-5"/>
      </object_component>
      <object_component id="oc-22">
         <name>.debug_abbrev</name>
         <load_address>0x189</load_address>
         <run_address>0x189</run_address>
         <size>0x85</size>
         <input_file_ref idref="fl-6"/>
      </object_component>
      <object_component id="oc-29">
         <name>.debug_abbrev</name>
         <load_address>0x20e</load_address>
         <run_address>0x20e</run_address>
         <size>0x17b</size>
         <input_file_ref idref="fl-7"/>
      </object_component>
      <object_component id="oc-2d">
         <name>.debug_abbrev</name>
         <load_address>0x389</load_address>
         <run_address>0x389</run_address>
         <size>0xfe</size>
         <input_file_ref idref="fl-d"/>
      </object_component>
      <object_component id="oc-32">
         <name>.debug_abbrev</name>
         <load_address>0x487</load_address>
         <run_address>0x487</run_address>
         <size>0x119</size>
         <input_file_ref idref="fl-e"/>
      </object_component>
      <object_component id="oc-35">
         <name>.debug_abbrev</name>
         <load_address>0x5a0</load_address>
         <run_address>0x5a0</run_address>
         <size>0x3a</size>
         <input_file_ref idref="fl-f"/>
      </object_component>
      <object_component id="oc-38">
         <name>.debug_abbrev</name>
         <load_address>0x5da</load_address>
         <run_address>0x5da</run_address>
         <size>0xe1</size>
         <input_file_ref idref="fl-10"/>
      </object_component>
      <object_component id="oc-3b">
         <name>.debug_abbrev</name>
         <load_address>0x6bb</load_address>
         <run_address>0x6bb</run_address>
         <size>0x13f</size>
         <input_file_ref idref="fl-11"/>
      </object_component>
      <object_component id="oc-3e">
         <name>.debug_abbrev</name>
         <load_address>0x7fa</load_address>
         <run_address>0x7fa</run_address>
         <size>0xdd</size>
         <input_file_ref idref="fl-12"/>
      </object_component>
      <object_component id="oc-41">
         <name>.debug_abbrev</name>
         <load_address>0x8d7</load_address>
         <run_address>0x8d7</run_address>
         <size>0x10c</size>
         <input_file_ref idref="fl-13"/>
      </object_component>
      <object_component id="oc-44">
         <name>.debug_abbrev</name>
         <load_address>0x9e3</load_address>
         <run_address>0x9e3</run_address>
         <size>0xd5</size>
         <input_file_ref idref="fl-14"/>
      </object_component>
      <object_component id="oc-5b">
         <name>.debug_abbrev</name>
         <load_address>0xab8</load_address>
         <run_address>0xab8</run_address>
         <size>0x3a</size>
         <input_file_ref idref="fl-1b"/>
      </object_component>
      <object_component id="oc-5e">
         <name>.debug_abbrev</name>
         <load_address>0xaf2</load_address>
         <run_address>0xaf2</run_address>
         <size>0x1a3</size>
         <input_file_ref idref="fl-1c"/>
      </object_component>
      <object_component id="oc-64">
         <name>.debug_abbrev</name>
         <load_address>0xc95</load_address>
         <run_address>0xc95</run_address>
         <size>0x1b7</size>
         <input_file_ref idref="fl-1d"/>
      </object_component>
      <object_component id="oc-90">
         <name>.debug_abbrev</name>
         <load_address>0xe4c</load_address>
         <run_address>0xe4c</run_address>
         <size>0xd</size>
      </object_component>
      <object_component id="oc-14">
         <name>.debug_frame</name>
         <load_address>0x0</load_address>
         <run_address>0x0</run_address>
         <size>0x25a</size>
         <input_file_ref idref="fl-3"/>
      </object_component>
      <object_component id="oc-18">
         <name>.debug_frame</name>
         <load_address>0x25a</load_address>
         <run_address>0x25a</run_address>
         <size>0x25a</size>
         <input_file_ref idref="fl-4"/>
      </object_component>
      <object_component id="oc-1c">
         <name>.debug_frame</name>
         <load_address>0x4b4</load_address>
         <run_address>0x4b4</run_address>
         <size>0x23f</size>
         <input_file_ref idref="fl-5"/>
      </object_component>
      <object_component id="oc-20">
         <name>.debug_frame</name>
         <load_address>0x6f3</load_address>
         <run_address>0x6f3</run_address>
         <size>0x25a</size>
         <input_file_ref idref="fl-6"/>
      </object_component>
      <object_component id="oc-27">
         <name>.debug_frame</name>
         <load_address>0x94d</load_address>
         <run_address>0x94d</run_address>
         <size>0x2cc</size>
         <input_file_ref idref="fl-7"/>
      </object_component>
      <object_component id="oc-48">
         <name>$BRID</name>
         <load_address>0x0</load_address>
         <run_address>0x0</run_address>
         <size>0x54</size>
         <input_file_ref idref="fl-15"/>
      </object_component>
      <object_component id="oc-4c">
         <name>$BRID</name>
         <load_address>0x54</load_address>
         <run_address>0x54</run_address>
         <size>0x24</size>
         <input_file_ref idref="fl-16"/>
      </object_component>
      <object_component id="oc-4e">
         <name>$BRID</name>
         <load_address>0x78</load_address>
         <run_address>0x78</run_address>
         <size>0x4</size>
         <input_file_ref idref="fl-17"/>
      </object_component>
      <object_component id="oc-52">
         <name>$BRID</name>
         <load_address>0x7c</load_address>
         <run_address>0x7c</run_address>
         <size>0x14</size>
         <input_file_ref idref="fl-18"/>
      </object_component>
      <object_component id="oc-56">
         <name>$BRID</name>
         <load_address>0x90</load_address>
         <run_address>0x90</run_address>
         <size>0xc</size>
         <input_file_ref idref="fl-19"/>
      </object_component>
      <object_component id="oc-58">
         <name>$BRID</name>
         <load_address>0x9c</load_address>
         <run_address>0x9c</run_address>
         <size>0x4</size>
         <input_file_ref idref="fl-1a"/>
      </object_component>
   </object_component_list>
   <logical_group_list>
      <logical_group id="lg-2">
         <name>vectors</name>
         <load_address>0x0</load_address>
         <run_address>0x0</run_address>
         <size>0x200</size>
         <contents>
            <object_component_ref idref="oc-f"/>
         </contents>
      </logical_group>
      <logical_group id="lg-3">
         <name>.cinit</name>
         <load_address>0x2580</load_address>
         <run_address>0x2580</run_address>
         <size>0x274</size>
         <contents>
            <object_component_ref idref="oc-62"/>
            <object_component_ref idref="oc-25"/>
            <object_component_ref idref="oc-5c"/>
            <object_component_ref idref="oc-50"/>
            <object_component_ref idref="oc-2f"/>
            <object_component_ref idref="oc-54"/>
         </contents>
      </logical_group>
      <logical_group id="lg-4">
         <name>.text</name>
         <load_address>0x220</load_address>
         <run_address>0x220</run_address>
         <size>0x1b60</size>
         <contents>
            <object_component_ref idref="oc-45"/>
            <object_component_ref idref="oc-70"/>
            <object_component_ref idref="oc-49"/>
            <object_component_ref idref="oc-6e"/>
            <object_component_ref idref="oc-72"/>
            <object_component_ref idref="oc-4f"/>
            <object_component_ref idref="oc-76"/>
            <object_component_ref idref="oc-6b"/>
            <object_component_ref idref="oc-6c"/>
            <object_component_ref idref="oc-67"/>
            <object_component_ref idref="oc-6a"/>
            <object_component_ref idref="oc-69"/>
            <object_component_ref idref="oc-6d"/>
            <object_component_ref idref="oc-53"/>
            <object_component_ref idref="oc-74"/>
            <object_component_ref idref="oc-6f"/>
            <object_component_ref idref="oc-e"/>
            <object_component_ref idref="oc-57"/>
            <object_component_ref idref="oc-4d"/>
            <object_component_ref idref="oc-75"/>
            <object_component_ref idref="oc-68"/>
            <object_component_ref idref="oc-73"/>
            <object_component_ref idref="oc-71"/>
            <object_component_ref idref="oc-61"/>
         </contents>
      </logical_group>
      <logical_group id="lg-5">
         <name>.stack</name>
         <run_address>0x1d80</run_address>
         <size>0x800</size>
         <contents>
            <object_component_ref idref="oc-2b"/>
            <object_component_ref idref="oc-8e"/>
         </contents>
      </logical_group>
      <logical_group id="lg-6">
         <name>.bss</name>
         <run_address>0x2854</run_address>
         <size>0x20</size>
         <contents>
            <object_component_ref idref="oc-23"/>
         </contents>
      </logical_group>
      <logical_group id="lg-7">
         <name>.const</name>
         <load_address>0x27f4</load_address>
         <run_address>0x27f4</run_address>
         <size>0x60</size>
         <contents>
            <object_component_ref idref="oc-4b"/>
            <object_component_ref idref="oc-47"/>
         </contents>
      </logical_group>
      <logical_group id="lg-8">
         <name>.data</name>
         <run_address>0x220</run_address>
         <size>0x0</size>
         <contents>
         </contents>
      </logical_group>
      <logical_group id="lg-9">
         <name>.far</name>
         <run_address>0x80000000</run_address>
         <size>0xbb9b2</size>
         <contents>
            <object_component_ref idref="oc-26"/>
            <object_component_ref idref="oc-30"/>
            <object_component_ref idref="oc-46"/>
            <object_component_ref idref="oc-4a"/>
            <object_component_ref idref="oc-51"/>
            <object_component_ref idref="oc-55"/>
            <object_component_ref idref="oc-5d"/>
            <object_component_ref idref="oc-63"/>
         </contents>
      </logical_group>
      <logical_group id="lg-a">
         <name>.switch</name>
         <run_address>0x0</run_address>
         <size>0x0</size>
         <contents>
         </contents>
      </logical_group>
      <logical_group id="lg-b">
         <name>.sysmem</name>
         <run_address>0x0</run_address>
         <size>0x0</size>
         <contents>
         </contents>
      </logical_group>
      <logical_group id="lg-c">
         <name>.tables</name>
         <run_address>0x0</run_address>
         <size>0x0</size>
         <contents>
         </contents>
      </logical_group>
      <logical_group id="lg-d">
         <name>.cio</name>
         <run_address>0x0</run_address>
         <size>0x0</size>
         <contents>
         </contents>
      </logical_group>
      <logical_group id="lg-83">
         <name>.debug_info</name>
         <load_address>0x0</load_address>
         <run_address>0x0</run_address>
         <size>0x7224</size>
         <contents>
            <object_component_ref idref="oc-10"/>
            <object_component_ref idref="oc-13"/>
            <object_component_ref idref="oc-17"/>
            <object_component_ref idref="oc-1b"/>
            <object_component_ref idref="oc-1f"/>
            <object_component_ref idref="oc-24"/>
            <object_component_ref idref="oc-2a"/>
            <object_component_ref idref="oc-2e"/>
            <object_component_ref idref="oc-33"/>
            <object_component_ref idref="oc-36"/>
            <object_component_ref idref="oc-39"/>
            <object_component_ref idref="oc-3c"/>
            <object_component_ref idref="oc-3f"/>
            <object_component_ref idref="oc-42"/>
            <object_component_ref idref="oc-59"/>
            <object_component_ref idref="oc-5f"/>
            <object_component_ref idref="oc-65"/>
            <object_component_ref idref="oc-8f"/>
         </contents>
      </logical_group>
      <logical_group id="lg-85">
         <name>.debug_line</name>
         <load_address>0x0</load_address>
         <run_address>0x0</run_address>
         <size>0x66a</size>
         <contents>
            <object_component_ref idref="oc-11"/>
            <object_component_ref idref="oc-15"/>
            <object_component_ref idref="oc-19"/>
            <object_component_ref idref="oc-1d"/>
            <object_component_ref idref="oc-21"/>
            <object_component_ref idref="oc-28"/>
            <object_component_ref idref="oc-2c"/>
            <object_component_ref idref="oc-31"/>
            <object_component_ref idref="oc-34"/>
            <object_component_ref idref="oc-37"/>
            <object_component_ref idref="oc-3a"/>
            <object_component_ref idref="oc-3d"/>
            <object_component_ref idref="oc-40"/>
            <object_component_ref idref="oc-43"/>
            <object_component_ref idref="oc-5a"/>
            <object_component_ref idref="oc-60"/>
            <object_component_ref idref="oc-66"/>
         </contents>
      </logical_group>
      <logical_group id="lg-87">
         <name>.debug_abbrev</name>
         <load_address>0x0</load_address>
         <run_address>0x0</run_address>
         <size>0xe59</size>
         <contents>
            <object_component_ref idref="oc-12"/>
            <object_component_ref idref="oc-16"/>
            <object_component_ref idref="oc-1a"/>
            <object_component_ref idref="oc-1e"/>
            <object_component_ref idref="oc-22"/>
            <object_component_ref idref="oc-29"/>
            <object_component_ref idref="oc-2d"/>
            <object_component_ref idref="oc-32"/>
            <object_component_ref idref="oc-35"/>
            <object_component_ref idref="oc-38"/>
            <object_component_ref idref="oc-3b"/>
            <object_component_ref idref="oc-3e"/>
            <object_component_ref idref="oc-41"/>
            <object_component_ref idref="oc-44"/>
            <object_component_ref idref="oc-5b"/>
            <object_component_ref idref="oc-5e"/>
            <object_component_ref idref="oc-64"/>
            <object_component_ref idref="oc-90"/>
         </contents>
      </logical_group>
      <logical_group id="lg-89">
         <name>.debug_frame</name>
         <load_address>0x0</load_address>
         <run_address>0x0</run_address>
         <size>0xc19</size>
         <contents>
            <object_component_ref idref="oc-14"/>
            <object_component_ref idref="oc-18"/>
            <object_component_ref idref="oc-1c"/>
            <object_component_ref idref="oc-20"/>
            <object_component_ref idref="oc-27"/>
         </contents>
      </logical_group>
      <logical_group id="lg-8b">
         <name>$BRID</name>
         <load_address>0x0</load_address>
         <run_address>0x0</run_address>
         <size>0xa0</size>
         <contents>
            <object_component_ref idref="oc-48"/>
            <object_component_ref idref="oc-4c"/>
            <object_component_ref idref="oc-4e"/>
            <object_component_ref idref="oc-52"/>
            <object_component_ref idref="oc-56"/>
            <object_component_ref idref="oc-58"/>
         </contents>
      </logical_group>
   </logical_group_list>
   <placement_map>
      <memory_area>
         <name>vecs</name>
         <page_id>0x0</page_id>
         <origin>0x0</origin>
         <length>0x220</length>
         <used_space>0x200</used_space>
         <unused_space>0x20</unused_space>
         <attributes>RWIX</attributes>
         <usage_details>
            <allocated_space>
               <start_address>0x0</start_address>
               <size>0x200</size>
               <logical_group_ref idref="lg-2"/>
            </allocated_space>
            <available_space>
               <start_address>0x200</start_address>
               <size>0x20</size>
            </available_space>
         </usage_details>
      </memory_area>
      <memory_area>
         <name>IRAM</name>
         <page_id>0x0</page_id>
         <origin>0x220</origin>
         <length>0xffe0</length>
         <used_space>0x2654</used_space>
         <unused_space>0xd98c</unused_space>
         <attributes>RWIX</attributes>
         <usage_details>
            <allocated_space>
               <start_address>0x220</start_address>
               <size>0x0</size>
               <logical_group_ref idref="lg-8"/>
            </allocated_space>
            <allocated_space>
               <start_address>0x220</start_address>
               <size>0x1b60</size>
               <logical_group_ref idref="lg-4"/>
            </allocated_space>
            <allocated_space>
               <start_address>0x1d80</start_address>
               <size>0x800</size>
               <logical_group_ref idref="lg-5"/>
            </allocated_space>
            <allocated_space>
               <start_address>0x2580</start_address>
               <size>0x274</size>
               <logical_group_ref idref="lg-3"/>
            </allocated_space>
            <allocated_space>
               <start_address>0x27f4</start_address>
               <size>0x60</size>
               <logical_group_ref idref="lg-7"/>
            </allocated_space>
            <allocated_space>
               <start_address>0x2854</start_address>
               <size>0x20</size>
               <logical_group_ref idref="lg-6"/>
            </allocated_space>
            <available_space>
               <start_address>0x2874</start_address>
               <size>0xd98c</size>
            </available_space>
         </usage_details>
      </memory_area>
      <memory_area>
         <name>CE0</name>
         <page_id>0x0</page_id>
         <origin>0x80000000</origin>
         <length>0x1000000</length>
         <used_space>0xbb9b2</used_space>
         <unused_space>0xf4464e</unused_space>
         <attributes>RWIX</attributes>
         <usage_details>
            <allocated_space>
               <start_address>0x80000000</start_address>
               <size>0xbb9b2</size>
               <logical_group_ref idref="lg-9"/>
            </allocated_space>
            <available_space>
               <start_address>0x800bb9b2</start_address>
               <size>0xf4464e</size>
            </available_space>
         </usage_details>
      </memory_area>
   </placement_map>
   <symbol_table>
      <symbol id="sm-0">
         <name>cinit</name>
         <value>0x2580</value>
      </symbol>
      <symbol id="sm-1">
         <name>___cinit__</name>
         <value>0x2580</value>
      </symbol>
      <symbol id="sm-2">
         <name>pinit</name>
         <value>0xffffffff</value>
      </symbol>
      <symbol id="sm-3">
         <name>___pinit__</name>
         <value>0xffffffff</value>
      </symbol>
      <symbol id="sm-4">
         <name>binit</name>
         <value>0xffffffff</value>
      </symbol>
      <symbol id="sm-5">
         <name>___binit__</name>
         <value>0xffffffff</value>
      </symbol>
      <symbol id="sm-6">
         <name>__STACK_SIZE</name>
         <value>0x800</value>
      </symbol>
      <symbol id="sm-7">
         <name>__STACK_END</name>
         <value>0x2580</value>
      </symbol>
      <symbol id="sm-8">
         <name>___c_args__</name>
         <value>0xffffffff</value>
      </symbol>
      <symbol id="sm-9">
         <name>.text</name>
         <value>0x220</value>
      </symbol>
      <symbol id="sm-a">
         <name>___text__</name>
         <value>0x220</value>
      </symbol>
      <symbol id="sm-b">
         <name>etext</name>
         <value>0x1d80</value>
      </symbol>
      <symbol id="sm-c">
         <name>___etext__</name>
         <value>0x1d80</value>
      </symbol>
      <symbol id="sm-d">
         <name>.data</name>
         <value>0x220</value>
      </symbol>
      <symbol id="sm-e">
         <name>___data__</name>
         <value>0x220</value>
      </symbol>
      <symbol id="sm-f">
         <name>edata</name>
         <value>0x220</value>
      </symbol>
      <symbol id="sm-10">
         <name>___edata__</name>
         <value>0x220</value>
      </symbol>
      <symbol id="sm-11">
         <name>.bss</name>
         <value>0x2854</value>
      </symbol>
      <symbol id="sm-12">
         <name>___bss__</name>
         <value>0x2854</value>
      </symbol>
      <symbol id="sm-13">
         <name>end</name>
         <value>0x2874</value>
      </symbol>
      <symbol id="sm-14">
         <name>___end__</name>
         <value>0x2874</value>
      </symbol>
      <symbol id="sm-15">
         <name>___TI_pprof_out_hndl</name>
         <value>0xffffffff</value>
      </symbol>
      <symbol id="sm-16">
         <name>___TI_prof_data_start</name>
         <value>0xffffffff</value>
      </symbol>
      <symbol id="sm-17">
         <name>___TI_prof_data_size</name>
         <value>0xffffffff</value>
      </symbol>
      <symbol id="sm-18">
         <name>$bss</name>
         <value>0x2854</value>
      </symbol>
      <symbol id="sm-5b">
         <name>_user_switches_read</name>
         <value>0x1d00</value>
         <object_component_ref idref="oc-73"/>
      </symbol>
      <symbol id="sm-65">
         <name>_stereo_to_mono</name>
         <value>0x1c60</value>
         <object_component_ref idref="oc-75"/>
      </symbol>
      <symbol id="sm-7a">
         <name>_bargraph</name>
         <value>0x1280</value>
         <object_component_ref idref="oc-76"/>
      </symbol>
      <symbol id="sm-ad">
         <name>_main</name>
         <value>0x84c</value>
         <object_component_ref idref="oc-70"/>
      </symbol>
      <symbol id="sm-ae">
         <name>_get_delay_time</name>
         <value>0x680</value>
         <object_component_ref idref="oc-70"/>
      </symbol>
      <symbol id="sm-af">
         <name>_output32</name>
         <value>0x2868</value>
         <object_component_ref idref="oc-23"/>
      </symbol>
      <symbol id="sm-b0">
         <name>_rightin</name>
         <value>0x2866</value>
         <object_component_ref idref="oc-23"/>
      </symbol>
      <symbol id="sm-b1">
         <name>_delay_array_clear</name>
         <value>0x7b8</value>
         <object_component_ref idref="oc-70"/>
      </symbol>
      <symbol id="sm-b2">
         <name>_delay_array</name>
         <value>0x80000028</value>
         <object_component_ref idref="oc-26"/>
      </symbol>
      <symbol id="sm-b3">
         <name>_input32</name>
         <value>0x2854</value>
         <object_component_ref idref="oc-23"/>
      </symbol>
      <symbol id="sm-b4">
         <name>_config</name>
         <value>0x80000000</value>
         <object_component_ref idref="oc-26"/>
      </symbol>
      <symbol id="sm-b5">
         <name>_flagout</name>
         <value>0x2860</value>
         <object_component_ref idref="oc-23"/>
      </symbol>
      <symbol id="sm-b6">
         <name>_leftout</name>
         <value>0x286c</value>
         <object_component_ref idref="oc-23"/>
      </symbol>
      <symbol id="sm-b7">
         <name>_flagin</name>
         <value>0x285c</value>
         <object_component_ref idref="oc-23"/>
      </symbol>
      <symbol id="sm-b8">
         <name>_oldinput32</name>
         <value>0x2858</value>
         <object_component_ref idref="oc-23"/>
      </symbol>
      <symbol id="sm-b9">
         <name>_count</name>
         <value>0x2870</value>
         <object_component_ref idref="oc-23"/>
      </symbol>
      <symbol id="sm-ba">
         <name>_rightout</name>
         <value>0x286e</value>
         <object_component_ref idref="oc-23"/>
      </symbol>
      <symbol id="sm-bb">
         <name>_delayed_input</name>
         <value>0x6b8</value>
         <object_component_ref idref="oc-70"/>
      </symbol>
      <symbol id="sm-bc">
         <name>_switch_status_display</name>
         <value>0x81c</value>
         <object_component_ref idref="oc-70"/>
      </symbol>
      <symbol id="sm-bd">
         <name>_leftin</name>
         <value>0x2864</value>
         <object_component_ref idref="oc-23"/>
      </symbol>
      <symbol id="sm-c9">
         <name>_c_int00</name>
         <value>0x1b00</value>
         <object_component_ref idref="oc-e"/>
      </symbol>
      <symbol id="sm-ca">
         <name>__stack</name>
         <value>0x1d80</value>
         <object_component_ref idref="oc-2b"/>
      </symbol>
      <symbol id="sm-da">
         <name>C$$EXIT</name>
         <value>0x1d40</value>
         <object_component_ref idref="oc-71"/>
      </symbol>
      <symbol id="sm-db">
         <name>_exit</name>
         <value>0x1780</value>
         <object_component_ref idref="oc-69"/>
      </symbol>
      <symbol id="sm-dc">
         <name>___TI_enable_exit_profile_output</name>
         <value>0x800bb9a4</value>
         <object_component_ref idref="oc-30"/>
      </symbol>
      <symbol id="sm-dd">
         <name>_abort</name>
         <value>0x1d40</value>
         <object_component_ref idref="oc-71"/>
      </symbol>
      <symbol id="sm-de">
         <name>__cleanup_ptr</name>
         <value>0x800bb99c</value>
         <object_component_ref idref="oc-30"/>
      </symbol>
      <symbol id="sm-df">
         <name>__dtors_ptr</name>
         <value>0x800bb9a0</value>
         <object_component_ref idref="oc-30"/>
      </symbol>
      <symbol id="sm-e7">
         <name>__remu</name>
         <value>0x19e0</value>
         <object_component_ref idref="oc-74"/>
      </symbol>
      <symbol id="sm-e8">
         <name>__c6xabi_remu</name>
         <value>0x19e0</value>
         <object_component_ref idref="oc-74"/>
      </symbol>
      <symbol id="sm-f2">
         <name>__args_main</name>
         <value>0x1cc0</value>
         <object_component_ref idref="oc-68"/>
      </symbol>
      <symbol id="sm-f3">
         <name>__TI_args_main</name>
         <value>0x1</value>
      </symbol>
      <symbol id="sm-fd">
         <name>__auto_init</name>
         <value>0x15a0</value>
         <object_component_ref idref="oc-67"/>
      </symbol>
      <symbol id="sm-107">
         <name>___TI_cpp_init</name>
         <value>0x1a80</value>
         <object_component_ref idref="oc-6f"/>
      </symbol>
      <symbol id="sm-111">
         <name>_copy_in</name>
         <value>0x1860</value>
         <object_component_ref idref="oc-6d"/>
      </symbol>
      <symbol id="sm-11b">
         <name>_memcpy</name>
         <value>0xd60</value>
         <object_component_ref idref="oc-6e"/>
      </symbol>
      <symbol id="sm-125">
         <name>_DSK6713_init</name>
         <value>0x250</value>
         <object_component_ref idref="oc-45"/>
      </symbol>
      <symbol id="sm-126">
         <name>_DSK6713_version</name>
         <value>0x800bb9b0</value>
         <object_component_ref idref="oc-46"/>
      </symbol>
      <symbol id="sm-127">
         <name>_DSK6713_rget</name>
         <value>0x550</value>
         <object_component_ref idref="oc-45"/>
      </symbol>
      <symbol id="sm-128">
         <name>_DSK6713_wait</name>
         <value>0x578</value>
         <object_component_ref idref="oc-45"/>
      </symbol>
      <symbol id="sm-129">
         <name>_DSK6713_rset</name>
         <value>0x564</value>
         <object_component_ref idref="oc-45"/>
      </symbol>
      <symbol id="sm-12a">
         <name>_DSK6713_waitusec</name>
         <value>0x5cc</value>
         <object_component_ref idref="oc-45"/>
      </symbol>
      <symbol id="sm-12b">
         <name>_DSK6713_getVersion</name>
         <value>0x5f8</value>
         <object_component_ref idref="oc-45"/>
      </symbol>
      <symbol id="sm-135">
         <name>_DSK6713_AIC23_codeccontrolhandle</name>
         <value>0x800bb9a8</value>
         <object_component_ref idref="oc-4a"/>
      </symbol>
      <symbol id="sm-136">
         <name>_DSK6713_AIC23_codecdatahandle</name>
         <value>0x800bb9ac</value>
         <object_component_ref idref="oc-4a"/>
      </symbol>
      <symbol id="sm-137">
         <name>_DSK6713_AIC23_openCodec</name>
         <value>0xa60</value>
         <object_component_ref idref="oc-49"/>
      </symbol>
      <symbol id="sm-13d">
         <name>_DSK6713_AIC23_read</name>
         <value>0x1c00</value>
         <object_component_ref idref="oc-4d"/>
      </symbol>
      <symbol id="sm-147">
         <name>_DSK6713_AIC23_config</name>
         <value>0x1200</value>
         <object_component_ref idref="oc-4f"/>
      </symbol>
      <symbol id="sm-148">
         <name>_DSK6713_AIC23_rget</name>
         <value>0x11dc</value>
         <object_component_ref idref="oc-4f"/>
      </symbol>
      <symbol id="sm-149">
         <name>_DSK6713_AIC23_rset</name>
         <value>0x1140</value>
         <object_component_ref idref="oc-4f"/>
      </symbol>
      <symbol id="sm-153">
         <name>_DSK6713_AIC23_setFreq</name>
         <value>0x1920</value>
         <object_component_ref idref="oc-53"/>
      </symbol>
      <symbol id="sm-159">
         <name>_DSK6713_AIC23_write</name>
         <value>0x1b80</value>
         <object_component_ref idref="oc-57"/>
      </symbol>
      <symbol id="sm-161">
         <name>__strasg</name>
         <value>0x16a0</value>
         <object_component_ref idref="oc-6a"/>
      </symbol>
      <symbol id="sm-173">
         <name>_MCBSP_reset</name>
         <value>0xfa0</value>
         <object_component_ref idref="oc-72"/>
      </symbol>
      <symbol id="sm-174">
         <name>_MCBSP_open</name>
         <value>0x13a0</value>
         <object_component_ref idref="oc-6b"/>
      </symbol>
      <symbol id="sm-175">
         <name>__MCBSP_hDev0</name>
         <value>0x800bb94c</value>
         <object_component_ref idref="oc-5d"/>
      </symbol>
      <symbol id="sm-176">
         <name>__MCBSP_hDev1</name>
         <value>0x800bb950</value>
         <object_component_ref idref="oc-5d"/>
      </symbol>
      <symbol id="sm-177">
         <name>_MCBSP_start</name>
         <value>0x14a0</value>
         <object_component_ref idref="oc-6c"/>
      </symbol>
      <symbol id="sm-185">
         <name>__IRQ_eventTable</name>
         <value>0x800bb850</value>
         <object_component_ref idref="oc-63"/>
      </symbol>
      <symbol id="sm-186">
         <name>__IRQ_intTable</name>
         <value>0x800bb8d4</value>
         <object_component_ref idref="oc-63"/>
      </symbol>
      <symbol id="sm-187">
         <name>__IRQ_dispatchTable</name>
         <value>0x800bb914</value>
         <object_component_ref idref="oc-63"/>
      </symbol>
      <symbol id="sm-188">
         <name>__IRQ_hookFetchPacket</name>
         <value>0x1d60</value>
         <object_component_ref idref="oc-61"/>
      </symbol>
   </symbol_table>
</link_info>
