******************************************************************************
               TMS320C6x Linker PC v7.4.4                      
******************************************************************************
>> Linked Fri Mar 10 12:14:06 2017

OUTPUT FILE NAME:   <dsp2lab1.out>
ENTRY POINT SYMBOL: "_c_int00"  address: 00001b00


MEMORY CONFIGURATION

         name            origin    length      used     unused   attr    fill
----------------------  --------  ---------  --------  --------  ----  --------
  vecs                  00000000   00000220  00000200  00000020  RWIX
  IRAM                  00000220   0000ffe0  00002654  0000d98c  RWIX
  CE0                   80000000   01000000  000bb9b2  00f4464e  RWIX


SECTION ALLOCATION MAP

 output                                  attributes/
section   page    origin      length       input sections
--------  ----  ----------  ----------   ----------------
vectors    0    00000000    00000200     
                  00000000    00000200     vectors.obj (vectors)

$BRID      0    00000000    000000a0     COPY SECTION
                  00000000    00000054     dsk6713bsl.lib : dsk6713.obj ($BRID)
                  00000054    00000024                    : dsk6713_aic23_opencodec.obj ($BRID)
                  00000078    00000004                    : dsk6713_aic23_read.obj ($BRID)
                  0000007c    00000014                    : dsk6713_aic23_registers.obj ($BRID)
                  00000090    0000000c                    : dsk6713_aic23_setfreq.obj ($BRID)
                  0000009c    00000004                    : dsk6713_aic23_write.obj ($BRID)

.text      0    00000220    00001b60     
                  00000220    00000460     dsk6713bsl.lib : dsk6713.obj (.text)
                  00000680    000003e0     DelaysandEcho.obj (.text)
                  00000a60    00000300     dsk6713bsl.lib : dsk6713_aic23_opencodec.obj (.text)
                  00000d60    00000240     rts6700.lib : memcpy62.obj (.text:_memcpy)
                  00000fa0    000001a0     csl6713.lib : csl_mcbsp.obj (.text:_MCBSP_reset)
                  00001140    00000140     dsk6713bsl.lib : dsk6713_aic23_registers.obj (.text)
                  00001280    00000120     bargraph.obj (.text)
                  000013a0    00000100     csl6713.lib : csl_mcbsp.obj (.text:_MCBSP_open)
                  000014a0    00000100                 : csl_mcbsp.obj (.text:_MCBSP_start)
                  000015a0    00000100     rts6700.lib : autoinit.obj (.text:__auto_init)
                  000016a0    000000e0                 : strasg.obj (.text:__strasg)
                  00001780    000000e0                 : exit.obj (.text:_exit)
                  00001860    000000c0                 : cpy_tbl.obj (.text:_copy_in)
                  00001920    000000c0     dsk6713bsl.lib : dsk6713_aic23_setfreq.obj (.text)
                  000019e0    000000a0     rts6700.lib : remu.obj (.text:__remu)
                  00001a80    00000080                 : cpp_init.obj (.text:___TI_cpp_init)
                  00001b00    00000080                 : boot.obj (.text:_c_int00)
                  00001b80    00000080     dsk6713bsl.lib : dsk6713_aic23_write.obj (.text)
                  00001c00    00000060                    : dsk6713_aic23_read.obj (.text)
                  00001c60    00000060     stereo.obj (.text)
                  00001cc0    00000040     rts6700.lib : args_main.obj (.text:__args_main)
                  00001d00    00000040     switches.obj (.text)
                  00001d40    00000020     rts6700.lib : exit.obj (.text:_abort)
                  00001d60    00000020     csl6713.lib : csl_irq.obj (.text)

.data      0    00000220    00000000     UNINITIALIZED

.stack     0    00001d80    00000800     UNINITIALIZED
                  00001d80    00000008     rts6700.lib : boot.obj (.stack)
                  00001d88    000007f8     --HOLE--

.cinit     0    00002580    00000274     
                  00002580    0000012c     csl6713.lib : csl_irq.obj (.cinit)
                  000026ac    00000004     --HOLE-- [fill = 0]
                  000026b0    0000005c     DelaysandEcho.obj (.cinit)
                  0000270c    00000004     --HOLE-- [fill = 0]
                  00002710    00000054     csl6713.lib : csl_mcbsp.obj (.cinit)
                  00002764    00000004     --HOLE-- [fill = 0]
                  00002768    00000030     dsk6713bsl.lib : dsk6713_aic23_registers.obj (.cinit)
                  00002798    0000002c     rts6700.lib : exit.obj (.cinit)
                  000027c4    00000004     --HOLE-- [fill = 0]
                  000027c8    00000028     dsk6713bsl.lib : dsk6713_aic23_setfreq.obj (.cinit)
                  000027f0    00000004     --HOLE-- [fill = 0]

.const     0    000027f4    00000060     
                  000027f4    00000040     dsk6713bsl.lib : dsk6713_aic23_opencodec.obj (.const)
                  00002834    00000020                    : dsk6713.obj (.const)

.bss       0    00002854    00000020     UNINITIALIZED
                  00002854    00000020     DelaysandEcho.obj (.bss)

.far       0    80000000    000bb9b2     UNINITIALIZED
                  80000000    000bb828     DelaysandEcho.obj (.far)
                  800bb828    000000f4     csl6713.lib : csl_irq.obj (.far)
                  800bb91c    00000038                 : csl_mcbsp.obj (.far)
                  800bb954    00000028     dsk6713bsl.lib : dsk6713_aic23_registers.obj (.far)
                  800bb97c    00000020                    : dsk6713_aic23_setfreq.obj (.far)
                  800bb99c    0000000c     rts6700.lib : exit.obj (.far)
                  800bb9a8    00000008     dsk6713bsl.lib : dsk6713_aic23_opencodec.obj (.far)
                  800bb9b0    00000002                    : dsk6713.obj (.far)


GLOBAL SYMBOLS: SORTED ALPHABETICALLY BY Name 

address    name
--------   ----
00002854   $bss
00002854   .bss
00000220   .data
00000220   .text
00001d40   C$$EXIT
800bb9a8   _DSK6713_AIC23_codeccontrolhandle
800bb9ac   _DSK6713_AIC23_codecdatahandle
00001200   _DSK6713_AIC23_config
00000a60   _DSK6713_AIC23_openCodec
00001c00   _DSK6713_AIC23_read
000011dc   _DSK6713_AIC23_rget
00001140   _DSK6713_AIC23_rset
00001920   _DSK6713_AIC23_setFreq
00001b80   _DSK6713_AIC23_write
000005f8   _DSK6713_getVersion
00000250   _DSK6713_init
00000550   _DSK6713_rget
00000564   _DSK6713_rset
800bb9b0   _DSK6713_version
00000578   _DSK6713_wait
000005cc   _DSK6713_waitusec
000013a0   _MCBSP_open
00000fa0   _MCBSP_reset
000014a0   _MCBSP_start
800bb914   __IRQ_dispatchTable
800bb850   __IRQ_eventTable
00001d60   __IRQ_hookFetchPacket
800bb8d4   __IRQ_intTable
800bb94c   __MCBSP_hDev0
800bb950   __MCBSP_hDev1
00002580   __STACK_END
00000800   __STACK_SIZE
00000001   __TI_args_main
00001a80   ___TI_cpp_init
800bb9a4   ___TI_enable_exit_profile_output
ffffffff   ___TI_pprof_out_hndl
ffffffff   ___TI_prof_data_size
ffffffff   ___TI_prof_data_start
ffffffff   ___binit__
00002854   ___bss__
ffffffff   ___c_args__
00002580   ___cinit__
00000220   ___data__
00000220   ___edata__
00002874   ___end__
00001d80   ___etext__
ffffffff   ___pinit__
00000220   ___text__
00001cc0   __args_main
000015a0   __auto_init
000019e0   __c6xabi_remu
800bb99c   __cleanup_ptr
800bb9a0   __dtors_ptr
000019e0   __remu
00001d80   __stack
000016a0   __strasg
00001d40   _abort
00001280   _bargraph
00001b00   _c_int00
80000000   _config
00001860   _copy_in
00002870   _count
80000028   _delay_array
000007b8   _delay_array_clear
000006b8   _delayed_input
00001780   _exit
0000285c   _flagin
00002860   _flagout
00000680   _get_delay_time
00002854   _input32
00002864   _leftin
0000286c   _leftout
0000084c   _main
00000d60   _memcpy
00002858   _oldinput32
00002868   _output32
00002866   _rightin
0000286e   _rightout
00001c60   _stereo_to_mono
0000081c   _switch_status_display
00001d00   _user_switches_read
ffffffff   binit
00002580   cinit
00000220   edata
00002874   end
00001d80   etext
ffffffff   pinit


GLOBAL SYMBOLS: SORTED BY Symbol Address 

address    name
--------   ----
00000001   __TI_args_main
00000220   .data
00000220   .text
00000220   ___data__
00000220   ___edata__
00000220   ___text__
00000220   edata
00000250   _DSK6713_init
00000550   _DSK6713_rget
00000564   _DSK6713_rset
00000578   _DSK6713_wait
000005cc   _DSK6713_waitusec
000005f8   _DSK6713_getVersion
00000680   _get_delay_time
000006b8   _delayed_input
000007b8   _delay_array_clear
00000800   __STACK_SIZE
0000081c   _switch_status_display
0000084c   _main
00000a60   _DSK6713_AIC23_openCodec
00000d60   _memcpy
00000fa0   _MCBSP_reset
00001140   _DSK6713_AIC23_rset
000011dc   _DSK6713_AIC23_rget
00001200   _DSK6713_AIC23_config
00001280   _bargraph
000013a0   _MCBSP_open
000014a0   _MCBSP_start
000015a0   __auto_init
000016a0   __strasg
00001780   _exit
00001860   _copy_in
00001920   _DSK6713_AIC23_setFreq
000019e0   __c6xabi_remu
000019e0   __remu
00001a80   ___TI_cpp_init
00001b00   _c_int00
00001b80   _DSK6713_AIC23_write
00001c00   _DSK6713_AIC23_read
00001c60   _stereo_to_mono
00001cc0   __args_main
00001d00   _user_switches_read
00001d40   C$$EXIT
00001d40   _abort
00001d60   __IRQ_hookFetchPacket
00001d80   ___etext__
00001d80   __stack
00001d80   etext
00002580   __STACK_END
00002580   ___cinit__
00002580   cinit
00002854   $bss
00002854   .bss
00002854   ___bss__
00002854   _input32
00002858   _oldinput32
0000285c   _flagin
00002860   _flagout
00002864   _leftin
00002866   _rightin
00002868   _output32
0000286c   _leftout
0000286e   _rightout
00002870   _count
00002874   ___end__
00002874   end
80000000   _config
80000028   _delay_array
800bb850   __IRQ_eventTable
800bb8d4   __IRQ_intTable
800bb914   __IRQ_dispatchTable
800bb94c   __MCBSP_hDev0
800bb950   __MCBSP_hDev1
800bb99c   __cleanup_ptr
800bb9a0   __dtors_ptr
800bb9a4   ___TI_enable_exit_profile_output
800bb9a8   _DSK6713_AIC23_codeccontrolhandle
800bb9ac   _DSK6713_AIC23_codecdatahandle
800bb9b0   _DSK6713_version
ffffffff   ___TI_pprof_out_hndl
ffffffff   ___TI_prof_data_size
ffffffff   ___TI_prof_data_start
ffffffff   ___binit__
ffffffff   ___c_args__
ffffffff   ___pinit__
ffffffff   binit
ffffffff   pinit

[87 symbols]
