<?xml version="1.0"?>
<link_info>
   <banner>TMS320C6x Linker PC v7.4.4</banner>
   <copyright>Copyright (c) 1996-2013 Texas Instruments Incorporated</copyright>
   <link_time>0x58b451ea</link_time>
   <output_file>dsp2lab1new.out</output_file>
   <entry_point>
      <name>_c_int00</name>
      <address>0x1720</address>
   </entry_point>
   <input_file_list>
      <input_file id="fl-2">
         <path>.\</path>
         <kind>object</kind>
         <file>vectors.obj</file>
         <name>vectors.obj</name>
      </input_file>
      <input_file id="fl-3">
         <path>.\</path>
         <kind>object</kind>
         <file>switches.obj</file>
         <name>switches.obj</name>
      </input_file>
      <input_file id="fl-4">
         <path>.\</path>
         <kind>object</kind>
         <file>stereo.obj</file>
         <name>stereo.obj</name>
      </input_file>
      <input_file id="fl-5">
         <path>.\</path>
         <kind>object</kind>
         <file>interrupts.obj</file>
         <name>interrupts.obj</name>
      </input_file>
      <input_file id="fl-6">
         <path>.\</path>
         <kind>object</kind>
         <file>bargraph.obj</file>
         <name>bargraph.obj</name>
      </input_file>
      <input_file id="fl-7">
         <path>.\</path>
         <kind>object</kind>
         <file>DelaysandEcho.obj</file>
         <name>DelaysandEcho.obj</name>
      </input_file>
      <input_file id="fl-d">
         <path>C:\ti\ccsv5\tools\compiler\c6000_7.4.4\lib\</path>
         <kind>archive</kind>
         <file>rts6700.lib</file>
         <name>boot.obj</name>
      </input_file>
      <input_file id="fl-e">
         <path>C:\ti\ccsv5\tools\compiler\c6000_7.4.4\lib\</path>
         <kind>archive</kind>
         <file>rts6700.lib</file>
         <name>exit.obj</name>
      </input_file>
      <input_file id="fl-f">
         <path>C:\ti\ccsv5\tools\compiler\c6000_7.4.4\lib\</path>
         <kind>archive</kind>
         <file>rts6700.lib</file>
         <name>_lock.obj</name>
      </input_file>
      <input_file id="fl-10">
         <path>C:\ti\ccsv5\tools\compiler\c6000_7.4.4\lib\</path>
         <kind>archive</kind>
         <file>rts6700.lib</file>
         <name>args_main.obj</name>
      </input_file>
      <input_file id="fl-11">
         <path>C:\ti\ccsv5\tools\compiler\c6000_7.4.4\lib\</path>
         <kind>archive</kind>
         <file>rts6700.lib</file>
         <name>autoinit.obj</name>
      </input_file>
      <input_file id="fl-12">
         <path>C:\ti\ccsv5\tools\compiler\c6000_7.4.4\lib\</path>
         <kind>archive</kind>
         <file>rts6700.lib</file>
         <name>cpy_tbl.obj</name>
      </input_file>
      <input_file id="fl-13">
         <path>C:\ti\ccsv5\tools\compiler\c6000_7.4.4\lib\</path>
         <kind>archive</kind>
         <file>rts6700.lib</file>
         <name>memcpy62.obj</name>
      </input_file>
      <input_file id="fl-14">
         <path>C:\DSK6713\c6000\dsk6713\lib\</path>
         <kind>archive</kind>
         <file>dsk6713bsl.lib</file>
         <name>dsk6713.obj</name>
      </input_file>
      <input_file id="fl-15">
         <path>C:\DSK6713\c6000\dsk6713\lib\</path>
         <kind>archive</kind>
         <file>dsk6713bsl.lib</file>
         <name>dsk6713_aic23_opencodec.obj</name>
      </input_file>
      <input_file id="fl-16">
         <path>C:\DSK6713\c6000\dsk6713\lib\</path>
         <kind>archive</kind>
         <file>dsk6713bsl.lib</file>
         <name>dsk6713_aic23_read.obj</name>
      </input_file>
      <input_file id="fl-17">
         <path>C:\DSK6713\c6000\dsk6713\lib\</path>
         <kind>archive</kind>
         <file>dsk6713bsl.lib</file>
         <name>dsk6713_aic23_registers.obj</name>
      </input_file>
      <input_file id="fl-18">
         <path>C:\DSK6713\c6000\dsk6713\lib\</path>
         <kind>archive</kind>
         <file>dsk6713bsl.lib</file>
         <name>dsk6713_aic23_setfreq.obj</name>
      </input_file>
      <input_file id="fl-19">
         <path>C:\DSK6713\c6000\dsk6713\lib\</path>
         <kind>archive</kind>
         <file>dsk6713bsl.lib</file>
         <name>dsk6713_aic23_write.obj</name>
      </input_file>
      <input_file id="fl-1a">
         <path>C:\ti\ccsv5\tools\compiler\c6000_7.4.4\lib\</path>
         <kind>archive</kind>
         <file>rts6700.lib</file>
         <name>strasg.obj</name>
      </input_file>
      <input_file id="fl-1b">
         <path>C:\Program Files\C6xCSL\lib_3x\</path>
         <kind>archive</kind>
         <file>csl6713.lib</file>
         <name>csl_mcbsp.obj</name>
      </input_file>
      <input_file id="fl-1c">
         <path>C:\Program Files\C6xCSL\lib_3x\</path>
         <kind>archive</kind>
         <file>csl6713.lib</file>
         <name>csl_irq.obj</name>
      </input_file>
   </input_file_list>
   <object_component_list>
      <object_component id="oc-f">
         <name>vectors</name>
         <load_address>0x0</load_address>
         <run_address>0x0</run_address>
         <size>0x200</size>
         <input_file_ref idref="fl-2"/>
      </object_component>
      <object_component id="oc-60">
         <name>.cinit</name>
         <load_address>0x2180</load_address>
         <run_address>0x2180</run_address>
         <size>0x12c</size>
         <input_file_ref idref="fl-1c"/>
      </object_component>
      <object_component id="oc-5a">
         <name>.cinit</name>
         <load_address>0x22b0</load_address>
         <run_address>0x22b0</run_address>
         <size>0x54</size>
         <input_file_ref idref="fl-1b"/>
      </object_component>
      <object_component id="oc-24">
         <name>.cinit</name>
         <load_address>0x2308</load_address>
         <run_address>0x2308</run_address>
         <size>0x30</size>
         <input_file_ref idref="fl-7"/>
      </object_component>
      <object_component id="oc-4e">
         <name>.cinit</name>
         <load_address>0x2338</load_address>
         <run_address>0x2338</run_address>
         <size>0x30</size>
         <input_file_ref idref="fl-17"/>
      </object_component>
      <object_component id="oc-2e">
         <name>.cinit</name>
         <load_address>0x2368</load_address>
         <run_address>0x2368</run_address>
         <size>0x2c</size>
         <input_file_ref idref="fl-e"/>
      </object_component>
      <object_component id="oc-52">
         <name>.cinit</name>
         <load_address>0x2398</load_address>
         <run_address>0x2398</run_address>
         <size>0x28</size>
         <input_file_ref idref="fl-18"/>
      </object_component>
      <object_component id="oc-33">
         <name>.cinit</name>
         <load_address>0x23c0</load_address>
         <run_address>0x23c0</run_address>
         <size>0x1c</size>
         <input_file_ref idref="fl-f"/>
      </object_component>
      <object_component id="oc-43">
         <name>.text</name>
         <load_address>0x220</load_address>
         <run_address>0x220</run_address>
         <size>0x460</size>
         <input_file_ref idref="fl-14"/>
      </object_component>
      <object_component id="oc-47">
         <name>.text</name>
         <load_address>0x680</load_address>
         <run_address>0x680</run_address>
         <size>0x300</size>
         <input_file_ref idref="fl-15"/>
      </object_component>
      <object_component id="oc-6d">
         <name>.text:_memcpy</name>
         <load_address>0x980</load_address>
         <run_address>0x980</run_address>
         <size>0x240</size>
         <input_file_ref idref="fl-13"/>
      </object_component>
      <object_component id="oc-6e">
         <name>.text</name>
         <load_address>0xbc0</load_address>
         <run_address>0xbc0</run_address>
         <size>0x1a0</size>
         <input_file_ref idref="fl-7"/>
      </object_component>
      <object_component id="oc-70">
         <name>.text:_MCBSP_reset</name>
         <load_address>0xd60</load_address>
         <run_address>0xd60</run_address>
         <size>0x1a0</size>
         <input_file_ref idref="fl-1b"/>
      </object_component>
      <object_component id="oc-65">
         <name>.text:__auto_init</name>
         <load_address>0xf00</load_address>
         <run_address>0xf00</run_address>
         <size>0x160</size>
         <input_file_ref idref="fl-11"/>
      </object_component>
      <object_component id="oc-4d">
         <name>.text</name>
         <load_address>0x1060</load_address>
         <run_address>0x1060</run_address>
         <size>0x140</size>
         <input_file_ref idref="fl-17"/>
      </object_component>
      <object_component id="oc-67">
         <name>.text:_exit</name>
         <load_address>0x11a0</load_address>
         <run_address>0x11a0</run_address>
         <size>0x120</size>
         <input_file_ref idref="fl-e"/>
      </object_component>
      <object_component id="oc-6a">
         <name>.text:_MCBSP_open</name>
         <load_address>0x12c0</load_address>
         <run_address>0x12c0</run_address>
         <size>0x100</size>
         <input_file_ref idref="fl-1b"/>
      </object_component>
      <object_component id="oc-6b">
         <name>.text:_MCBSP_start</name>
         <load_address>0x13c0</load_address>
         <run_address>0x13c0</run_address>
         <size>0x100</size>
         <input_file_ref idref="fl-1b"/>
      </object_component>
      <object_component id="oc-69">
         <name>.text:__strasg</name>
         <load_address>0x14c0</load_address>
         <run_address>0x14c0</run_address>
         <size>0xe0</size>
         <input_file_ref idref="fl-1a"/>
      </object_component>
      <object_component id="oc-6c">
         <name>.text:_copy_in</name>
         <load_address>0x15a0</load_address>
         <run_address>0x15a0</run_address>
         <size>0xc0</size>
         <input_file_ref idref="fl-12"/>
      </object_component>
      <object_component id="oc-51">
         <name>.text</name>
         <load_address>0x1660</load_address>
         <run_address>0x1660</run_address>
         <size>0xc0</size>
         <input_file_ref idref="fl-18"/>
      </object_component>
      <object_component id="oc-e">
         <name>.text:_c_int00</name>
         <load_address>0x1720</load_address>
         <run_address>0x1720</run_address>
         <size>0x80</size>
         <input_file_ref idref="fl-d"/>
      </object_component>
      <object_component id="oc-55">
         <name>.text</name>
         <load_address>0x17a0</load_address>
         <run_address>0x17a0</run_address>
         <size>0x80</size>
         <input_file_ref idref="fl-19"/>
      </object_component>
      <object_component id="oc-4b">
         <name>.text</name>
         <load_address>0x1820</load_address>
         <run_address>0x1820</run_address>
         <size>0x60</size>
         <input_file_ref idref="fl-16"/>
      </object_component>
      <object_component id="oc-71">
         <name>.text</name>
         <load_address>0x1880</load_address>
         <run_address>0x1880</run_address>
         <size>0x60</size>
         <input_file_ref idref="fl-4"/>
      </object_component>
      <object_component id="oc-66">
         <name>.text:__args_main</name>
         <load_address>0x18e0</load_address>
         <run_address>0x18e0</run_address>
         <size>0x40</size>
         <input_file_ref idref="fl-10"/>
      </object_component>
      <object_component id="oc-68">
         <name>.text:__nop</name>
         <load_address>0x1920</load_address>
         <run_address>0x1920</run_address>
         <size>0x20</size>
         <input_file_ref idref="fl-f"/>
      </object_component>
      <object_component id="oc-6f">
         <name>.text:_abort</name>
         <load_address>0x1940</load_address>
         <run_address>0x1940</run_address>
         <size>0x20</size>
         <input_file_ref idref="fl-e"/>
      </object_component>
      <object_component id="oc-5f">
         <name>.text</name>
         <load_address>0x1960</load_address>
         <run_address>0x1960</run_address>
         <size>0x20</size>
         <input_file_ref idref="fl-1c"/>
      </object_component>
      <object_component id="oc-2a">
         <name>.stack</name>
         <uninitialized>true</uninitialized>
         <run_address>0x1980</run_address>
         <size>0x8</size>
         <input_file_ref idref="fl-d"/>
      </object_component>
      <object_component id="oc-89">
         <name>.stack</name>
         <uninitialized>true</uninitialized>
         <run_address>0x1980</run_address>
         <size>0x0</size>
      </object_component>
      <object_component id="oc-49">
         <name>.const</name>
         <load_address>0x23e4</load_address>
         <run_address>0x23e4</run_address>
         <size>0x40</size>
         <input_file_ref idref="fl-15"/>
      </object_component>
      <object_component id="oc-45">
         <name>.const</name>
         <load_address>0x2424</load_address>
         <run_address>0x2424</run_address>
         <size>0x20</size>
         <input_file_ref idref="fl-14"/>
      </object_component>
      <object_component id="oc-25">
         <name>.far</name>
         <uninitialized>true</uninitialized>
         <run_address>0x80000000</run_address>
         <size>0xbb828</size>
         <input_file_ref idref="fl-7"/>
      </object_component>
      <object_component id="oc-2f">
         <name>.far</name>
         <uninitialized>true</uninitialized>
         <run_address>0x800bb99c</run_address>
         <size>0xc</size>
         <input_file_ref idref="fl-e"/>
      </object_component>
      <object_component id="oc-34">
         <name>.far</name>
         <uninitialized>true</uninitialized>
         <run_address>0x800bb9b0</run_address>
         <size>0x8</size>
         <input_file_ref idref="fl-f"/>
      </object_component>
      <object_component id="oc-44">
         <name>.far</name>
         <uninitialized>true</uninitialized>
         <run_address>0x800bb9b8</run_address>
         <size>0x2</size>
         <input_file_ref idref="fl-14"/>
      </object_component>
      <object_component id="oc-48">
         <name>.far</name>
         <uninitialized>true</uninitialized>
         <run_address>0x800bb9a8</run_address>
         <size>0x8</size>
         <input_file_ref idref="fl-15"/>
      </object_component>
      <object_component id="oc-4f">
         <name>.far</name>
         <uninitialized>true</uninitialized>
         <run_address>0x800bb954</run_address>
         <size>0x28</size>
         <input_file_ref idref="fl-17"/>
      </object_component>
      <object_component id="oc-53">
         <name>.far</name>
         <uninitialized>true</uninitialized>
         <run_address>0x800bb97c</run_address>
         <size>0x20</size>
         <input_file_ref idref="fl-18"/>
      </object_component>
      <object_component id="oc-5b">
         <name>.far</name>
         <uninitialized>true</uninitialized>
         <run_address>0x800bb91c</run_address>
         <size>0x38</size>
         <input_file_ref idref="fl-1b"/>
      </object_component>
      <object_component id="oc-61">
         <name>.far</name>
         <uninitialized>true</uninitialized>
         <run_address>0x800bb828</run_address>
         <size>0xf4</size>
         <input_file_ref idref="fl-1c"/>
      </object_component>
      <object_component id="oc-10">
         <name>.debug_info</name>
         <load_address>0x0</load_address>
         <run_address>0x0</run_address>
         <size>0xcc</size>
         <input_file_ref idref="fl-2"/>
      </object_component>
      <object_component id="oc-13">
         <name>.debug_info</name>
         <load_address>0xcc</load_address>
         <run_address>0xcc</run_address>
         <size>0x5d7</size>
         <input_file_ref idref="fl-3"/>
      </object_component>
      <object_component id="oc-17">
         <name>.debug_info</name>
         <load_address>0x6a3</load_address>
         <run_address>0x6a3</run_address>
         <size>0x693</size>
         <input_file_ref idref="fl-4"/>
      </object_component>
      <object_component id="oc-1b">
         <name>.debug_info</name>
         <load_address>0xd36</load_address>
         <run_address>0xd36</run_address>
         <size>0x5d9</size>
         <input_file_ref idref="fl-5"/>
      </object_component>
      <object_component id="oc-1f">
         <name>.debug_info</name>
         <load_address>0x130f</load_address>
         <run_address>0x130f</run_address>
         <size>0x5d7</size>
         <input_file_ref idref="fl-6"/>
      </object_component>
      <object_component id="oc-23">
         <name>.debug_info</name>
         <load_address>0x18e6</load_address>
         <run_address>0x18e6</run_address>
         <size>0xcaa</size>
         <input_file_ref idref="fl-7"/>
      </object_component>
      <object_component id="oc-29">
         <name>.debug_info</name>
         <load_address>0x2590</load_address>
         <run_address>0x2590</run_address>
         <size>0x719</size>
         <input_file_ref idref="fl-d"/>
      </object_component>
      <object_component id="oc-2d">
         <name>.debug_info</name>
         <load_address>0x2ca9</load_address>
         <run_address>0x2ca9</run_address>
         <size>0x899</size>
         <input_file_ref idref="fl-e"/>
      </object_component>
      <object_component id="oc-32">
         <name>.debug_info</name>
         <load_address>0x3542</load_address>
         <run_address>0x3542</run_address>
         <size>0x689</size>
         <input_file_ref idref="fl-f"/>
      </object_component>
      <object_component id="oc-37">
         <name>.debug_info</name>
         <load_address>0x3bcb</load_address>
         <run_address>0x3bcb</run_address>
         <size>0x71e</size>
         <input_file_ref idref="fl-10"/>
      </object_component>
      <object_component id="oc-3a">
         <name>.debug_info</name>
         <load_address>0x42e9</load_address>
         <run_address>0x42e9</run_address>
         <size>0x9a0</size>
         <input_file_ref idref="fl-11"/>
      </object_component>
      <object_component id="oc-3d">
         <name>.debug_info</name>
         <load_address>0x4c89</load_address>
         <run_address>0x4c89</run_address>
         <size>0x848</size>
         <input_file_ref idref="fl-12"/>
      </object_component>
      <object_component id="oc-40">
         <name>.debug_info</name>
         <load_address>0x54d1</load_address>
         <run_address>0x54d1</run_address>
         <size>0x836</size>
         <input_file_ref idref="fl-13"/>
      </object_component>
      <object_component id="oc-57">
         <name>.debug_info</name>
         <load_address>0x5d07</load_address>
         <run_address>0x5d07</run_address>
         <size>0x102</size>
         <input_file_ref idref="fl-1a"/>
      </object_component>
      <object_component id="oc-5d">
         <name>.debug_info</name>
         <load_address>0x5e09</load_address>
         <run_address>0x5e09</run_address>
         <size>0xac3</size>
         <input_file_ref idref="fl-1b"/>
      </object_component>
      <object_component id="oc-63">
         <name>.debug_info</name>
         <load_address>0x68cc</load_address>
         <run_address>0x68cc</run_address>
         <size>0x802</size>
         <input_file_ref idref="fl-1c"/>
      </object_component>
      <object_component id="oc-8a">
         <name>.debug_info</name>
         <load_address>0x70ce</load_address>
         <run_address>0x70ce</run_address>
         <size>0x6d</size>
      </object_component>
      <object_component id="oc-11">
         <name>.debug_line</name>
         <load_address>0x0</load_address>
         <run_address>0x0</run_address>
         <size>0xb9</size>
         <input_file_ref idref="fl-2"/>
      </object_component>
      <object_component id="oc-15">
         <name>.debug_line</name>
         <load_address>0xb9</load_address>
         <run_address>0xb9</run_address>
         <size>0x2b</size>
         <input_file_ref idref="fl-3"/>
      </object_component>
      <object_component id="oc-19">
         <name>.debug_line</name>
         <load_address>0xe4</load_address>
         <run_address>0xe4</run_address>
         <size>0x41</size>
         <input_file_ref idref="fl-4"/>
      </object_component>
      <object_component id="oc-1d">
         <name>.debug_line</name>
         <load_address>0x125</load_address>
         <run_address>0x125</run_address>
         <size>0x2d</size>
         <input_file_ref idref="fl-5"/>
      </object_component>
      <object_component id="oc-21">
         <name>.debug_line</name>
         <load_address>0x152</load_address>
         <run_address>0x152</run_address>
         <size>0x2b</size>
         <input_file_ref idref="fl-6"/>
      </object_component>
      <object_component id="oc-27">
         <name>.debug_line</name>
         <load_address>0x17d</load_address>
         <run_address>0x17d</run_address>
         <size>0xc0</size>
         <input_file_ref idref="fl-7"/>
      </object_component>
      <object_component id="oc-2b">
         <name>.debug_line</name>
         <load_address>0x23d</load_address>
         <run_address>0x23d</run_address>
         <size>0x3f</size>
         <input_file_ref idref="fl-d"/>
      </object_component>
      <object_component id="oc-30">
         <name>.debug_line</name>
         <load_address>0x27c</load_address>
         <run_address>0x27c</run_address>
         <size>0x51</size>
         <input_file_ref idref="fl-e"/>
      </object_component>
      <object_component id="oc-35">
         <name>.debug_line</name>
         <load_address>0x2cd</load_address>
         <run_address>0x2cd</run_address>
         <size>0x3d</size>
         <input_file_ref idref="fl-f"/>
      </object_component>
      <object_component id="oc-38">
         <name>.debug_line</name>
         <load_address>0x30a</load_address>
         <run_address>0x30a</run_address>
         <size>0x48</size>
         <input_file_ref idref="fl-10"/>
      </object_component>
      <object_component id="oc-3b">
         <name>.debug_line</name>
         <load_address>0x352</load_address>
         <run_address>0x352</run_address>
         <size>0x4b</size>
         <input_file_ref idref="fl-11"/>
      </object_component>
      <object_component id="oc-3e">
         <name>.debug_line</name>
         <load_address>0x39d</load_address>
         <run_address>0x39d</run_address>
         <size>0x46</size>
         <input_file_ref idref="fl-12"/>
      </object_component>
      <object_component id="oc-41">
         <name>.debug_line</name>
         <load_address>0x3e3</load_address>
         <run_address>0x3e3</run_address>
         <size>0x4e</size>
         <input_file_ref idref="fl-13"/>
      </object_component>
      <object_component id="oc-58">
         <name>.debug_line</name>
         <load_address>0x431</load_address>
         <run_address>0x431</run_address>
         <size>0x4a</size>
         <input_file_ref idref="fl-1a"/>
      </object_component>
      <object_component id="oc-5e">
         <name>.debug_line</name>
         <load_address>0x47b</load_address>
         <run_address>0x47b</run_address>
         <size>0xbf</size>
         <input_file_ref idref="fl-1b"/>
      </object_component>
      <object_component id="oc-64">
         <name>.debug_line</name>
         <load_address>0x53a</load_address>
         <run_address>0x53a</run_address>
         <size>0x64</size>
         <input_file_ref idref="fl-1c"/>
      </object_component>
      <object_component id="oc-12">
         <name>.debug_abbrev</name>
         <load_address>0x0</load_address>
         <run_address>0x0</run_address>
         <size>0x20</size>
         <input_file_ref idref="fl-2"/>
      </object_component>
      <object_component id="oc-16">
         <name>.debug_abbrev</name>
         <load_address>0x20</load_address>
         <run_address>0x20</run_address>
         <size>0x79</size>
         <input_file_ref idref="fl-3"/>
      </object_component>
      <object_component id="oc-1a">
         <name>.debug_abbrev</name>
         <load_address>0x99</load_address>
         <run_address>0x99</run_address>
         <size>0x87</size>
         <input_file_ref idref="fl-4"/>
      </object_component>
      <object_component id="oc-1e">
         <name>.debug_abbrev</name>
         <load_address>0x120</load_address>
         <run_address>0x120</run_address>
         <size>0x69</size>
         <input_file_ref idref="fl-5"/>
      </object_component>
      <object_component id="oc-22">
         <name>.debug_abbrev</name>
         <load_address>0x189</load_address>
         <run_address>0x189</run_address>
         <size>0x85</size>
         <input_file_ref idref="fl-6"/>
      </object_component>
      <object_component id="oc-28">
         <name>.debug_abbrev</name>
         <load_address>0x20e</load_address>
         <run_address>0x20e</run_address>
         <size>0x16a</size>
         <input_file_ref idref="fl-7"/>
      </object_component>
      <object_component id="oc-2c">
         <name>.debug_abbrev</name>
         <load_address>0x378</load_address>
         <run_address>0x378</run_address>
         <size>0xe7</size>
         <input_file_ref idref="fl-d"/>
      </object_component>
      <object_component id="oc-31">
         <name>.debug_abbrev</name>
         <load_address>0x45f</load_address>
         <run_address>0x45f</run_address>
         <size>0x119</size>
         <input_file_ref idref="fl-e"/>
      </object_component>
      <object_component id="oc-36">
         <name>.debug_abbrev</name>
         <load_address>0x578</load_address>
         <run_address>0x578</run_address>
         <size>0x9f</size>
         <input_file_ref idref="fl-f"/>
      </object_component>
      <object_component id="oc-39">
         <name>.debug_abbrev</name>
         <load_address>0x617</load_address>
         <run_address>0x617</run_address>
         <size>0xe1</size>
         <input_file_ref idref="fl-10"/>
      </object_component>
      <object_component id="oc-3c">
         <name>.debug_abbrev</name>
         <load_address>0x6f8</load_address>
         <run_address>0x6f8</run_address>
         <size>0x155</size>
         <input_file_ref idref="fl-11"/>
      </object_component>
      <object_component id="oc-3f">
         <name>.debug_abbrev</name>
         <load_address>0x84d</load_address>
         <run_address>0x84d</run_address>
         <size>0x10c</size>
         <input_file_ref idref="fl-12"/>
      </object_component>
      <object_component id="oc-42">
         <name>.debug_abbrev</name>
         <load_address>0x959</load_address>
         <run_address>0x959</run_address>
         <size>0xd5</size>
         <input_file_ref idref="fl-13"/>
      </object_component>
      <object_component id="oc-59">
         <name>.debug_abbrev</name>
         <load_address>0xa2e</load_address>
         <run_address>0xa2e</run_address>
         <size>0x3a</size>
         <input_file_ref idref="fl-1a"/>
      </object_component>
      <object_component id="oc-5c">
         <name>.debug_abbrev</name>
         <load_address>0xa68</load_address>
         <run_address>0xa68</run_address>
         <size>0x1a3</size>
         <input_file_ref idref="fl-1b"/>
      </object_component>
      <object_component id="oc-62">
         <name>.debug_abbrev</name>
         <load_address>0xc0b</load_address>
         <run_address>0xc0b</run_address>
         <size>0x1b7</size>
         <input_file_ref idref="fl-1c"/>
      </object_component>
      <object_component id="oc-8b">
         <name>.debug_abbrev</name>
         <load_address>0xdc2</load_address>
         <run_address>0xdc2</run_address>
         <size>0xd</size>
      </object_component>
      <object_component id="oc-14">
         <name>.debug_frame</name>
         <load_address>0x0</load_address>
         <run_address>0x0</run_address>
         <size>0x23f</size>
         <input_file_ref idref="fl-3"/>
      </object_component>
      <object_component id="oc-18">
         <name>.debug_frame</name>
         <load_address>0x23f</load_address>
         <run_address>0x23f</run_address>
         <size>0x25a</size>
         <input_file_ref idref="fl-4"/>
      </object_component>
      <object_component id="oc-1c">
         <name>.debug_frame</name>
         <load_address>0x499</load_address>
         <run_address>0x499</run_address>
         <size>0x23f</size>
         <input_file_ref idref="fl-5"/>
      </object_component>
      <object_component id="oc-20">
         <name>.debug_frame</name>
         <load_address>0x6d8</load_address>
         <run_address>0x6d8</run_address>
         <size>0x23f</size>
         <input_file_ref idref="fl-6"/>
      </object_component>
      <object_component id="oc-26">
         <name>.debug_frame</name>
         <load_address>0x917</load_address>
         <run_address>0x917</run_address>
         <size>0x2b0</size>
         <input_file_ref idref="fl-7"/>
      </object_component>
      <object_component id="oc-46">
         <name>$BRID</name>
         <load_address>0x0</load_address>
         <run_address>0x0</run_address>
         <size>0x54</size>
         <input_file_ref idref="fl-14"/>
      </object_component>
      <object_component id="oc-4a">
         <name>$BRID</name>
         <load_address>0x54</load_address>
         <run_address>0x54</run_address>
         <size>0x24</size>
         <input_file_ref idref="fl-15"/>
      </object_component>
      <object_component id="oc-4c">
         <name>$BRID</name>
         <load_address>0x78</load_address>
         <run_address>0x78</run_address>
         <size>0x4</size>
         <input_file_ref idref="fl-16"/>
      </object_component>
      <object_component id="oc-50">
         <name>$BRID</name>
         <load_address>0x7c</load_address>
         <run_address>0x7c</run_address>
         <size>0x14</size>
         <input_file_ref idref="fl-17"/>
      </object_component>
      <object_component id="oc-54">
         <name>$BRID</name>
         <load_address>0x90</load_address>
         <run_address>0x90</run_address>
         <size>0xc</size>
         <input_file_ref idref="fl-18"/>
      </object_component>
      <object_component id="oc-56">
         <name>$BRID</name>
         <load_address>0x9c</load_address>
         <run_address>0x9c</run_address>
         <size>0x4</size>
         <input_file_ref idref="fl-19"/>
      </object_component>
   </object_component_list>
   <logical_group_list>
      <logical_group id="lg-2">
         <name>vectors</name>
         <load_address>0x0</load_address>
         <run_address>0x0</run_address>
         <size>0x200</size>
         <contents>
            <object_component_ref idref="oc-f"/>
         </contents>
      </logical_group>
      <logical_group id="lg-3">
         <name>.cinit</name>
         <load_address>0x2180</load_address>
         <run_address>0x2180</run_address>
         <size>0x264</size>
         <contents>
            <object_component_ref idref="oc-60"/>
            <object_component_ref idref="oc-5a"/>
            <object_component_ref idref="oc-24"/>
            <object_component_ref idref="oc-4e"/>
            <object_component_ref idref="oc-2e"/>
            <object_component_ref idref="oc-52"/>
            <object_component_ref idref="oc-33"/>
         </contents>
      </logical_group>
      <logical_group id="lg-4">
         <name>.text</name>
         <load_address>0x220</load_address>
         <run_address>0x220</run_address>
         <size>0x1760</size>
         <contents>
            <object_component_ref idref="oc-43"/>
            <object_component_ref idref="oc-47"/>
            <object_component_ref idref="oc-6d"/>
            <object_component_ref idref="oc-6e"/>
            <object_component_ref idref="oc-70"/>
            <object_component_ref idref="oc-65"/>
            <object_component_ref idref="oc-4d"/>
            <object_component_ref idref="oc-67"/>
            <object_component_ref idref="oc-6a"/>
            <object_component_ref idref="oc-6b"/>
            <object_component_ref idref="oc-69"/>
            <object_component_ref idref="oc-6c"/>
            <object_component_ref idref="oc-51"/>
            <object_component_ref idref="oc-e"/>
            <object_component_ref idref="oc-55"/>
            <object_component_ref idref="oc-4b"/>
            <object_component_ref idref="oc-71"/>
            <object_component_ref idref="oc-66"/>
            <object_component_ref idref="oc-68"/>
            <object_component_ref idref="oc-6f"/>
            <object_component_ref idref="oc-5f"/>
         </contents>
      </logical_group>
      <logical_group id="lg-5">
         <name>.stack</name>
         <run_address>0x1980</run_address>
         <size>0x800</size>
         <contents>
            <object_component_ref idref="oc-2a"/>
            <object_component_ref idref="oc-89"/>
         </contents>
      </logical_group>
      <logical_group id="lg-6">
         <name>.bss</name>
         <run_address>0x220</run_address>
         <size>0x0</size>
         <contents>
         </contents>
      </logical_group>
      <logical_group id="lg-7">
         <name>.const</name>
         <load_address>0x23e4</load_address>
         <run_address>0x23e4</run_address>
         <size>0x60</size>
         <contents>
            <object_component_ref idref="oc-49"/>
            <object_component_ref idref="oc-45"/>
         </contents>
      </logical_group>
      <logical_group id="lg-8">
         <name>.data</name>
         <run_address>0x220</run_address>
         <size>0x0</size>
         <contents>
         </contents>
      </logical_group>
      <logical_group id="lg-9">
         <name>.far</name>
         <run_address>0x80000000</run_address>
         <size>0xbb9ba</size>
         <contents>
            <object_component_ref idref="oc-25"/>
            <object_component_ref idref="oc-2f"/>
            <object_component_ref idref="oc-34"/>
            <object_component_ref idref="oc-44"/>
            <object_component_ref idref="oc-48"/>
            <object_component_ref idref="oc-4f"/>
            <object_component_ref idref="oc-53"/>
            <object_component_ref idref="oc-5b"/>
            <object_component_ref idref="oc-61"/>
         </contents>
      </logical_group>
      <logical_group id="lg-a">
         <name>.switch</name>
         <run_address>0x0</run_address>
         <size>0x0</size>
         <contents>
         </contents>
      </logical_group>
      <logical_group id="lg-b">
         <name>.sysmem</name>
         <run_address>0x0</run_address>
         <size>0x0</size>
         <contents>
         </contents>
      </logical_group>
      <logical_group id="lg-c">
         <name>.tables</name>
         <run_address>0x0</run_address>
         <size>0x0</size>
         <contents>
         </contents>
      </logical_group>
      <logical_group id="lg-d">
         <name>.cio</name>
         <run_address>0x0</run_address>
         <size>0x0</size>
         <contents>
         </contents>
      </logical_group>
      <logical_group id="lg-7e">
         <name>.debug_info</name>
         <load_address>0x0</load_address>
         <run_address>0x0</run_address>
         <size>0x713b</size>
         <contents>
            <object_component_ref idref="oc-10"/>
            <object_component_ref idref="oc-13"/>
            <object_component_ref idref="oc-17"/>
            <object_component_ref idref="oc-1b"/>
            <object_component_ref idref="oc-1f"/>
            <object_component_ref idref="oc-23"/>
            <object_component_ref idref="oc-29"/>
            <object_component_ref idref="oc-2d"/>
            <object_component_ref idref="oc-32"/>
            <object_component_ref idref="oc-37"/>
            <object_component_ref idref="oc-3a"/>
            <object_component_ref idref="oc-3d"/>
            <object_component_ref idref="oc-40"/>
            <object_component_ref idref="oc-57"/>
            <object_component_ref idref="oc-5d"/>
            <object_component_ref idref="oc-63"/>
            <object_component_ref idref="oc-8a"/>
         </contents>
      </logical_group>
      <logical_group id="lg-80">
         <name>.debug_line</name>
         <load_address>0x0</load_address>
         <run_address>0x0</run_address>
         <size>0x59e</size>
         <contents>
            <object_component_ref idref="oc-11"/>
            <object_component_ref idref="oc-15"/>
            <object_component_ref idref="oc-19"/>
            <object_component_ref idref="oc-1d"/>
            <object_component_ref idref="oc-21"/>
            <object_component_ref idref="oc-27"/>
            <object_component_ref idref="oc-2b"/>
            <object_component_ref idref="oc-30"/>
            <object_component_ref idref="oc-35"/>
            <object_component_ref idref="oc-38"/>
            <object_component_ref idref="oc-3b"/>
            <object_component_ref idref="oc-3e"/>
            <object_component_ref idref="oc-41"/>
            <object_component_ref idref="oc-58"/>
            <object_component_ref idref="oc-5e"/>
            <object_component_ref idref="oc-64"/>
         </contents>
      </logical_group>
      <logical_group id="lg-82">
         <name>.debug_abbrev</name>
         <load_address>0x0</load_address>
         <run_address>0x0</run_address>
         <size>0xdcf</size>
         <contents>
            <object_component_ref idref="oc-12"/>
            <object_component_ref idref="oc-16"/>
            <object_component_ref idref="oc-1a"/>
            <object_component_ref idref="oc-1e"/>
            <object_component_ref idref="oc-22"/>
            <object_component_ref idref="oc-28"/>
            <object_component_ref idref="oc-2c"/>
            <object_component_ref idref="oc-31"/>
            <object_component_ref idref="oc-36"/>
            <object_component_ref idref="oc-39"/>
            <object_component_ref idref="oc-3c"/>
            <object_component_ref idref="oc-3f"/>
            <object_component_ref idref="oc-42"/>
            <object_component_ref idref="oc-59"/>
            <object_component_ref idref="oc-5c"/>
            <object_component_ref idref="oc-62"/>
            <object_component_ref idref="oc-8b"/>
         </contents>
      </logical_group>
      <logical_group id="lg-84">
         <name>.debug_frame</name>
         <load_address>0x0</load_address>
         <run_address>0x0</run_address>
         <size>0xbc7</size>
         <contents>
            <object_component_ref idref="oc-14"/>
            <object_component_ref idref="oc-18"/>
            <object_component_ref idref="oc-1c"/>
            <object_component_ref idref="oc-20"/>
            <object_component_ref idref="oc-26"/>
         </contents>
      </logical_group>
      <logical_group id="lg-86">
         <name>$BRID</name>
         <load_address>0x0</load_address>
         <run_address>0x0</run_address>
         <size>0xa0</size>
         <contents>
            <object_component_ref idref="oc-46"/>
            <object_component_ref idref="oc-4a"/>
            <object_component_ref idref="oc-4c"/>
            <object_component_ref idref="oc-50"/>
            <object_component_ref idref="oc-54"/>
            <object_component_ref idref="oc-56"/>
         </contents>
      </logical_group>
   </logical_group_list>
   <placement_map>
      <memory_area>
         <name>vecs</name>
         <page_id>0x0</page_id>
         <origin>0x0</origin>
         <length>0x220</length>
         <used_space>0x200</used_space>
         <unused_space>0x20</unused_space>
         <attributes>RWIX</attributes>
         <usage_details>
            <allocated_space>
               <start_address>0x0</start_address>
               <size>0x200</size>
               <logical_group_ref idref="lg-2"/>
            </allocated_space>
            <available_space>
               <start_address>0x200</start_address>
               <size>0x20</size>
            </available_space>
         </usage_details>
      </memory_area>
      <memory_area>
         <name>IRAM</name>
         <page_id>0x0</page_id>
         <origin>0x220</origin>
         <length>0xffe0</length>
         <used_space>0x2224</used_space>
         <unused_space>0xddbc</unused_space>
         <attributes>RWIX</attributes>
         <usage_details>
            <allocated_space>
               <start_address>0x220</start_address>
               <size>0x0</size>
               <logical_group_ref idref="lg-8"/>
            </allocated_space>
            <allocated_space>
               <start_address>0x220</start_address>
               <size>0x0</size>
               <logical_group_ref idref="lg-6"/>
            </allocated_space>
            <allocated_space>
               <start_address>0x220</start_address>
               <size>0x1760</size>
               <logical_group_ref idref="lg-4"/>
            </allocated_space>
            <allocated_space>
               <start_address>0x1980</start_address>
               <size>0x800</size>
               <logical_group_ref idref="lg-5"/>
            </allocated_space>
            <allocated_space>
               <start_address>0x2180</start_address>
               <size>0x264</size>
               <logical_group_ref idref="lg-3"/>
            </allocated_space>
            <allocated_space>
               <start_address>0x23e4</start_address>
               <size>0x60</size>
               <logical_group_ref idref="lg-7"/>
            </allocated_space>
            <available_space>
               <start_address>0x2444</start_address>
               <size>0xddbc</size>
            </available_space>
         </usage_details>
      </memory_area>
      <memory_area>
         <name>CE0</name>
         <page_id>0x0</page_id>
         <origin>0x80000000</origin>
         <length>0x1000000</length>
         <used_space>0xbb9ba</used_space>
         <unused_space>0xf44646</unused_space>
         <attributes>RWIX</attributes>
         <usage_details>
            <allocated_space>
               <start_address>0x80000000</start_address>
               <size>0xbb9ba</size>
               <logical_group_ref idref="lg-9"/>
            </allocated_space>
            <available_space>
               <start_address>0x800bb9ba</start_address>
               <size>0xf44646</size>
            </available_space>
         </usage_details>
      </memory_area>
   </placement_map>
   <symbol_table>
      <symbol id="sm-0">
         <name>cinit</name>
         <value>0x2180</value>
      </symbol>
      <symbol id="sm-1">
         <name>___cinit__</name>
         <value>0x2180</value>
      </symbol>
      <symbol id="sm-2">
         <name>pinit</name>
         <value>0xffffffff</value>
      </symbol>
      <symbol id="sm-3">
         <name>___pinit__</name>
         <value>0xffffffff</value>
      </symbol>
      <symbol id="sm-4">
         <name>binit</name>
         <value>0xffffffff</value>
      </symbol>
      <symbol id="sm-5">
         <name>___binit__</name>
         <value>0xffffffff</value>
      </symbol>
      <symbol id="sm-6">
         <name>__STACK_SIZE</name>
         <value>0x800</value>
      </symbol>
      <symbol id="sm-7">
         <name>__STACK_END</name>
         <value>0x2180</value>
      </symbol>
      <symbol id="sm-8">
         <name>___c_args__</name>
         <value>0xffffffff</value>
      </symbol>
      <symbol id="sm-9">
         <name>.text</name>
         <value>0x220</value>
      </symbol>
      <symbol id="sm-a">
         <name>___text__</name>
         <value>0x220</value>
      </symbol>
      <symbol id="sm-b">
         <name>etext</name>
         <value>0x1980</value>
      </symbol>
      <symbol id="sm-c">
         <name>___etext__</name>
         <value>0x1980</value>
      </symbol>
      <symbol id="sm-d">
         <name>.data</name>
         <value>0x220</value>
      </symbol>
      <symbol id="sm-e">
         <name>___data__</name>
         <value>0x220</value>
      </symbol>
      <symbol id="sm-f">
         <name>edata</name>
         <value>0x220</value>
      </symbol>
      <symbol id="sm-10">
         <name>___edata__</name>
         <value>0x220</value>
      </symbol>
      <symbol id="sm-11">
         <name>.bss</name>
         <value>0x220</value>
      </symbol>
      <symbol id="sm-12">
         <name>___bss__</name>
         <value>0x220</value>
      </symbol>
      <symbol id="sm-13">
         <name>end</name>
         <value>0x220</value>
      </symbol>
      <symbol id="sm-14">
         <name>___end__</name>
         <value>0x220</value>
      </symbol>
      <symbol id="sm-15">
         <name>___TI_pprof_out_hndl</name>
         <value>0xffffffff</value>
      </symbol>
      <symbol id="sm-16">
         <name>___TI_prof_data_start</name>
         <value>0xffffffff</value>
      </symbol>
      <symbol id="sm-17">
         <name>___TI_prof_data_size</name>
         <value>0xffffffff</value>
      </symbol>
      <symbol id="sm-18">
         <name>$bss</name>
         <value>0x220</value>
      </symbol>
      <symbol id="sm-62">
         <name>_stereo_to_mono</name>
         <value>0x1880</value>
         <object_component_ref idref="oc-71"/>
      </symbol>
      <symbol id="sm-95">
         <name>_main</name>
         <value>0xbe0</value>
         <object_component_ref idref="oc-6e"/>
      </symbol>
      <symbol id="sm-96">
         <name>_get_delay_time</name>
         <value>0xbc0</value>
         <object_component_ref idref="oc-6e"/>
      </symbol>
      <symbol id="sm-97">
         <name>_delay_array_clear</name>
         <value>0xbd0</value>
         <object_component_ref idref="oc-6e"/>
      </symbol>
      <symbol id="sm-98">
         <name>_delay_array</name>
         <value>0x80000028</value>
         <object_component_ref idref="oc-25"/>
      </symbol>
      <symbol id="sm-99">
         <name>_config</name>
         <value>0x80000000</value>
         <object_component_ref idref="oc-25"/>
      </symbol>
      <symbol id="sm-9a">
         <name>_delayed_input</name>
         <value>0xbc8</value>
         <object_component_ref idref="oc-6e"/>
      </symbol>
      <symbol id="sm-9b">
         <name>_switch_status_display</name>
         <value>0xbd8</value>
         <object_component_ref idref="oc-6e"/>
      </symbol>
      <symbol id="sm-a7">
         <name>_c_int00</name>
         <value>0x1720</value>
         <object_component_ref idref="oc-e"/>
      </symbol>
      <symbol id="sm-a8">
         <name>__stack</name>
         <value>0x1980</value>
         <object_component_ref idref="oc-2a"/>
      </symbol>
      <symbol id="sm-b8">
         <name>C$$EXIT</name>
         <value>0x1940</value>
         <object_component_ref idref="oc-6f"/>
      </symbol>
      <symbol id="sm-b9">
         <name>_exit</name>
         <value>0x11a0</value>
         <object_component_ref idref="oc-67"/>
      </symbol>
      <symbol id="sm-ba">
         <name>___TI_enable_exit_profile_output</name>
         <value>0x800bb9a4</value>
         <object_component_ref idref="oc-2f"/>
      </symbol>
      <symbol id="sm-bb">
         <name>_abort</name>
         <value>0x1940</value>
         <object_component_ref idref="oc-6f"/>
      </symbol>
      <symbol id="sm-bc">
         <name>__cleanup_ptr</name>
         <value>0x800bb99c</value>
         <object_component_ref idref="oc-2f"/>
      </symbol>
      <symbol id="sm-bd">
         <name>__dtors_ptr</name>
         <value>0x800bb9a0</value>
         <object_component_ref idref="oc-2f"/>
      </symbol>
      <symbol id="sm-cb">
         <name>__unlock</name>
         <value>0x800bb9b4</value>
         <object_component_ref idref="oc-34"/>
      </symbol>
      <symbol id="sm-cc">
         <name>__lock</name>
         <value>0x800bb9b0</value>
         <object_component_ref idref="oc-34"/>
      </symbol>
      <symbol id="sm-cd">
         <name>__nop</name>
         <value>0x1920</value>
         <object_component_ref idref="oc-68"/>
      </symbol>
      <symbol id="sm-d7">
         <name>__args_main</name>
         <value>0x18e0</value>
         <object_component_ref idref="oc-66"/>
      </symbol>
      <symbol id="sm-d8">
         <name>__TI_args_main</name>
         <value>0x1</value>
      </symbol>
      <symbol id="sm-e2">
         <name>__auto_init</name>
         <value>0xf00</value>
         <object_component_ref idref="oc-65"/>
      </symbol>
      <symbol id="sm-ec">
         <name>_copy_in</name>
         <value>0x15a0</value>
         <object_component_ref idref="oc-6c"/>
      </symbol>
      <symbol id="sm-f6">
         <name>_memcpy</name>
         <value>0x980</value>
         <object_component_ref idref="oc-6d"/>
      </symbol>
      <symbol id="sm-100">
         <name>_DSK6713_init</name>
         <value>0x250</value>
         <object_component_ref idref="oc-43"/>
      </symbol>
      <symbol id="sm-101">
         <name>_DSK6713_version</name>
         <value>0x800bb9b8</value>
         <object_component_ref idref="oc-44"/>
      </symbol>
      <symbol id="sm-102">
         <name>_DSK6713_rget</name>
         <value>0x550</value>
         <object_component_ref idref="oc-43"/>
      </symbol>
      <symbol id="sm-103">
         <name>_DSK6713_wait</name>
         <value>0x578</value>
         <object_component_ref idref="oc-43"/>
      </symbol>
      <symbol id="sm-104">
         <name>_DSK6713_rset</name>
         <value>0x564</value>
         <object_component_ref idref="oc-43"/>
      </symbol>
      <symbol id="sm-105">
         <name>_DSK6713_waitusec</name>
         <value>0x5cc</value>
         <object_component_ref idref="oc-43"/>
      </symbol>
      <symbol id="sm-106">
         <name>_DSK6713_getVersion</name>
         <value>0x5f8</value>
         <object_component_ref idref="oc-43"/>
      </symbol>
      <symbol id="sm-110">
         <name>_DSK6713_AIC23_codeccontrolhandle</name>
         <value>0x800bb9a8</value>
         <object_component_ref idref="oc-48"/>
      </symbol>
      <symbol id="sm-111">
         <name>_DSK6713_AIC23_codecdatahandle</name>
         <value>0x800bb9ac</value>
         <object_component_ref idref="oc-48"/>
      </symbol>
      <symbol id="sm-112">
         <name>_DSK6713_AIC23_openCodec</name>
         <value>0x680</value>
         <object_component_ref idref="oc-47"/>
      </symbol>
      <symbol id="sm-118">
         <name>_DSK6713_AIC23_read</name>
         <value>0x1820</value>
         <object_component_ref idref="oc-4b"/>
      </symbol>
      <symbol id="sm-122">
         <name>_DSK6713_AIC23_config</name>
         <value>0x1120</value>
         <object_component_ref idref="oc-4d"/>
      </symbol>
      <symbol id="sm-123">
         <name>_DSK6713_AIC23_rget</name>
         <value>0x10fc</value>
         <object_component_ref idref="oc-4d"/>
      </symbol>
      <symbol id="sm-124">
         <name>_DSK6713_AIC23_rset</name>
         <value>0x1060</value>
         <object_component_ref idref="oc-4d"/>
      </symbol>
      <symbol id="sm-12e">
         <name>_DSK6713_AIC23_setFreq</name>
         <value>0x1660</value>
         <object_component_ref idref="oc-51"/>
      </symbol>
      <symbol id="sm-134">
         <name>_DSK6713_AIC23_write</name>
         <value>0x17a0</value>
         <object_component_ref idref="oc-55"/>
      </symbol>
      <symbol id="sm-13c">
         <name>__strasg</name>
         <value>0x14c0</value>
         <object_component_ref idref="oc-69"/>
      </symbol>
      <symbol id="sm-14e">
         <name>_MCBSP_reset</name>
         <value>0xd60</value>
         <object_component_ref idref="oc-70"/>
      </symbol>
      <symbol id="sm-14f">
         <name>_MCBSP_open</name>
         <value>0x12c0</value>
         <object_component_ref idref="oc-6a"/>
      </symbol>
      <symbol id="sm-150">
         <name>__MCBSP_hDev0</name>
         <value>0x800bb94c</value>
         <object_component_ref idref="oc-5b"/>
      </symbol>
      <symbol id="sm-151">
         <name>__MCBSP_hDev1</name>
         <value>0x800bb950</value>
         <object_component_ref idref="oc-5b"/>
      </symbol>
      <symbol id="sm-152">
         <name>_MCBSP_start</name>
         <value>0x13c0</value>
         <object_component_ref idref="oc-6b"/>
      </symbol>
      <symbol id="sm-160">
         <name>__IRQ_eventTable</name>
         <value>0x800bb850</value>
         <object_component_ref idref="oc-61"/>
      </symbol>
      <symbol id="sm-161">
         <name>__IRQ_intTable</name>
         <value>0x800bb8d4</value>
         <object_component_ref idref="oc-61"/>
      </symbol>
      <symbol id="sm-162">
         <name>__IRQ_dispatchTable</name>
         <value>0x800bb914</value>
         <object_component_ref idref="oc-61"/>
      </symbol>
      <symbol id="sm-163">
         <name>__IRQ_hookFetchPacket</name>
         <value>0x1960</value>
         <object_component_ref idref="oc-5f"/>
      </symbol>
   </symbol_table>
</link_info>
